Component: ARM Compiler 5.06 update 7 (build 960) Tool: armlink [4d3601]

==============================================================================

Section Cross References

    startup_gd32f450_470.o(RESET) refers to startup_gd32f450_470.o(STACK) for __initial_sp
    startup_gd32f450_470.o(RESET) refers to startup_gd32f450_470.o(.text) for Reset_Handler
    startup_gd32f450_470.o(RESET) refers to gd32f4xx_it.o(i.NMI_Handler) for NMI_Handler
    startup_gd32f450_470.o(RESET) refers to gd32f4xx_it.o(i.HardFault_Handler) for HardFault_Handler
    startup_gd32f450_470.o(RESET) refers to gd32f4xx_it.o(i.MemManage_Handler) for MemManage_Handler
    startup_gd32f450_470.o(RESET) refers to gd32f4xx_it.o(i.BusFault_Handler) for BusFault_Handler
    startup_gd32f450_470.o(RESET) refers to gd32f4xx_it.o(i.UsageFault_Handler) for UsageFault_Handler
    startup_gd32f450_470.o(RESET) refers to gd32f4xx_it.o(i.SVC_Handler) for SVC_Handler
    startup_gd32f450_470.o(RESET) refers to gd32f4xx_it.o(i.DebugMon_Handler) for DebugMon_Handler
    startup_gd32f450_470.o(RESET) refers to gd32f4xx_it.o(i.PendSV_Handler) for PendSV_Handler
    startup_gd32f450_470.o(RESET) refers to gd32f4xx_it.o(i.SysTick_Handler) for SysTick_Handler
    startup_gd32f450_470.o(RESET) refers to bsp_key.o(i.EXTI0_IRQHandler) for EXTI0_IRQHandler
    startup_gd32f450_470.o(RESET) refers to bsp_key.o(i.EXTI1_IRQHandler) for EXTI1_IRQHandler
    startup_gd32f450_470.o(RESET) refers to bsp_key.o(i.EXTI3_IRQHandler) for EXTI3_IRQHandler
    startup_gd32f450_470.o(RESET) refers to bsp_key.o(i.EXTI4_IRQHandler) for EXTI4_IRQHandler
    startup_gd32f450_470.o(RESET) refers to bsp_key.o(i.EXTI5_9_IRQHandler) for EXTI5_9_IRQHandler
    startup_gd32f450_470.o(RESET) refers to bsp_general_timer.o(i.TIMER0_UP_TIMER9_IRQHandler) for TIMER0_UP_TIMER9_IRQHandler
    startup_gd32f450_470.o(RESET) refers to bsp_debug.o(i.USART0_IRQHandler) for USART0_IRQHandler
    startup_gd32f450_470.o(RESET) refers to bsp_rs485.o(i.USART1_IRQHandler) for USART1_IRQHandler
    startup_gd32f450_470.o(RESET) refers to appupgrade_usart.o(i.USART2_IRQHandler) for USART2_IRQHandler
    startup_gd32f450_470.o(RESET) refers to bsp_rtc.o(i.RTC_Alarm_IRQHandler) for RTC_Alarm_IRQHandler
    startup_gd32f450_470.o(RESET) refers to bsp_general_timer.o(i.TIMER7_UP_TIMER12_IRQHandler) for TIMER7_UP_TIMER12_IRQHandler
    startup_gd32f450_470.o(RESET) refers to gd32f4xx_it.o(i.SDIO_IRQHandler) for SDIO_IRQHandler
    startup_gd32f450_470.o(RESET) refers to bsp_key.o(i.TIMER5_DAC_IRQHandler) for TIMER5_DAC_IRQHandler
    startup_gd32f450_470.o(RESET) refers to bsp_rs485.o(i.TIMER6_IRQHandler) for TIMER6_IRQHandler
    startup_gd32f450_470.o(.text) refers to system_gd32f4xx.o(i.SystemInit) for SystemInit
    startup_gd32f450_470.o(.text) refers to entry.o(.ARM.Collect$$$$00000000) for __main
    system_gd32f4xx.o(i.SystemCoreClockUpdate) refers to system_gd32f4xx.o(.data) for SystemCoreClock
    system_gd32f4xx.o(i.SystemInit) refers to system_gd32f4xx.o(i.system_clock_config) for system_clock_config
    system_gd32f4xx.o(i.system_clock_config) refers to system_gd32f4xx.o(i.system_clock_168m_25m_hxtal) for system_clock_168m_25m_hxtal
    gd32f4xx_adc.o(i.adc_deinit) refers to gd32f4xx_rcu.o(i.rcu_periph_reset_enable) for rcu_periph_reset_enable
    gd32f4xx_adc.o(i.adc_deinit) refers to gd32f4xx_rcu.o(i.rcu_periph_reset_disable) for rcu_periph_reset_disable
    gd32f4xx_can.o(i.can_debug_freeze_disable) refers to gd32f4xx_dbg.o(i.dbg_periph_disable) for dbg_periph_disable
    gd32f4xx_can.o(i.can_debug_freeze_enable) refers to gd32f4xx_dbg.o(i.dbg_periph_enable) for dbg_periph_enable
    gd32f4xx_can.o(i.can_deinit) refers to gd32f4xx_rcu.o(i.rcu_periph_reset_enable) for rcu_periph_reset_enable
    gd32f4xx_can.o(i.can_deinit) refers to gd32f4xx_rcu.o(i.rcu_periph_reset_disable) for rcu_periph_reset_disable
    gd32f4xx_can.o(i.can_interrupt_flag_get) refers to gd32f4xx_can.o(i.can_receive_message_length_get) for can_receive_message_length_get
    gd32f4xx_can.o(i.can_interrupt_flag_get) refers to gd32f4xx_can.o(i.can_error_get) for can_error_get
    gd32f4xx_ctc.o(i.ctc_deinit) refers to gd32f4xx_rcu.o(i.rcu_periph_reset_enable) for rcu_periph_reset_enable
    gd32f4xx_ctc.o(i.ctc_deinit) refers to gd32f4xx_rcu.o(i.rcu_periph_reset_disable) for rcu_periph_reset_disable
    gd32f4xx_dac.o(i.dac_deinit) refers to gd32f4xx_rcu.o(i.rcu_periph_reset_enable) for rcu_periph_reset_enable
    gd32f4xx_dac.o(i.dac_deinit) refers to gd32f4xx_rcu.o(i.rcu_periph_reset_disable) for rcu_periph_reset_disable
    gd32f4xx_dci.o(i.dci_deinit) refers to gd32f4xx_rcu.o(i.rcu_periph_reset_enable) for rcu_periph_reset_enable
    gd32f4xx_dci.o(i.dci_deinit) refers to gd32f4xx_rcu.o(i.rcu_periph_reset_disable) for rcu_periph_reset_disable
    gd32f4xx_enet.o(i.enet_deinit) refers to gd32f4xx_rcu.o(i.rcu_periph_reset_enable) for rcu_periph_reset_enable
[...]
    delay_us                                 0x080175a9   Thumb Code    32  bsp_gd30ad3344.o(i.delay_us)
    disk_initialize                          0x08017847   Thumb Code   134  diskio.o(i.disk_initialize)
    disk_ioctl                               0x080178cd   Thumb Code    66  diskio.o(i.disk_ioctl)
    disk_read                                0x0801790f   Thumb Code    80  diskio.o(i.disk_read)
    disk_status                              0x0801795f   Thumb Code    12  diskio.o(i.disk_status)
    disk_write                               0x0801796b   Thumb Code    80  diskio.o(i.disk_write)
    dma_channel_disable                      0x080179bb   Thumb Code    32  gd32f4xx_dma.o(i.dma_channel_disable)
    dma_channel_enable                       0x080179db   Thumb Code    32  gd32f4xx_dma.o(i.dma_channel_enable)
    dma_channel_subperipheral_select         0x080179fb   Thumb Code    38  gd32f4xx_dma.o(i.dma_channel_subperipheral_select)
    dma_deinit                               0x08017a21   Thumb Code   166  gd32f4xx_dma.o(i.dma_deinit)
    dma_flag_clear                           0x08017ac7   Thumb Code    62  gd32f4xx_dma.o(i.dma_flag_clear)
    dma_flag_get                             0x08017b05   Thumb Code    76  gd32f4xx_dma.o(i.dma_flag_get)
    dma_flow_controller_config               0x08017b51   Thumb Code    64  gd32f4xx_dma.o(i.dma_flow_controller_config)
    dma_multi_data_mode_init                 0x08017b91   Thumb Code   352  gd32f4xx_dma.o(i.dma_multi_data_mode_init)
    dma_multi_data_para_struct_init          0x08017cf5   Thumb Code    40  gd32f4xx_dma.o(i.dma_multi_data_para_struct_init)
    eMBFuncReadCoils                         0x08017e85   Thumb Code   174  mbfunccoils.o(i.eMBFuncReadCoils)
    eMBFuncReadDiscreteInputs                0x08017f33   Thumb Code   172  mbfuncdisc.o(i.eMBFuncReadDiscreteInputs)
    eMBFuncReadHoldingRegister               0x08017fdf   Thumb Code   140  mbfuncholding.o(i.eMBFuncReadHoldingRegister)
    eMBFuncReadInputRegister                 0x0801806b   Thumb Code   140  mbfuncinput.o(i.eMBFuncReadInputRegister)
    eMBFuncReadWriteMultipleHoldingRegister  0x080180f7   Thumb Code   212  mbfuncholding.o(i.eMBFuncReadWriteMultipleHoldingRegister)
    eMBFuncReportSlaveID                     0x080181cd   Thumb Code    30  mbfuncother.o(i.eMBFuncReportSlaveID)
    eMBFuncWriteCoil                         0x080181f5   Thumb Code   112  mbfunccoils.o(i.eMBFuncWriteCoil)
    eMBFuncWriteHoldingRegister              0x08018265   Thumb Code    66  mbfuncholding.o(i.eMBFuncWriteHoldingRegister)
    eMBFuncWriteMultipleCoils                0x080182a7   Thumb Code   144  mbfunccoils.o(i.eMBFuncWriteMultipleCoils)
    eMBFuncWriteMultipleHoldingRegister      0x08018337   Thumb Code   110  mbfuncholding.o(i.eMBFuncWriteMultipleHoldingRegister)
    eMBRegCoilsCB                            0x080183a5   Thumb Code   160  port.o(i.eMBRegCoilsCB)
    eMBRegDiscreteCB                         0x08018449   Thumb Code   104  port.o(i.eMBRegDiscreteCB)
    eMBRegHoldingCB                          0x080184b5   Thumb Code   122  port.o(i.eMBRegHoldingCB)
    eMBRegInputCB                            0x08018535   Thumb Code    82  port.o(i.eMBRegInputCB)
    eMBSetSlaveID                            0x0801858d   Thumb Code   110  mbfuncother.o(i.eMBSetSlaveID)
    exti_init                                0x08018605   Thumb Code   184  gd32f4xx_exti.o(i.exti_init)
    exti_interrupt_enable                    0x080186c1   Thumb Code    12  gd32f4xx_exti.o(i.exti_interrupt_enable)
    exti_interrupt_flag_clear                0x080186d1   Thumb Code     6  gd32f4xx_exti.o(i.exti_interrupt_flag_clear)
    exti_interrupt_flag_get                  0x080186dd   Thumb Code    18  gd32f4xx_exti.o(i.exti_interrupt_flag_get)
    f_close                                  0x080186f5   Thumb Code    22  ff.o(i.f_close)
    f_lseek                                  0x0801870b   Thumb Code   432  ff.o(i.f_lseek)
    f_mkdir                                  0x080188bb   Thumb Code   384  ff.o(i.f_mkdir)
    f_mount                                  0x08018a3d   Thumb Code    38  ff.o(i.f_mount)
    f_open                                   0x08018a69   Thumb Code   364  ff.o(i.f_open)
    f_sync                                   0x08018bd5   Thumb Code   184  ff.o(i.f_sync)
    f_write                                  0x08018c8d   Thumb Code   526  ff.o(i.f_write)
    float_to_big_endian_bytes                0x08018eb5   Thumb Code    32  general_protocol.o(i.float_to_big_endian_bytes)
    fmc_byte_program                         0x08018ed5   Thumb Code    76  gd32f4xx_fmc.o(i.fmc_byte_program)
    fmc_flag_clear                           0x08018f25   Thumb Code     6  gd32f4xx_fmc.o(i.fmc_flag_clear)
    fmc_flag_get                             0x08018f31   Thumb Code    18  gd32f4xx_fmc.o(i.fmc_flag_get)
    fmc_lock                                 0x08018f49   Thumb Code    14  gd32f4xx_fmc.o(i.fmc_lock)
    fmc_page_erase                           0x08018f5d   Thumb Code   114  gd32f4xx_fmc.o(i.fmc_page_erase)
    fmc_ready_wait                           0x08018fd9   Thumb Code    32  gd32f4xx_fmc.o(i.fmc_ready_wait)
    fmc_state_get                            0x08018ff9   Thumb Code    70  gd32f4xx_fmc.o(i.fmc_state_get)
    fmc_unlock                               0x08019045   Thumb Code    24  gd32f4xx_fmc.o(i.fmc_unlock)
    fputc                                    0x08019109   Thumb Code    32  bsp_debug.o(i.fputc)
    get_app_version                          0x0801912d   Thumb Code     6  app_upgrade.o(i.get_app_version)
    get_fat                                  0x08019139   Thumb Code   228  ff.o(i.get_fat)
    get_fattime                              0x0801921d   Thumb Code   218  diskio.o(i.get_fattime)
    gpio_af_set                              0x080192fd   Thumb Code    94  gd32f4xx_gpio.o(i.gpio_af_set)
    gpio_bit_reset                           0x0801935b   Thumb Code     4  gd32f4xx_gpio.o(i.gpio_bit_reset)
    gpio_bit_set                             0x0801935f   Thumb Code     4  gd32f4xx_gpio.o(i.gpio_bit_set)
    gpio_bit_write                           0x08019363   Thumb Code    10  gd32f4xx_gpio.o(i.gpio_bit_write)
    gpio_input_bit_get                       0x080193e1   Thumb Code    16  gd32f4xx_gpio.o(i.gpio_input_bit_get)
    gpio_mode_set                            0x080193f1   Thumb Code    78  gd32f4xx_gpio.o(i.gpio_mode_set)
    gpio_output_options_set                  0x0801943f   Thumb Code    66  gd32f4xx_gpio.o(i.gpio_output_options_set)
    i2c_start                                0x08019491   Thumb Code    52  bsp_oled.o(i.i2c_start)
    i2c_stop                                 0x080194c9   Thumb Code    42  bsp_oled.o(i.i2c_stop)
    i2c_wait_ack                             0x080194f9   Thumb Code    78  bsp_oled.o(i.i2c_wait_ack)
    i2c_write_byte                           0x0801954d   Thumb Code    78  bsp_oled.o(i.i2c_write_byte)
    internal_flash_erase                     0x080195a1   Thumb Code    68  rom.o(i.internal_flash_erase)
    internal_flash_write_str_Char            0x080195e5   Thumb Code    78  rom.o(i.internal_flash_write_str_Char)
    main                                     0x08019635   Thumb Code   510  main.o(i.main)
    mcu_restart                              0x08019911   Thumb Code    40  function.o(i.mcu_restart)
    nvic_irq_enable                          0x08019a09   Thumb Code   186  gd32f4xx_misc.o(i.nvic_irq_enable)
    nvic_priority_group_set                  0x08019acd   Thumb Code    10  gd32f4xx_misc.o(i.nvic_priority_group_set)
    param_get_baud                           0x08019b1d   Thumb Code     6  param_handle.o(i.param_get_baud)
    param_get_float                          0x08019b29   Thumb Code    22  param_handle.o(i.param_get_float)
    param_get_id                             0x08019b45   Thumb Code     6  param_handle.o(i.param_get_id)
    param_load                               0x08019b79   Thumb Code   210  param_handle.o(i.param_load)
    param_restore_defaults                   0x08019c59   Thumb Code    68  param_handle.o(i.param_restore_defaults)
    param_set_baud                           0x08019cc9   Thumb Code    26  param_handle.o(i.param_set_baud)
    param_set_float                          0x08019ce9   Thumb Code    38  param_handle.o(i.param_set_float)
    param_set_id                             0x08019d15   Thumb Code    28  param_handle.o(i.param_set_id)
    param_set_mb_addr                        0x08019d35   Thumb Code    26  param_handle.o(i.param_set_mb_addr)
    pmu_backup_write_enable                  0x08019d55   Thumb Code    14  gd32f4xx_pmu.o(i.pmu_backup_write_enable)
    pmu_flag_clear                           0x08019d69   Thumb Code    42  gd32f4xx_pmu.o(i.pmu_flag_clear)
    pmu_to_sleepmode                         0x08019d99   Thumb Code    22  gd32f4xx_pmu.o(i.pmu_to_sleepmode)
    prveMBError2Exception                    0x08019db5   Thumb Code    34  mbutils.o(i.prveMBError2Exception)
    put_fat                                  0x08019dd7   Thumb Code   310  ff.o(i.put_fat)
    rcu_clock_freq_get                       0x0801a1c5   Thumb Code   264  gd32f4xx_rcu.o(i.rcu_clock_freq_get)
    rcu_flag_get                             0x0801a30d   Thumb Code    32  gd32f4xx_rcu.o(i.rcu_flag_get)
    rcu_osci_on                              0x0801a331   Thumb Code    32  gd32f4xx_rcu.o(i.rcu_osci_on)
    rcu_osci_stab_wait                       0x0801a355   Thumb Code   342  gd32f4xx_rcu.o(i.rcu_osci_stab_wait)
    rcu_periph_clock_enable                  0x0801a4b1   Thumb Code    32  gd32f4xx_rcu.o(i.rcu_periph_clock_enable)
    rcu_periph_reset_disable                 0x0801a4d5   Thumb Code    32  gd32f4xx_rcu.o(i.rcu_periph_reset_disable)
    rcu_periph_reset_enable                  0x0801a4f9   Thumb Code    32  gd32f4xx_rcu.o(i.rcu_periph_reset_enable)
    rcu_rtc_clock_config                     0x0801a51d   Thumb Code    18  gd32f4xx_rcu.o(i.rcu_rtc_clock_config)
    rcu_timer_clock_prescaler_config         0x0801a535   Thumb Code    32  gd32f4xx_rcu.o(i.rcu_timer_clock_prescaler_config)
    report_auto_data_task                    0x0801a6cd   Thumb Code    94  function.o(i.report_auto_data_task)
    report_police_function                   0x0801a735   Thumb Code   204  function.o(i.report_police_function)
    rtc_alarm_config                         0x0801a8d5   Thumb Code    94  gd32f4xx_rtc.o(i.rtc_alarm_config)
    rtc_alarm_disable                        0x0801a939   Thumb Code   122  gd32f4xx_rtc.o(i.rtc_alarm_disable)
    rtc_alarm_enable                         0x0801a9b9   Thumb Code    56  gd32f4xx_rtc.o(i.rtc_alarm_enable)
    rtc_current_time_get                     0x0801a9f5   Thumb Code    96  gd32f4xx_rtc.o(i.rtc_current_time_get)
    rtc_flag_clear                           0x0801aa59   Thumb Code    12  gd32f4xx_rtc.o(i.rtc_flag_clear)
    rtc_flag_get                             0x0801aa69   Thumb Code    16  gd32f4xx_rtc.o(i.rtc_flag_get)
    rtc_init                                 0x0801aa7d   Thumb Code   216  gd32f4xx_rtc.o(i.rtc_init)
    rtc_init_mode_enter                      0x0801ab59   Thumb Code    66  gd32f4xx_rtc.o(i.rtc_init_mode_enter)
    rtc_init_mode_exit                       0x0801aba1   Thumb Code    14  gd32f4xx_rtc.o(i.rtc_init_mode_exit)
    rtc_interrupt_enable                     0x0801abb5   Thumb Code    54  gd32f4xx_rtc.o(i.rtc_interrupt_enable)
    rtc_register_sync_wait                   0x0801abf1   Thumb Code    92  gd32f4xx_rtc.o(i.rtc_register_sync_wait)
    sd_block_read                            0x0801ac51   Thumb Code   500  sdcard.o(i.sd_block_read)
    sd_block_write                           0x0801ae69   Thumb Code   760  sdcard.o(i.sd_block_write)
    sd_bus_mode_config                       0x0801b189   Thumb Code   144  sdcard.o(i.sd_bus_mode_config)
    sd_card_capacity_get                     0x0801b319   Thumb Code   160  sdcard.o(i.sd_card_capacity_get)
    sd_card_information_get                  0x0801b3c1   Thumb Code   686  sdcard.o(i.sd_card_information_get)
    sd_card_init                             0x0801b681   Thumb Code   268  sdcard.o(i.sd_card_init)
    sd_card_select_deselect                  0x0801b79d   Thumb Code    38  sdcard.o(i.sd_card_select_deselect)
    sd_cardstatus_get                        0x0801b87d   Thumb Code    66  sdcard.o(i.sd_cardstatus_get)
    sd_init                                  0x0801b8dd   Thumb Code    70  sdcard.o(i.sd_init)
    sd_interrupts_process                    0x0801b925   Thumb Code   286  sdcard.o(i.sd_interrupts_process)
    sd_multiblocks_read                      0x0801baa1   Thumb Code   632  sdcard.o(i.sd_multiblocks_read)
    sd_multiblocks_write                     0x0801bd3d   Thumb Code   878  sdcard.o(i.sd_multiblocks_write)
    sd_power_on                              0x0801c0d5   Thumb Code   290  sdcard.o(i.sd_power_on)
    sd_transfer_mode_config                  0x0801c35d   Thumb Code    20  sdcard.o(i.sd_transfer_mode_config)
    sd_transfer_stop                         0x0801c375   Thumb Code    36  sdcard.o(i.sd_transfer_stop)
    sdio_bus_mode_set                        0x0801c399   Thumb Code    22  gd32f4xx_sdio.o(i.sdio_bus_mode_set)
    sdio_clock_config                        0x0801c3b5   Thumb Code    44  gd32f4xx_sdio.o(i.sdio_clock_config)
    sdio_clock_enable                        0x0801c3e9   Thumb Code    14  gd32f4xx_sdio.o(i.sdio_clock_enable)
    sdio_command_index_get                   0x0801c3fd   Thumb Code     8  gd32f4xx_sdio.o(i.sdio_command_index_get)
    sdio_command_response_config             0x0801c409   Thumb Code    52  gd32f4xx_sdio.o(i.sdio_command_response_config)
    sdio_csm_enable                          0x0801c441   Thumb Code    14  gd32f4xx_sdio.o(i.sdio_csm_enable)
    sdio_data_config                         0x0801c455   Thumb Code    54  gd32f4xx_sdio.o(i.sdio_data_config)
    sdio_data_read                           0x0801c491   Thumb Code     6  gd32f4xx_sdio.o(i.sdio_data_read)
    sdio_data_transfer_config                0x0801c49d   Thumb Code    24  gd32f4xx_sdio.o(i.sdio_data_transfer_config)
    sdio_data_write                          0x0801c4b9   Thumb Code     6  gd32f4xx_sdio.o(i.sdio_data_write)
    sdio_deinit                              0x0801c4c5   Thumb Code    20  gd32f4xx_sdio.o(i.sdio_deinit)
    sdio_dma_disable                         0x0801c4d9   Thumb Code    14  gd32f4xx_sdio.o(i.sdio_dma_disable)
    sdio_dma_enable                          0x0801c4ed   Thumb Code    14  gd32f4xx_sdio.o(i.sdio_dma_enable)
    sdio_dsm_disable                         0x0801c501   Thumb Code    14  gd32f4xx_sdio.o(i.sdio_dsm_disable)
    sdio_dsm_enable                          0x0801c515   Thumb Code    14  gd32f4xx_sdio.o(i.sdio_dsm_enable)
    sdio_flag_clear                          0x0801c529   Thumb Code     6  gd32f4xx_sdio.o(i.sdio_flag_clear)
    sdio_flag_get                            0x0801c535   Thumb Code    16  gd32f4xx_sdio.o(i.sdio_flag_get)
    sdio_hardware_clock_disable              0x0801c549   Thumb Code    14  gd32f4xx_sdio.o(i.sdio_hardware_clock_disable)
    sdio_interrupt_disable                   0x0801c55d   Thumb Code    12  gd32f4xx_sdio.o(i.sdio_interrupt_disable)
    sdio_interrupt_enable                    0x0801c56d   Thumb Code    12  gd32f4xx_sdio.o(i.sdio_interrupt_enable)
    sdio_interrupt_flag_clear                0x0801c57d   Thumb Code     6  gd32f4xx_sdio.o(i.sdio_interrupt_flag_clear)
    sdio_interrupt_flag_get                  0x0801c589   Thumb Code    16  gd32f4xx_sdio.o(i.sdio_interrupt_flag_get)
    sdio_power_state_get                     0x0801c59d   Thumb Code     6  gd32f4xx_sdio.o(i.sdio_power_state_get)
    sdio_power_state_set                     0x0801c5a9   Thumb Code     6  gd32f4xx_sdio.o(i.sdio_power_state_set)
    sdio_response_get                        0x0801c5b5   Thumb Code    56  gd32f4xx_sdio.o(i.sdio_response_get)
    sdio_wait_type_set                       0x0801c5f1   Thumb Code    22  gd32f4xx_sdio.o(i.sdio_wait_type_set)
    set_app_id_version                       0x0801c60d   Thumb Code    48  app_upgrade.o(i.set_app_id_version)
    set_app_updateFlag                       0x0801c645   Thumb Code    40  app_upgrade.o(i.set_app_updateFlag)
    spi_enable                               0x0801c675   Thumb Code    10  gd32f4xx_spi.o(i.spi_enable)
    spi_i2s_data_receive                     0x0801c67f   Thumb Code     8  gd32f4xx_spi.o(i.spi_i2s_data_receive)
    spi_i2s_data_transmit                    0x0801c687   Thumb Code     4  gd32f4xx_spi.o(i.spi_i2s_data_transmit)
    spi_i2s_deinit                           0x0801c68d   Thumb Code   162  gd32f4xx_spi.o(i.spi_i2s_deinit)
    spi_i2s_flag_get                         0x0801c739   Thumb Code    16  gd32f4xx_spi.o(i.spi_i2s_flag_get)
    spi_init                                 0x0801c749   Thumb Code    50  gd32f4xx_spi.o(i.spi_init)
    spi_struct_para_init                     0x0801c77b   Thumb Code    18  gd32f4xx_spi.o(i.spi_struct_para_init)
    syscfg_exti_line_config                  0x0801c859   Thumb Code   166  gd32f4xx_syscfg.o(i.syscfg_exti_line_config)
    systick_config                           0x0801ca15   Thumb Code    74  systick.o(i.systick_config)
    timer_autoreload_value_config            0x0801ca65   Thumb Code     4  gd32f4xx_timer.o(i.timer_autoreload_value_config)
    timer_counter_value_config               0x0801ca69   Thumb Code     4  gd32f4xx_timer.o(i.timer_counter_value_config)
    timer_deinit                             0x0801ca6d   Thumb Code   374  gd32f4xx_timer.o(i.timer_deinit)
    timer_disable                            0x0801cbf1   Thumb Code    10  gd32f4xx_timer.o(i.timer_disable)
    timer_enable                             0x0801cbfb   Thumb Code    10  gd32f4xx_timer.o(i.timer_enable)
    timer_event_software_generate            0x0801cc05   Thumb Code     8  gd32f4xx_timer.o(i.timer_event_software_generate)
    timer_flag_clear                         0x0801cc0d   Thumb Code     6  gd32f4xx_timer.o(i.timer_flag_clear)
    timer_init                               0x0801cc15   Thumb Code   122  gd32f4xx_timer.o(i.timer_init)
    timer_interrupt_disable                  0x0801ccad   Thumb Code     8  gd32f4xx_timer.o(i.timer_interrupt_disable)
    timer_interrupt_enable                   0x0801ccb5   Thumb Code     8  gd32f4xx_timer.o(i.timer_interrupt_enable)
    timer_interrupt_flag_clear               0x0801ccbd   Thumb Code     6  gd32f4xx_timer.o(i.timer_interrupt_flag_clear)
    timer_interrupt_flag_get                 0x0801ccc3   Thumb Code    24  gd32f4xx_timer.o(i.timer_interrupt_flag_get)
    usMBCRC16                                0x0801ccdd   Thumb Code    48  mbcrc.o(i.usMBCRC16)
    usart_baudrate_set                       0x0801cd15   Thumb Code   224  gd32f4xx_usart.o(i.usart_baudrate_set)
    usart_data_receive                       0x0801cdfd   Thumb Code    10  gd32f4xx_usart.o(i.usart_data_receive)
    usart_data_transmit                      0x0801ce07   Thumb Code     8  gd32f4xx_usart.o(i.usart_data_transmit)
    usart_deinit                             0x0801ce11   Thumb Code   210  gd32f4xx_usart.o(i.usart_deinit)
    usart_disable                            0x0801ceed   Thumb Code    10  gd32f4xx_usart.o(i.usart_disable)
    usart_enable                             0x0801cef7   Thumb Code    10  gd32f4xx_usart.o(i.usart_enable)
    usart_flag_clear                         0x0801cf01   Thumb Code    52  gd32f4xx_usart.o(i.usart_flag_clear)
    usart_flag_get                           0x0801cf35   Thumb Code    30  gd32f4xx_usart.o(i.usart_flag_get)
    usart_hardware_flow_cts_config           0x0801cf53   Thumb Code    20  gd32f4xx_usart.o(i.usart_hardware_flow_cts_config)
    usart_hardware_flow_rts_config           0x0801cf67   Thumb Code    20  gd32f4xx_usart.o(i.usart_hardware_flow_rts_config)
    usart_interrupt_disable                  0x0801cf7b   Thumb Code    26  gd32f4xx_usart.o(i.usart_interrupt_disable)
    usart_interrupt_enable                   0x0801cf95   Thumb Code    26  gd32f4xx_usart.o(i.usart_interrupt_enable)
    usart_interrupt_flag_clear               0x0801cfaf   Thumb Code    26  gd32f4xx_usart.o(i.usart_interrupt_flag_clear)
    usart_interrupt_flag_get                 0x0801cfc9   Thumb Code    56  gd32f4xx_usart.o(i.usart_interrupt_flag_get)
    usart_parity_config                      0x0801d001   Thumb Code    16  gd32f4xx_usart.o(i.usart_parity_config)
    usart_receive_config                     0x0801d011   Thumb Code    16  gd32f4xx_usart.o(i.usart_receive_config)
    usart_stop_bit_set                       0x0801d021   Thumb Code    16  gd32f4xx_usart.o(i.usart_stop_bit_set)
    usart_transmit_config                    0x0801d031   Thumb Code    16  gd32f4xx_usart.o(i.usart_transmit_config)
    usart_word_length_set                    0x0801d041   Thumb Code    16  gd32f4xx_usart.o(i.usart_word_length_set)
    F6X8                                     0x0801d07e   Data         552  bsp_oled.o(.constdata)
    F8X16                                    0x0801d2a6   Data        1520  bsp_oled.o(.constdata)
    Hzk                                      0x0801d896   Data         128  bsp_oled.o(.constdata)
    Hzb                                      0x0801d916   Data         512  bsp_oled.o(.constdata)
    Region$$Table$$Base                      0x0801de9c   Number         0  anon$$obj.o(Region$$Table)
    Region$$Table$$Limit                     0x0801debc   Number         0  anon$$obj.o(Region$$Table)
    SystemCoreClock                          0x20000000   Data           4  system_gd32f4xx.o(.data)
    ch0_ratio                                0x20000004   Data           4  bsp_adc.o(.data)
    ch1_ratio                                0x20000008   Data           4  bsp_adc.o(.data)
    ch0_threshold                            0x2000000c   Data           4  bsp_adc.o(.data)
    ch1_threshold                            0x20000010   Data           4  bsp_adc.o(.data)
    bsp_debug_usart_buf_index                0x20000014   Data           4  bsp_debug.o(.data)
    bsp_debug_receive_finished_flag          0x20000018   Data           1  bsp_debug.o(.data)
    BMP1                                     0x20000036   Data         128  bsp_oled.o(.data)
    initcmd1                                 0x200000b6   Data          22  bsp_oled.o(.data)
    rx_real_len                              0x200000ce   Data           2  bsp_rs485.o(.data)
    g_rs485_rx_flag                          0x200000d1   Data           1  bsp_rs485.o(.data)
    BSP_RS485_BAUDRATE                       0x200000d4   Data           4  bsp_rs485.o(.data)
    bsp_rs485_send_busy                      0x200000dc   Data           1  bsp_rs485.o(.data)
    prescaler_a                              0x200000e0   Data           4  bsp_rtc.o(.data)
    prescaler_s                              0x200000e4   Data           4  bsp_rtc.o(.data)
    RTCSRC_FLAG                              0x200000e8   Data           4  bsp_rtc.o(.data)
    bsp_rtc_weeks                            0x200000ec   Data          32  bsp_rtc.o(.data)
    g_rtc_alarm_fired                        0x2000010c   Data           1  bsp_rtc.o(.data)
    g_report_flag                            0x2000010d   Data           1  bsp_general_timer.o(.data)
    app_upgrade_usart_tmp_buf_len            0x20000110   Data           4  appupgrade_usart.o(.data)
    app_upgrade_usart_recv_flag              0x20000114   Data           1  appupgrade_usart.o(.data)
    br                                       0x20000118   Data           4  bsp_sdio.o(.data)
    bw                                       0x2000011c   Data           4  bsp_sdio.o(.data)
    a                                        0x20000170   Data           4  main.o(.data)
    sd_scr                                   0x20000180   Data           8  sdcard.o(.data)
    Data_class_structure                     0x200001a4   Data          68  function.o(.data)
    g_log_busy                               0x200001e8   Data           1  function.o(.data)
    rx_index                                 0x200001f8   Data           2  general_protocol.o(.data)
    MY_DEVICE_ID                             0x200001fa   Data           2  general_protocol.o(.data)
    Modbus_slave_addr                        0x200001fc   Data           1  protocol_router.o(.data)
    Protocol_mode                            0x200001fd   Data           1  protocol_router.o(.data)
    __stdout                                 0x20000204   Data           4  stdout.o(.data)
    adc_dma_buffer                           0x20000208   Data         400  bsp_adc.o(.bss)
    bsp_debug_recv_data_buffer               0x20000398   Data         256  bsp_debug.o(.bss)
    rx_real_buffer                           0x200008a8   Data        1024  bsp_rs485.o(.bss)
    rtc_initpara                             0x20001140   Data          20  bsp_rtc.o(.bss)
    rtc_alarm                                0x20001154   Data          16  bsp_rtc.o(.bss)
    bsp_rtc_init_para                        0x20001164   Data          20  bsp_rtc.o(.bss)
    app_upgrade_usart_tmp_buf                0x20001178   Data       40960  appupgrade_usart.o(.bss)
    fdst                                     0x2000b178   Data         548  bsp_sdio.o(.bss)
    fs                                       0x2000b39c   Data         560  bsp_sdio.o(.bss)
    buffer                                   0x2000b5cc   Data         128  bsp_sdio.o(.bss)
    filebuffer                               0x2000b64c   Data         128  bsp_sdio.o(.bss)
    cnt                                      0x2000b950   Data          12  bsp_key.o(.bss)
    rx_buffer                                0x2000d3bc   Data        1024  general_protocol.o(.bss)
    REG_INPUT_BUF                            0x2000dae4   Data        1024  port.o(.bss)
    REG_HOLD_BUF                             0x2000dee4   Data         512  port.o(.bss)
    REG_COILS_BUF                            0x2000e0e4   Data         512  port.o(.bss)
    REG_DISC_BUF                             0x2000e2e4   Data         512  port.o(.bss)
    __initial_sp                             0x2000ece8   Data           0  startup_gd32f450_470.o(STACK)



==============================================================================

Memory Map of the image

  Image Entry point : 0x080111ad

  Load Region LR_IROM1 (Base: 0x08011000, Size: 0x0000d0c4, Max: 0x00020000, ABSOLUTE, COMPRESSED[0x0000cf70])

    Execution Region ER_IROM1 (Exec base: 0x08011000, Load base: 0x08011000, Size: 0x0000cebc, Max: 0x00020000, ABSOLUTE)

    Exec Addr    Load Addr    Size         Type   Attr      Idx    E Section Name        Object

    0x08011000   0x08011000   0x000001ac   Data   RO            3    RESET               startup_gd32f450_470.o
    0x080111ac   0x080111ac   0x00000000   Code   RO         8987  * .ARM.Collect$$$$00000000  mc_w.l(entry.o)
    0x080111ac   0x080111ac   0x00000004   Code   RO         9267    .ARM.Collect$$$$00000001  mc_w.l(entry2.o)
    0x080111b0   0x080111b0   0x00000004   Code   RO         9270    .ARM.Collect$$$$00000004  mc_w.l(entry5.o)
    0x080111b4   0x080111b4   0x00000000   Code   RO         9272    .ARM.Collect$$$$00000008  mc_w.l(entry7b.o)
    0x080111b4   0x080111b4   0x00000000   Code   RO         9274    .ARM.Collect$$$$0000000A  mc_w.l(entry8b.o)
    0x080111b4   0x080111b4   0x00000008   Code   RO         9275    .ARM.Collect$$$$0000000B  mc_w.l(entry9a.o)
    0x080111bc   0x080111bc   0x00000004   Code   RO         9282    .ARM.Collect$$$$0000000E  mc_w.l(entry12b.o)
    0x080111c0   0x080111c0   0x00000000   Code   RO         9277    .ARM.Collect$$$$0000000F  mc_w.l(entry10a.o)
    0x080111c0   0x080111c0   0x00000000   Code   RO         9279    .ARM.Collect$$$$00000011  mc_w.l(entry11a.o)
    0x080111c0   0x080111c0   0x00000004   Code   RO         9268    .ARM.Collect$$$$00002712  mc_w.l(entry2.o)
    0x080111c4   0x080111c4   0x00000024   Code   RO            4    .text               startup_gd32f450_470.o
    0x080111e8   0x080111e8   0x00000024   Code   RO         8990    .text               mc_w.l(memcpya.o)
    0x0801120c   0x0801120c   0x00000024   Code   RO         8992    .text               mc_w.l(memseta.o)
    0x08011230   0x08011230   0x00000018   Code   RO         8994    .text               mc_w.l(strncpy.o)
    0x08011248   0x08011248   0x0000000e   Code   RO         8996    .text               mc_w.l(strlen.o)
    0x08011256   0x08011256   0x00000026   Code   RO         9265    .text               mf_w.l(f2d.o)
    0x0801127c   0x0801127c   0x0000002c   Code   RO         9284    .text               mc_w.l(uidiv.o)
    0x080112a8   0x080112a8   0x00000062   Code   RO         9286    .text               mc_w.l(uldiv.o)
    0x0801130a   0x0801130a   0x00000000   Code   RO         9288    .text               mc_w.l(iusefp.o)
    0x0801130a   0x0801130a   0x0000014e   Code   RO         9289    .text               mf_w.l(dadd.o)
    0x08011458   0x08011458   0x000000e4   Code   RO         9291    .text               mf_w.l(dmul.o)
    0x0801153c   0x0801153c   0x000000de   Code   RO         9293    .text               mf_w.l(ddiv.o)
    0x0801161a   0x0801161a   0x00000030   Code   RO         9295    .text               mf_w.l(dfixul.o)
    0x0801164a   0x0801164a   0x00000002   PAD
    0x0801164c   0x0801164c   0x00000030   Code   RO         9297    .text               mf_w.l(cdrcmple.o)
    0x0801167c   0x0801167c   0x00000024   Code   RO         9299    .text               mc_w.l(init.o)
    0x080116a0   0x080116a0   0x0000001e   Code   RO         9301    .text               mc_w.l(llshl.o)
    0x080116be   0x080116be   0x00000020   Code   RO         9303    .text               mc_w.l(llushr.o)
    0x080116de   0x080116de   0x00000024   Code   RO         9305    .text               mc_w.l(llsshr.o)
    0x08011702   0x08011702   0x000000ba   Code   RO         9307    .text               mf_w.l(depilogue.o)
    0x080117bc   0x080117bc   0x00000056   Code   RO         9317    .text               mc_w.l(__dczerorl2.o)
    0x08011812   0x08011812   0x00000036   Code   RO         8636    i.AsciiHexCharToVal  protocol_router.o
    0x08011848   0x08011848   0x00000004   Code   RO         7262    i.BusFault_Handler  gd32f4xx_it.o
    0x0801184c   0x0801184c   0x00000058   Code   RO         8564    i.BytesToHexStr     general_protocol.o
    0x080118a4   0x080118a4   0x00000034   Code   RO         7909    i.CMD_ALARM_CLEAR_FUNCTION  function.o
    0x080118d8   0x080118d8   0x00000018   Code   RO         7910    i.CMD_ALARM_READ_RECORD_FUNCTION  function.o
    0x080118f0   0x080118f0   0x00000048   Code   RO         7911    i.CMD_ALARM_SET_AUTO_REPORT_FUNCTION  function.o
    0x08011938   0x08011938   0x00000044   Code   RO         7912    i.CMD_CFG_READ_THRES_ALL_FUNCTION  function.o
    0x0801197c   0x0801197c   0x00000034   Code   RO         7913    i.CMD_CFG_READ_THRES_CH0_FUNCTION  function.o
    0x080119b0   0x080119b0   0x00000034   Code   RO         7914    i.CMD_CFG_READ_THRES_CH1_FUNCTION  function.o
    0x080119e4   0x080119e4   0x00000002   Code   RO         7915    i.CMD_CFG_READ_THRES_CH2_FUNCTION  function.o
    0x080119e6   0x080119e6   0x00000002   PAD
    0x080119e8   0x080119e8   0x0000005c   Code   RO         7916    i.CMD_CFG_WRITE_THRES_CH0_FUNCTION  function.o
    0x08011a44   0x08011a44   0x0000005c   Code   RO         7917    i.CMD_CFG_WRITE_THRES_CH1_FUNCTION  function.o
    0x08011aa0   0x08011aa0   0x00000002   Code   RO         7918    i.CMD_CFG_WRITE_THRES_CH2_FUNCTION  function.o
    0x08011aa2   0x08011aa2   0x00000002   PAD
    0x08011aa4   0x08011aa4   0x00000080   Code   RO         7919    i.CMD_CTRL_AUTO_REPORT_START_FUNCTION  function.o
    0x08011b24   0x08011b24   0x00000038   Code   RO         7920    i.CMD_CTRL_AUTO_REPORT_STOP_FUNCTION  function.o
    0x08011b5c   0x08011b5c   0x00000040   Code   RO         7921    i.CMD_CTRL_ENTER_SLEEP_FUNCTION  function.o
    0x08011b9c   0x08011b9c   0x00000034   Code   RO         7922    i.CMD_CTRL_SET_DAC_VOLT_FUNCTION  function.o
    0x08011bd0   0x08011bd0   0x00000030   Code   RO         7923    i.CMD_DATA_READ_CH0_FUNCTION  function.o
    0x08011c00   0x08011c00   0x00000030   Code   RO         7924    i.CMD_DATA_READ_CH1_FUNCTION  function.o
    0x08011c30   0x08011c30   0x000000c8   Code   RO         7925    i.CMD_DATA_READ_PT100_FUNCTION  function.o
    0x08011cf8   0x08011cf8   0x0000005c   Code   RO         7926    i.CMD_DATA_SET_CH0_RATIO_FUNCTION  function.o
    0x08011d54   0x08011d54   0x0000005c   Code   RO         7927    i.CMD_DATA_SET_CH1_RATIO_FUNCTION  function.o
    0x08011db0   0x08011db0   0x00000060   Code   RO         7928    i.CMD_DATA_SET_REPORT_INTVL_FUNCTION  function.o
    0x08011e10   0x08011e10   0x00000002   Code   RO         7931    i.CMD_OTA_EXECUTE_FUNCTION  function.o
    0x08011e12   0x08011e12   0x00000002   PAD
    0x08011e14   0x08011e14   0x00000020   Code   RO         7932    i.CMD_OTA_READY_DATA_FUNCTION  function.o
    0x08011e34   0x08011e34   0x00000050   Code   RO         7933    i.CMD_OTA_REQUEST_FUNCTION  function.o
    0x08011e84   0x08011e84   0x00000030   Code   RO         7934    i.CMD_SPEC_DISCOVER_FUNCTION  function.o
    0x08011eb4   0x08011eb4   0x00000058   Code   RO         7935    i.CMD_SYS_FACTORY_RESET_FUNCTION  function.o
    0x08011f0c   0x08011f0c   0x0000005c   Code   RO         7936    i.CMD_SYS_READ_BAUDRATE_FUNCTION  function.o
    0x08011f68   0x08011f68   0x00000030   Code   RO         7937    i.CMD_SYS_READ_ID_FUNCTION  function.o
    0x08011f98   0x08011f98   0x000000e4   Code   RO         7938    i.CMD_SYS_READ_INFO_FUNCTION  function.o
    0x0801207c   0x0801207c   0x0000003c   Code   RO         7939    i.CMD_SYS_READ_TIME_FUNCTION  function.o
    0x080120b8   0x080120b8   0x0000003c   Code   RO         7940    i.CMD_SYS_READ_VER_FUNCTION  function.o
    0x080120f4   0x080120f4   0x00000040   Code   RO         7941    i.CMD_SYS_REBOOT_FUNCTION  function.o
    0x08012134   0x08012134   0x00000080   Code   RO         7942    i.CMD_SYS_SET_BAUDRATE_FUNCTION  function.o
    0x080121b4   0x080121b4   0x00000040   Code   RO         7943    i.CMD_SYS_SET_ID_FUNCTION  function.o
    0x080121f4   0x080121f4   0x00000048   Code   RO         7944    i.CMD_SYS_SET_TIME_FUNCTION  function.o
    0x0801223c   0x0801223c   0x00000036   Code   RO         8565    i.CharToHex         general_protocol.o
    0x08012272   0x08012272   0x00000002   PAD
    0x08012274   0x08012274   0x00000024   Code   RO         8637    i.CustomProtocol_Process  protocol_router.o
    0x08012298   0x08012298   0x00000002   Code   RO         7263    i.DebugMon_Handler  gd32f4xx_it.o
    0x0801229a   0x0801229a   0x00000002   PAD
    0x0801229c   0x0801229c   0x00000020   Code   RO         7153    i.EXTI0_IRQHandler  bsp_key.o
    0x080122bc   0x080122bc   0x00000020   Code   RO         7154    i.EXTI1_IRQHandler  bsp_key.o
    0x080122dc   0x080122dc   0x00000020   Code   RO         7155    i.EXTI3_IRQHandler  bsp_key.o
    0x080122fc   0x080122fc   0x00000020   Code   RO         7156    i.EXTI4_IRQHandler  bsp_key.o
    0x0801231c   0x0801231c   0x00000038   Code   RO         7157    i.EXTI5_9_IRQHandler  bsp_key.o
    0x08012354   0x08012354   0x00000004   Code   RO         7264    i.HardFault_Handler  gd32f4xx_it.o
    0x08012358   0x08012358   0x0000006c   Code   RO         8566    i.HexStrToBytes     general_protocol.o
    0x080123c4   0x080123c4   0x0000002e   Code   RO         6313    i.I2C_SoftWrite_Byte  bsp_oled.o
    0x080123f2   0x080123f2   0x00000004   Code   RO         7265    i.MemManage_Handler  gd32f4xx_it.o
    0x080123f6   0x080123f6   0x00000002   PAD
    0x080123f8   0x080123f8   0x00000120   Code   RO         8331    i.Modbus_ApplyCoils  modbus_data_map.o
    0x08012518   0x08012518   0x00000200   Code   RO         8332    i.Modbus_ApplyHoldingRegs  modbus_data_map.o
    0x08012718   0x08012718   0x00000020   Code   RO         8638    i.Modbus_CalcLRC    protocol_router.o
    0x08012738   0x08012738   0x00000168   Code   RO         8639    i.Modbus_DispatchPDU  protocol_router.o
    0x080128a0   0x080128a0   0x000000ac   Code   RO         8333    i.Modbus_ExecPendingActions  modbus_data_map.o
    0x0801294c   0x0801294c   0x00000026   Code   RO         8640    i.Modbus_FuncDiagnostic  protocol_router.o
    0x08012972   0x08012972   0x0000001e   Code   RO         8641    i.Modbus_FuncReadExceptionStatus  protocol_router.o
    0x08012990   0x08012990   0x00000044   Code   RO         8334    i.Modbus_GetExceptionStatus  modbus_data_map.o
    0x080129d4   0x080129d4   0x00000188   Code   RO         8642    i.Modbus_ProcessASCIIFrame  protocol_router.o
    0x08012b5c   0x08012b5c   0x00000034   Code   RO         8643    i.Modbus_ProcessFrame  protocol_router.o
    0x08012b90   0x08012b90   0x000000a4   Code   RO         8644    i.Modbus_ProcessRTUFrame  protocol_router.o
    0x08012c34   0x08012c34   0x0000033c   Code   RO         8335    i.Modbus_SyncRegsFromDevice  modbus_data_map.o
    0x08012f70   0x08012f70   0x00000002   Code   RO         7266    i.NMI_Handler       gd32f4xx_it.o
    0x08012f72   0x08012f72   0x00000002   PAD
    0x08012f74   0x08012f74   0x00000028   Code   RO         7362    i.NVIC_SetPriority  systick.o
    0x08012f9c   0x08012f9c   0x00000038   Code   RO         6315    i.OLED_Clear        bsp_oled.o
    0x08012fd4   0x08012fd4   0x00000034   Code   RO         6319    i.OLED_Printf       bsp_oled.o
    0x08013008   0x08013008   0x00000024   Code   RO         6320    i.OLED_Set_Position  bsp_oled.o
    0x0801302c   0x0801302c   0x0000009c   Code   RO         6321    i.OLED_ShowChar     bsp_oled.o
    0x080130c8   0x080130c8   0x00000052   Code   RO         6327    i.OLED_ShowStr      bsp_oled.o
    0x0801311a   0x0801311a   0x0000000e   Code   RO         6328    i.OLED_Write_cmd    bsp_oled.o
    0x08013128   0x08013128   0x0000000e   Code   RO         6329    i.OLED_Write_data   bsp_oled.o
    0x08013136   0x08013136   0x00000002   Code   RO         7267    i.PendSV_Handler    gd32f4xx_it.o
    0x08013138   0x08013138   0x000003a4   Code   RO         8567    i.Protocol_HandleFrame  general_protocol.o
    0x080134dc   0x080134dc   0x0000002c   Code   RO         8645    i.Protocol_ModbusMasterActive  protocol_router.o
    0x08013508   0x08013508   0x00000154   Code   RO         8568    i.Protocol_ParseChar  general_protocol.o
    0x0801365c   0x0801365c   0x00000074   Code   RO         8646    i.Protocol_Route    protocol_router.o
    0x080136d0   0x080136d0   0x000000d0   Code   RO         8569    i.Protocol_SendFrame  general_protocol.o
    0x080137a0   0x080137a0   0x00000038   Code   RO         6596    i.RTC_Alarm_IRQHandler  bsp_rtc.o
    0x080137d8   0x080137d8   0x00000008   Code   RO         7268    i.SDIO_IRQHandler   gd32f4xx_it.o
    0x080137e0   0x080137e0   0x00000002   Code   RO         7269    i.SVC_Handler       gd32f4xx_it.o
    0x080137e2   0x080137e2   0x00000008   Code   RO         7270    i.SysTick_Handler   gd32f4xx_it.o
    0x080137ea   0x080137ea   0x00000002   PAD
    0x080137ec   0x080137ec   0x000000d4   Code   RO           13    i.SystemInit        system_gd32f4xx.o
    0x080138c0   0x080138c0   0x000000d4   Code   RO         6747    i.TIMER0_UP_TIMER9_IRQHandler  bsp_general_timer.o
    0x08013994   0x08013994   0x00000020   Code   RO         7158    i.TIMER5_DAC_IRQHandler  bsp_key.o
    0x080139b4   0x080139b4   0x00000064   Code   RO         6492    i.TIMER6_IRQHandler  bsp_rs485.o
    0x08013a18   0x08013a18   0x00000028   Code   RO         6748    i.TIMER7_UP_TIMER12_IRQHandler  bsp_general_timer.o
    0x08013a40   0x08013a40   0x00000080   Code   RO         5864    i.USART0_IRQHandler  bsp_debug.o
    0x08013ac0   0x08013ac0   0x000000fc   Code   RO         6493    i.USART1_IRQHandler  bsp_rs485.o
    0x08013bbc   0x08013bbc   0x00000080   Code   RO         6797    i.USART2_IRQHandler  appupgrade_usart.o
    0x08013c3c   0x08013c3c   0x00000004   Code   RO         7271    i.UsageFault_Handler  gd32f4xx_it.o
    0x08013c40   0x08013c40   0x0000004c   Code   RO         6703    i.Wake_Up_Key_Init  bsp_wkp.o
    0x08013c8c   0x08013c8c   0x00000020   Code   RO         9237    i.__0printf         mc_w.l(printfa.o)
    0x08013cac   0x08013cac   0x00000034   Code   RO         9238    i.__0snprintf       mc_w.l(printfa.o)
    0x08013ce0   0x08013ce0   0x00000034   Code   RO         9242    i.__0vsnprintf      mc_w.l(printfa.o)
    0x08013d14   0x08013d14   0x0000000e   Code   RO         9311    i.__scatterload_copy  mc_w.l(handlers.o)
    0x08013d22   0x08013d22   0x00000002   Code   RO         9312    i.__scatterload_null  mc_w.l(handlers.o)
    0x08013d24   0x08013d24   0x0000000e   Code   RO         9313    i.__scatterload_zeroinit  mc_w.l(handlers.o)
    0x08013d32   0x08013d32   0x00000002   PAD
    0x08013d34   0x08013d34   0x00000184   Code   RO         9244    i._fp_digits        mc_w.l(printfa.o)
    0x08013eb8   0x08013eb8   0x000006b4   Code   RO         9245    i._printf_core      mc_w.l(printfa.o)
    0x0801456c   0x0801456c   0x00000024   Code   RO         9246    i._printf_post_padding  mc_w.l(printfa.o)
    0x08014590   0x08014590   0x0000002e   Code   RO         9247    i._printf_pre_padding  mc_w.l(printfa.o)
    0x080145be   0x080145be   0x00000016   Code   RO         9248    i._snputc           mc_w.l(printfa.o)
    0x080145d4   0x080145d4   0x00000020   Code   RO         6015    i.ad3344_broken_reset  bsp_gd30ad3344.o
    0x080145f4   0x080145f4   0x0000008c   Code   RO         6016    i.ad3344_broken_update  bsp_gd30ad3344.o
    0x08014680   0x08014680   0x00000018   Code   RO         6017    i.ad3344_bus_give   bsp_gd30ad3344.o
    0x08014698   0x08014698   0x0000000c   Code   RO         6018    i.ad3344_bus_take   bsp_gd30ad3344.o
    0x080146a4   0x080146a4   0x00000002   Code   RO         6021    i.ad3344_debug_poll  bsp_gd30ad3344.o
    0x080146a6   0x080146a6   0x00000002   PAD
    0x080146a8   0x080146a8   0x00000088   Code   RO         6022    i.ad3344_dispatch_to_struct  bsp_gd30ad3344.o
    0x08014730   0x08014730   0x0000000c   Code   RO         6029    i.ad3344_is_broken  bsp_gd30ad3344.o
    0x0801473c   0x0801473c   0x00000032   Code   RO         6031    i.ad3344_make_cfg   bsp_gd30ad3344.o
    0x0801476e   0x0801476e   0x0000002e   Code   RO         6032    i.ad3344_make_scan_cfg  bsp_gd30ad3344.o
    0x0801479c   0x0801479c   0x00000044   Code   RO         6033    i.ad3344_mmr_write  bsp_gd30ad3344.o
    0x080147e0   0x080147e0   0x00000026   Code   RO         6034    i.ad3344_mux_bits   bsp_gd30ad3344.o
    0x08014806   0x08014806   0x00000030   Code   RO         6035    i.ad3344_pga_bits   bsp_gd30ad3344.o
    0x08014836   0x08014836   0x00000002   PAD
    0x08014838   0x08014838   0x00000070   Code   RO         6036    i.ad3344_pga_fsr    bsp_gd30ad3344.o
    0x080148a8   0x080148a8   0x00000044   Code   RO         6037    i.ad3344_raw_to_volt  bsp_gd30ad3344.o
    0x080148ec   0x080148ec   0x000000dc   Code   RO         6043    i.ad3344_read_channel  bsp_gd30ad3344.o
    0x080149c8   0x080149c8   0x0000006c   Code   RO         6044    i.ad3344_read_locked  bsp_gd30ad3344.o
    0x08014a34   0x08014a34   0x0000010c   Code   RO         6046    i.ad3344_spi_hw_init  bsp_gd30ad3344.o
    0x08014b40   0x08014b40   0x00000034   Code   RO         6047    i.ad3344_spi_txrx16  bsp_gd30ad3344.o
    0x08014b74   0x08014b74   0x000000ac   Code   RO         6049    i.ad3344_tim9_10ms_isr  bsp_gd30ad3344.o
    0x08014c20   0x08014c20   0x00000028   Code   RO         6051    i.ad3344_volt_to_current  bsp_gd30ad3344.o
    0x08014c48   0x08014c48   0x00000020   Code   RO         6052    i.ad3344_volt_to_current_raw  bsp_gd30ad3344.o
    0x08014c68   0x08014c68   0x0000001c   Code   RO         6053    i.ad3344_volt_to_pt100_temp  bsp_gd30ad3344.o
    0x08014c84   0x08014c84   0x0000001a   Code   RO         6054    i.ad3344_volt_to_real  bsp_gd30ad3344.o
    0x08014c9e   0x08014c9e   0x00000002   PAD
    0x08014ca0   0x08014ca0   0x00000038   Code   RO         6055    i.ad3344_xfer       bsp_gd30ad3344.o
    0x08014cd8   0x08014cd8   0x0000002a   Code   RO          167    i.adc_calibration_enable  gd32f4xx_adc.o
    0x08014d02   0x08014d02   0x00000052   Code   RO          169    i.adc_channel_length_config  gd32f4xx_adc.o
    0x08014d54   0x08014d54   0x00000024   Code   RO          170    i.adc_clock_config  gd32f4xx_adc.o
    0x08014d78   0x08014d78   0x00000016   Code   RO          171    i.adc_data_alignment_config  gd32f4xx_adc.o
    0x08014d8e   0x08014d8e   0x00000014   Code   RO          172    i.adc_deinit        gd32f4xx_adc.o
    0x08014da2   0x08014da2   0x0000000a   Code   RO          176    i.adc_dma_mode_enable  gd32f4xx_adc.o
    0x08014dac   0x08014dac   0x0000000a   Code   RO          178    i.adc_dma_request_after_last_enable  gd32f4xx_adc.o
    0x08014db6   0x08014db6   0x00000012   Code   RO          179    i.adc_enable        gd32f4xx_adc.o
    0x08014dc8   0x08014dc8   0x000000ac   Code   RO          197    i.adc_routine_channel_config  gd32f4xx_adc.o
    0x08014e74   0x08014e74   0x00000024   Code   RO          200    i.adc_software_trigger_enable  gd32f4xx_adc.o
    0x08014e98   0x08014e98   0x0000005a   Code   RO          201    i.adc_special_function_config  gd32f4xx_adc.o
    0x08014ef2   0x08014ef2   0x00000002   PAD
    0x08014ef4   0x08014ef4   0x00000040   Code   RO         8499    i.app_nvic_correction  app_upgrade.o
    0x08014f34   0x08014f34   0x00000030   Code   RO         8336    i.baud_to_code      modbus_data_map.o
    0x08014f64   0x08014f64   0x00000574   Code   RO         6056    i.bsp_ad3344_init   bsp_gd30ad3344.o
    0x080154d8   0x080154d8   0x00000108   Code   RO         5651    i.bsp_adc_dma_init  bsp_adc.o
    0x080155e0   0x080155e0   0x00000024   Code   RO         5652    i.bsp_adc_get_channel0  bsp_adc.o
    0x08015604   0x08015604   0x00000024   Code   RO         5653    i.bsp_adc_get_channel1  bsp_adc.o
    0x08015628   0x08015628   0x0000005c   Code   RO         5828    i.bsp_dac_init      bsp_dac.o
    0x08015684   0x08015684   0x00000028   Code   RO         5829    i.bsp_dac_set_raw   bsp_dac.o
    0x080156ac   0x080156ac   0x000000b0   Code   RO         5866    i.bsp_debug_init    bsp_debug.o
    0x0801575c   0x0801575c   0x00000028   Code   RO         5867    i.bsp_debug_irq_enable  bsp_debug.o
    0x08015784   0x08015784   0x0000014c   Code   RO         6704    i.bsp_deepsleep_config  bsp_wkp.o
    0x080158d0   0x080158d0   0x00000034   Code   RO         5923    i.bsp_flash_buffer_read  bsp_flash.o
    0x08015904   0x08015904   0x000000ec   Code   RO         5924    i.bsp_flash_buffer_write  bsp_flash.o
    0x080159f0   0x080159f0   0x0000005c   Code   RO         5926    i.bsp_flash_page_write  bsp_flash.o
    0x08015a4c   0x08015a4c   0x00000044   Code   RO         5927    i.bsp_flash_sector_erase  bsp_flash.o
    0x08015a90   0x08015a90   0x000000fc   Code   RO         5928    i.bsp_flash_spi_init  bsp_flash.o
    0x08015b8c   0x08015b8c   0x0000000a   Code   RO         5929    i.bsp_flash_spi_read_byte  bsp_flash.o
    0x08015b96   0x08015b96   0x00000002   PAD
    0x08015b98   0x08015b98   0x00000040   Code   RO         5930    i.bsp_flash_spi_read_id  bsp_flash.o
    0x08015bd8   0x08015bd8   0x00000038   Code   RO         5931    i.bsp_flash_spi_send_byte  bsp_flash.o
    0x08015c10   0x08015c10   0x00000030   Code   RO         5932    i.bsp_flash_spi_start_read_in_sequence  bsp_flash.o
    0x08015c40   0x08015c40   0x00000034   Code   RO         5933    i.bsp_flash_spi_wait_for_write_end  bsp_flash.o
    0x08015c74   0x08015c74   0x00000024   Code   RO         5934    i.bsp_flash_spi_write_enable  bsp_flash.o
    0x08015c98   0x08015c98   0x0000000c   Code   RO         7162    i.bsp_key_init      bsp_key.o
    0x08015ca4   0x08015ca4   0x00000034   Code   RO         7164    i.bsp_key_pins_init  bsp_key.o
    0x08015cd8   0x08015cd8   0x0000014c   Code   RO         7165    i.bsp_key_scan      bsp_key.o
    0x08015e24   0x08015e24   0x0000005c   Code   RO         7167    i.bsp_key_tim_init  bsp_key.o
    0x08015e80   0x08015e80   0x0000002c   Code   RO         6283    i.bsp_led_init      bsp_led.o
    0x08015eac   0x08015eac   0x00000150   Code   RO         8167    i.bsp_log_active_report_and_record  log_recording_function.o
    0x08015ffc   0x08015ffc   0x00000028   Code   RO         8168    i.bsp_log_clear_all  log_recording_function.o
    0x08016024   0x08016024   0x00000010   Code   RO         8169    i.bsp_log_get_count  log_recording_function.o
    0x08016034   0x08016034   0x00000040   Code   RO         8170    i.bsp_log_init      log_recording_function.o
    0x08016074   0x08016074   0x00000090   Code   RO         8171    i.bsp_log_query_handler  log_recording_function.o
    0x08016104   0x08016104   0x00000032   Code   RO         8172    i.bsp_log_read_base  log_recording_function.o
    0x08016136   0x08016136   0x00000002   PAD
    0x08016138   0x08016138   0x0000006c   Code   RO         8173    i.bsp_log_record_alarm  log_recording_function.o
    0x080161a4   0x080161a4   0x00000134   Code   RO         8174    i.bsp_log_record_only  log_recording_function.o
    0x080162d8   0x080162d8   0x0000005c   Code   RO         8175    i.bsp_log_write_base  log_recording_function.o
    0x08016334   0x08016334   0x00000090   Code   RO         6331    i.bsp_oledSoftware_Init  bsp_oled.o
    0x080163c4   0x080163c4   0x000000e8   Code   RO         6494    i.bsp_rs485_init    bsp_rs485.o
    0x080164ac   0x080164ac   0x0000006c   Code   RO         6497    i.bsp_rs485_send_data  bsp_rs485.o
    0x08016518   0x08016518   0x0000006c   Code   RO         6498    i.bsp_rs485_set_baudrate  bsp_rs485.o
    0x08016584   0x08016584   0x00000058   Code   RO         6499    i.bsp_rs485_tx_abort  bsp_rs485.o
    0x080165dc   0x080165dc   0x0000002c   Code   RO         6500    i.bsp_rs485_wait_tx_done  bsp_rs485.o
    0x08016608   0x08016608   0x0000013c   Code   RO         6598    i.bsp_rtc_get_unix_timestamp  bsp_rtc.o
    0x08016744   0x08016744   0x000000fc   Code   RO         6599    i.bsp_rtc_init      bsp_rtc.o
    0x08016840   0x08016840   0x00000028   Code   RO         6600    i.bsp_rtc_rcu_config  bsp_rtc.o
    0x08016868   0x08016868   0x000000b8   Code   RO         6601    i.bsp_rtc_set_alarm_10s  bsp_rtc.o
    0x08016920   0x08016920   0x00000208   Code   RO         6603    i.bsp_rtc_set_unix_timestamp  bsp_rtc.o
    0x08016b28   0x08016b28   0x00000010   Code   RO         6604    i.bsp_rtc_show_time  bsp_rtc.o
    0x08016b38   0x08016b38   0x00000040   Code   RO         6921    i.bsp_sdio_Init     bsp_sdio.o
    0x08016b78   0x08016b78   0x00000088   Code   RO         6922    i.bsp_sdio_file_append_text  bsp_sdio.o
    0x08016c00   0x08016c00   0x00000068   Code   RO         6749    i.bsp_tim7_init     bsp_general_timer.o
    0x08016c68   0x08016c68   0x0000005c   Code   RO         6750    i.bsp_tim7_set_timeout  bsp_general_timer.o
    0x08016cc4   0x08016cc4   0x00000064   Code   RO         6751    i.bsp_tim9_init     bsp_general_timer.o
    0x08016d28   0x08016d28   0x00000002   Code   RO         6707    i.bsp_wkp_alarm_test_poll  bsp_wkp.o
    0x08016d2a   0x08016d2a   0x00000002   PAD
    0x08016d2c   0x08016d2c   0x00000090   Code   RO         7453    i.check_fs          ff.o
    0x08016dbc   0x08016dbc   0x00000014   Code   RO         7454    i.chk_chr           ff.o
    0x08016dd0   0x08016dd0   0x00000394   Code   RO         7455    i.chk_mounted       ff.o
    0x08017164   0x08017164   0x0000001a   Code   RO         7456    i.clust2sect        ff.o
    0x0801717e   0x0801717e   0x00000002   PAD
    0x08017180   0x08017180   0x00000030   Code   RO         7693    i.cmdsent_error_check  sdcard.o
    0x080171b0   0x080171b0   0x00000030   Code   RO         8337    i.code_to_baud      modbus_data_map.o
    0x080171e0   0x080171e0   0x00000038   Code   RO         8571    i.crc16_modbus      general_protocol.o
    0x08017218   0x08017218   0x000000ca   Code   RO         7457    i.create_chain      ff.o
    0x080172e2   0x080172e2   0x00000002   PAD
    0x080172e4   0x080172e4   0x00000160   Code   RO         7458    i.create_name       ff.o
    0x08017444   0x08017444   0x00000040   Code   RO          833    i.dac_data_set      gd32f4xx_dac.o
    0x08017484   0x08017484   0x00000028   Code   RO          834    i.dac_deinit        gd32f4xx_dac.o
    0x080174ac   0x080174ac   0x0000001a   Code   RO          838    i.dac_enable        gd32f4xx_dac.o
    0x080174c6   0x080174c6   0x0000001a   Code   RO          847    i.dac_output_buffer_enable  gd32f4xx_dac.o
    0x080174e0   0x080174e0   0x00000016   Code   RO          848    i.dac_output_value_get  gd32f4xx_dac.o
    0x080174f6   0x080174f6   0x0000001a   Code   RO          849    i.dac_software_trigger_enable  gd32f4xx_dac.o
    0x08017510   0x08017510   0x0000001a   Code   RO          852    i.dac_trigger_enable  gd32f4xx_dac.o
    0x0801752a   0x0801752a   0x00000028   Code   RO          853    i.dac_trigger_source_config  gd32f4xx_dac.o
    0x08017552   0x08017552   0x00000028   Code   RO          854    i.dac_wave_mode_config  gd32f4xx_dac.o
    0x0801757a   0x0801757a   0x00000002   PAD
    0x0801757c   0x0801757c   0x00000014   Code   RO         7363    i.delay_1ms         systick.o
    0x08017590   0x08017590   0x00000018   Code   RO         7364    i.delay_decrement   systick.o
    0x080175a8   0x080175a8   0x00000020   Code   RO         6057    i.delay_us          bsp_gd30ad3344.o
    0x080175c8   0x080175c8   0x0000005c   Code   RO         7459    i.dir_find          ff.o
    0x08017624   0x08017624   0x00000118   Code   RO         7460    i.dir_next          ff.o
    0x0801773c   0x0801773c   0x0000006e   Code   RO         7462    i.dir_register      ff.o
    0x080177aa   0x080177aa   0x0000009c   Code   RO         7464    i.dir_sdi           ff.o
    0x08017846   0x08017846   0x00000086   Code   RO         7405    i.disk_initialize   diskio.o
    0x080178cc   0x080178cc   0x00000042   Code   RO         7406    i.disk_ioctl        diskio.o
    0x0801790e   0x0801790e   0x00000050   Code   RO         7407    i.disk_read         diskio.o
    0x0801795e   0x0801795e   0x0000000c   Code   RO         7408    i.disk_status       diskio.o
    0x0801796a   0x0801796a   0x00000050   Code   RO         7409    i.disk_write        diskio.o
    0x080179ba   0x080179ba   0x00000020   Code   RO         1211    i.dma_channel_disable  gd32f4xx_dma.o
    0x080179da   0x080179da   0x00000020   Code   RO         1212    i.dma_channel_enable  gd32f4xx_dma.o
    0x080179fa   0x080179fa   0x00000026   Code   RO         1213    i.dma_channel_subperipheral_select  gd32f4xx_dma.o
    0x08017a20   0x08017a20   0x000000a6   Code   RO         1216    i.dma_deinit        gd32f4xx_dma.o
    0x08017ac6   0x08017ac6   0x0000003e   Code   RO         1218    i.dma_flag_clear    gd32f4xx_dma.o
    0x08017b04   0x08017b04   0x0000004c   Code   RO         1219    i.dma_flag_get      gd32f4xx_dma.o
    0x08017b50   0x08017b50   0x00000040   Code   RO         1220    i.dma_flow_controller_config  gd32f4xx_dma.o
    0x08017b90   0x08017b90   0x00000164   Code   RO         1229    i.dma_multi_data_mode_init  gd32f4xx_dma.o
    0x08017cf4   0x08017cf4   0x00000028   Code   RO         1230    i.dma_multi_data_para_struct_init  gd32f4xx_dma.o
    0x08017d1c   0x08017d1c   0x000000b4   Code   RO         7694    i.dma_receive_config  sdcard.o
    0x08017dd0   0x08017dd0   0x000000b4   Code   RO         7695    i.dma_transfer_config  sdcard.o
    0x08017e84   0x08017e84   0x000000ae   Code   RO         8734    i.eMBFuncReadCoils  mbfunccoils.o
    0x08017f32   0x08017f32   0x000000ac   Code   RO         8774    i.eMBFuncReadDiscreteInputs  mbfuncdisc.o
    0x08017fde   0x08017fde   0x0000008c   Code   RO         8786    i.eMBFuncReadHoldingRegister  mbfuncholding.o
    0x0801806a   0x0801806a   0x0000008c   Code   RO         8816    i.eMBFuncReadInputRegister  mbfuncinput.o
    0x080180f6   0x080180f6   0x000000d4   Code   RO         8787    i.eMBFuncReadWriteMultipleHoldingRegister  mbfuncholding.o
    0x080181ca   0x080181ca   0x00000002   PAD
    0x080181cc   0x080181cc   0x00000028   Code   RO         8828    i.eMBFuncReportSlaveID  mbfuncother.o
    0x080181f4   0x080181f4   0x00000070   Code   RO         8735    i.eMBFuncWriteCoil  mbfunccoils.o
    0x08018264   0x08018264   0x00000042   Code   RO         8788    i.eMBFuncWriteHoldingRegister  mbfuncholding.o
    0x080182a6   0x080182a6   0x00000090   Code   RO         8736    i.eMBFuncWriteMultipleCoils  mbfunccoils.o
    0x08018336   0x08018336   0x0000006e   Code   RO         8789    i.eMBFuncWriteMultipleHoldingRegister  mbfuncholding.o
    0x080183a4   0x080183a4   0x000000a4   Code   RO         8876    i.eMBRegCoilsCB     port.o
    0x08018448   0x08018448   0x0000006c   Code   RO         8877    i.eMBRegDiscreteCB  port.o
    0x080184b4   0x080184b4   0x00000080   Code   RO         8878    i.eMBRegHoldingCB   port.o
    0x08018534   0x08018534   0x00000058   Code   RO         8879    i.eMBRegInputCB     port.o
    0x0801858c   0x0801858c   0x00000078   Code   RO         8829    i.eMBSetSlaveID     mbfuncother.o
    0x08018604   0x08018604   0x000000bc   Code   RO         2239    i.exti_init         gd32f4xx_exti.o
    0x080186c0   0x080186c0   0x00000010   Code   RO         2241    i.exti_interrupt_enable  gd32f4xx_exti.o
    0x080186d0   0x080186d0   0x0000000c   Code   RO         2242    i.exti_interrupt_flag_clear  gd32f4xx_exti.o
    0x080186dc   0x080186dc   0x00000018   Code   RO         2243    i.exti_interrupt_flag_get  gd32f4xx_exti.o
    0x080186f4   0x080186f4   0x00000016   Code   RO         7466    i.f_close           ff.o
    0x0801870a   0x0801870a   0x000001b0   Code   RO         7468    i.f_lseek           ff.o
    0x080188ba   0x080188ba   0x00000180   Code   RO         7469    i.f_mkdir           ff.o
    0x08018a3a   0x08018a3a   0x00000002   PAD
    0x08018a3c   0x08018a3c   0x0000002c   Code   RO         7471    i.f_mount           ff.o
    0x08018a68   0x08018a68   0x0000016c   Code   RO         7472    i.f_open            ff.o
    0x08018bd4   0x08018bd4   0x000000b8   Code   RO         7478    i.f_sync            ff.o
    0x08018c8c   0x08018c8c   0x0000020e   Code   RO         7482    i.f_write           ff.o
    0x08018e9a   0x08018e9a   0x0000001a   Code   RO         8338    i.float_changed     modbus_data_map.o
    0x08018eb4   0x08018eb4   0x00000020   Code   RO         8572    i.float_to_big_endian_bytes  general_protocol.o
    0x08018ed4   0x08018ed4   0x00000050   Code   RO         2322    i.fmc_byte_program  gd32f4xx_fmc.o
    0x08018f24   0x08018f24   0x0000000c   Code   RO         2323    i.fmc_flag_clear    gd32f4xx_fmc.o
    0x08018f30   0x08018f30   0x00000018   Code   RO         2324    i.fmc_flag_get      gd32f4xx_fmc.o
    0x08018f48   0x08018f48   0x00000014   Code   RO         2330    i.fmc_lock          gd32f4xx_fmc.o
    0x08018f5c   0x08018f5c   0x0000007c   Code   RO         2332    i.fmc_page_erase    gd32f4xx_fmc.o
    0x08018fd8   0x08018fd8   0x00000020   Code   RO         2333    i.fmc_ready_wait    gd32f4xx_fmc.o
    0x08018ff8   0x08018ff8   0x0000004c   Code   RO         2335    i.fmc_state_get     gd32f4xx_fmc.o
    0x08019044   0x08019044   0x00000024   Code   RO         2336    i.fmc_unlock        gd32f4xx_fmc.o
    0x08019068   0x08019068   0x0000009e   Code   RO         7483    i.follow_path       ff.o
    0x08019106   0x08019106   0x00000002   PAD
    0x08019108   0x08019108   0x00000024   Code   RO         5869    i.fputc             bsp_debug.o
    0x0801912c   0x0801912c   0x0000000c   Code   RO         8503    i.get_app_version   app_upgrade.o
    0x08019138   0x08019138   0x000000e4   Code   RO         7484    i.get_fat           ff.o
    0x0801921c   0x0801921c   0x000000e0   Code   RO         7410    i.get_fattime       diskio.o
    0x080192fc   0x080192fc   0x0000005e   Code   RO         2630    i.gpio_af_set       gd32f4xx_gpio.o
    0x0801935a   0x0801935a   0x00000004   Code   RO         2631    i.gpio_bit_reset    gd32f4xx_gpio.o
    0x0801935e   0x0801935e   0x00000004   Code   RO         2632    i.gpio_bit_set      gd32f4xx_gpio.o
    0x08019362   0x08019362   0x0000000a   Code   RO         2634    i.gpio_bit_write    gd32f4xx_gpio.o
    0x0801936c   0x0801936c   0x00000074   Code   RO         7696    i.gpio_config       sdcard.o
    0x080193e0   0x080193e0   0x00000010   Code   RO         2636    i.gpio_input_bit_get  gd32f4xx_gpio.o
    0x080193f0   0x080193f0   0x0000004e   Code   RO         2638    i.gpio_mode_set     gd32f4xx_gpio.o
    0x0801943e   0x0801943e   0x00000042   Code   RO         2640    i.gpio_output_options_set  gd32f4xx_gpio.o
    0x08019480   0x08019480   0x0000000e   Code   RO         6332    i.i2c_delay         bsp_oled.o
    0x0801948e   0x0801948e   0x00000002   PAD
    0x08019490   0x08019490   0x00000038   Code   RO         6334    i.i2c_start         bsp_oled.o
    0x080194c8   0x080194c8   0x00000030   Code   RO         6335    i.i2c_stop          bsp_oled.o
    0x080194f8   0x080194f8   0x00000054   Code   RO         6336    i.i2c_wait_ack      bsp_oled.o
    0x0801954c   0x0801954c   0x00000054   Code   RO         6337    i.i2c_write_byte    bsp_oled.o
    0x080195a0   0x080195a0   0x00000044   Code   RO         6831    i.internal_flash_erase  rom.o
    0x080195e4   0x080195e4   0x0000004e   Code   RO         6837    i.internal_flash_write_str_Char  rom.o
    0x08019632   0x08019632   0x00000002   PAD
    0x08019634   0x08019634   0x000002b8   Code   RO         7339    i.main              main.o
    0x080198ec   0x080198ec   0x00000024   Code   RO         8881    i.mb_reg_index      port.o
    0x08019910   0x08019910   0x00000030   Code   RO         7945    i.mcu_restart       function.o
    0x08019940   0x08019940   0x00000026   Code   RO         7486    i.mem_cmp           ff.o
    0x08019966   0x08019966   0x0000001a   Code   RO         7487    i.mem_cpy           ff.o
    0x08019980   0x08019980   0x00000014   Code   RO         7488    i.mem_set           ff.o
    0x08019994   0x08019994   0x00000072   Code   RO         7489    i.move_window       ff.o
    0x08019a06   0x08019a06   0x00000002   PAD
    0x08019a08   0x08019a08   0x000000c4   Code   RO         3203    i.nvic_irq_enable   gd32f4xx_misc.o
    0x08019acc   0x08019acc   0x00000014   Code   RO         3204    i.nvic_priority_group_set  gd32f4xx_misc.o
    0x08019ae0   0x08019ae0   0x00000022   Code   RO         8235    i.param_baud_is_valid  param_handle.o
    0x08019b02   0x08019b02   0x00000018   Code   RO         8236    i.param_float_is_finite  param_handle.o
    0x08019b1a   0x08019b1a   0x00000002   PAD
    0x08019b1c   0x08019b1c   0x0000000c   Code   RO         8237    i.param_get_baud    param_handle.o
    0x08019b28   0x08019b28   0x0000001c   Code   RO         8238    i.param_get_float   param_handle.o
    0x08019b44   0x08019b44   0x0000000c   Code   RO         8239    i.param_get_id      param_handle.o
    0x08019b50   0x08019b50   0x00000026   Code   RO         8241    i.param_index_map   param_handle.o
    0x08019b76   0x08019b76   0x00000002   PAD
    0x08019b78   0x08019b78   0x000000e0   Code   RO         8242    i.param_load        param_handle.o
    0x08019c58   0x08019c58   0x0000004c   Code   RO         8243    i.param_restore_defaults  param_handle.o
    0x08019ca4   0x08019ca4   0x00000024   Code   RO         8244    i.param_save        param_handle.o
    0x08019cc8   0x08019cc8   0x00000020   Code   RO         8245    i.param_set_baud    param_handle.o
    0x08019ce8   0x08019ce8   0x0000002c   Code   RO         8246    i.param_set_float   param_handle.o
    0x08019d14   0x08019d14   0x00000020   Code   RO         8247    i.param_set_id      param_handle.o
    0x08019d34   0x08019d34   0x00000020   Code   RO         8248    i.param_set_mb_addr  param_handle.o
    0x08019d54   0x08019d54   0x00000014   Code   RO         3260    i.pmu_backup_write_enable  gd32f4xx_pmu.o
    0x08019d68   0x08019d68   0x00000030   Code   RO         3262    i.pmu_flag_clear    gd32f4xx_pmu.o
    0x08019d98   0x08019d98   0x0000001c   Code   RO         3275    i.pmu_to_sleepmode  gd32f4xx_pmu.o
    0x08019db4   0x08019db4   0x00000022   Code   RO         8849    i.prveMBError2Exception  mbutils.o
    0x08019dd6   0x08019dd6   0x00000136   Code   RO         7490    i.put_fat           ff.o
    0x08019f0c   0x08019f0c   0x00000084   Code   RO         7697    i.r1_error_check    sdcard.o
    0x08019f90   0x08019f90   0x000000ae   Code   RO         7698    i.r1_error_type_check  sdcard.o
    0x0801a03e   0x0801a03e   0x00000002   PAD
    0x0801a040   0x0801a040   0x00000050   Code   RO         7699    i.r2_error_check    sdcard.o
    0x0801a090   0x0801a090   0x0000003c   Code   RO         7700    i.r3_error_check    sdcard.o
    0x0801a0cc   0x0801a0cc   0x000000a8   Code   RO         7701    i.r6_error_check    sdcard.o
    0x0801a174   0x0801a174   0x00000050   Code   RO         7702    i.r7_error_check    sdcard.o
    0x0801a1c4   0x0801a1c4   0x00000124   Code   RO         3408    i.rcu_clock_freq_get  gd32f4xx_rcu.o
    0x0801a2e8   0x0801a2e8   0x00000024   Code   RO         7703    i.rcu_config        sdcard.o
    0x0801a30c   0x0801a30c   0x00000024   Code   RO         3411    i.rcu_flag_get      gd32f4xx_rcu.o
    0x0801a330   0x0801a330   0x00000024   Code   RO         3424    i.rcu_osci_on       gd32f4xx_rcu.o
    0x0801a354   0x0801a354   0x0000015c   Code   RO         3425    i.rcu_osci_stab_wait  gd32f4xx_rcu.o
    0x0801a4b0   0x0801a4b0   0x00000024   Code   RO         3427    i.rcu_periph_clock_enable  gd32f4xx_rcu.o
    0x0801a4d4   0x0801a4d4   0x00000024   Code   RO         3430    i.rcu_periph_reset_disable  gd32f4xx_rcu.o
    0x0801a4f8   0x0801a4f8   0x00000024   Code   RO         3431    i.rcu_periph_reset_enable  gd32f4xx_rcu.o
    0x0801a51c   0x0801a51c   0x00000018   Code   RO         3436    i.rcu_rtc_clock_config  gd32f4xx_rcu.o
    0x0801a534   0x0801a534   0x00000024   Code   RO         3443    i.rcu_timer_clock_prescaler_config  gd32f4xx_rcu.o
    0x0801a558   0x0801a558   0x00000016   Code   RO         8339    i.reg_read_float    modbus_data_map.o
    0x0801a56e   0x0801a56e   0x00000014   Code   RO         8340    i.reg_read_u32      modbus_data_map.o
    0x0801a582   0x0801a582   0x00000026   Code   RO         8341    i.reg_write_float   modbus_data_map.o
    0x0801a5a8   0x0801a5a8   0x00000050   Code   RO         8342    i.reg_write_scaled  modbus_data_map.o
    0x0801a5f8   0x0801a5f8   0x00000058   Code   RO         8343    i.reg_write_text    modbus_data_map.o
    0x0801a650   0x0801a650   0x00000012   Code   RO         8344    i.reg_write_u32     modbus_data_map.o
    0x0801a662   0x0801a662   0x00000068   Code   RO         7491    i.remove_chain      ff.o
    0x0801a6ca   0x0801a6ca   0x00000002   PAD
    0x0801a6cc   0x0801a6cc   0x00000068   Code   RO         7946    i.report_auto_data_task  function.o
    0x0801a734   0x0801a734   0x000000ec   Code   RO         7947    i.report_police_function  function.o
    0x0801a820   0x0801a820   0x00000020   Code   RO         6501    i.rs485_calc_t35_us  bsp_rs485.o
    0x0801a840   0x0801a840   0x00000030   Code   RO         6502    i.rs485_t35_timer_apply_baud  bsp_rs485.o
    0x0801a870   0x0801a870   0x00000064   Code   RO         6503    i.rs485_t35_timer_init  bsp_rs485.o
    0x0801a8d4   0x0801a8d4   0x00000064   Code   RO         3695    i.rtc_alarm_config  gd32f4xx_rtc.o
    0x0801a938   0x0801a938   0x00000080   Code   RO         3696    i.rtc_alarm_disable  gd32f4xx_rtc.o
    0x0801a9b8   0x0801a9b8   0x0000003c   Code   RO         3697    i.rtc_alarm_enable  gd32f4xx_rtc.o
    0x0801a9f4   0x0801a9f4   0x00000064   Code   RO         3708    i.rtc_current_time_get  gd32f4xx_rtc.o
    0x0801aa58   0x0801aa58   0x00000010   Code   RO         3710    i.rtc_flag_clear    gd32f4xx_rtc.o
    0x0801aa68   0x0801aa68   0x00000014   Code   RO         3711    i.rtc_flag_get      gd32f4xx_rtc.o
    0x0801aa7c   0x0801aa7c   0x000000dc   Code   RO         3713    i.rtc_init          gd32f4xx_rtc.o
    0x0801ab58   0x0801ab58   0x00000048   Code   RO         3714    i.rtc_init_mode_enter  gd32f4xx_rtc.o
    0x0801aba0   0x0801aba0   0x00000014   Code   RO         3715    i.rtc_init_mode_exit  gd32f4xx_rtc.o
    0x0801abb4   0x0801abb4   0x0000003c   Code   RO         3717    i.rtc_interrupt_enable  gd32f4xx_rtc.o
    0x0801abf0   0x0801abf0   0x00000060   Code   RO         3720    i.rtc_register_sync_wait  gd32f4xx_rtc.o
    0x0801ac50   0x0801ac50   0x00000218   Code   RO         7704    i.sd_block_read     sdcard.o
    0x0801ae68   0x0801ae68   0x00000320   Code   RO         7705    i.sd_block_write    sdcard.o
    0x0801b188   0x0801b188   0x00000094   Code   RO         7706    i.sd_bus_mode_config  sdcard.o
    0x0801b21c   0x0801b21c   0x000000fc   Code   RO         7707    i.sd_bus_width_config  sdcard.o
    0x0801b318   0x0801b318   0x000000a8   Code   RO         7708    i.sd_card_capacity_get  sdcard.o
    0x0801b3c0   0x0801b3c0   0x000002c0   Code   RO         7709    i.sd_card_information_get  sdcard.o
    0x0801b680   0x0801b680   0x0000011c   Code   RO         7710    i.sd_card_init      sdcard.o
    0x0801b79c   0x0801b79c   0x00000026   Code   RO         7711    i.sd_card_select_deselect  sdcard.o
    0x0801b7c2   0x0801b7c2   0x00000002   PAD
    0x0801b7c4   0x0801b7c4   0x000000b8   Code   RO         7712    i.sd_card_state_get  sdcard.o
    0x0801b87c   0x0801b87c   0x00000048   Code   RO         7713    i.sd_cardstatus_get  sdcard.o
    0x0801b8c4   0x0801b8c4   0x00000018   Code   RO         7714    i.sd_datablocksize_get  sdcard.o
    0x0801b8dc   0x0801b8dc   0x00000046   Code   RO         7716    i.sd_init           sdcard.o
    0x0801b922   0x0801b922   0x00000002   PAD
    0x0801b924   0x0801b924   0x00000130   Code   RO         7717    i.sd_interrupts_process  sdcard.o
    0x0801ba54   0x0801ba54   0x0000004c   Code   RO         6950    i.sd_make_parent_dirs  bsp_sdio.o
    0x0801baa0   0x0801baa0   0x0000029c   Code   RO         7719    i.sd_multiblocks_read  sdcard.o
    0x0801bd3c   0x0801bd3c   0x00000398   Code   RO         7720    i.sd_multiblocks_write  sdcard.o
    0x0801c0d4   0x0801c0d4   0x0000012c   Code   RO         7722    i.sd_power_on       sdcard.o
    0x0801c200   0x0801c200   0x0000015c   Code   RO         7723    i.sd_scr_get        sdcard.o
    0x0801c35c   0x0801c35c   0x00000018   Code   RO         7725    i.sd_transfer_mode_config  sdcard.o
    0x0801c374   0x0801c374   0x00000024   Code   RO         7727    i.sd_transfer_stop  sdcard.o
    0x0801c398   0x0801c398   0x0000001c   Code   RO         3961    i.sdio_bus_mode_set  gd32f4xx_sdio.o
    0x0801c3b4   0x0801c3b4   0x00000034   Code   RO         3968    i.sdio_clock_config  gd32f4xx_sdio.o
    0x0801c3e8   0x0801c3e8   0x00000014   Code   RO         3970    i.sdio_clock_enable  gd32f4xx_sdio.o
    0x0801c3fc   0x0801c3fc   0x0000000c   Code   RO         3971    i.sdio_command_index_get  gd32f4xx_sdio.o
    0x0801c408   0x0801c408   0x00000038   Code   RO         3972    i.sdio_command_response_config  gd32f4xx_sdio.o
    0x0801c440   0x0801c440   0x00000014   Code   RO         3974    i.sdio_csm_enable   gd32f4xx_sdio.o
    0x0801c454   0x0801c454   0x0000003c   Code   RO         3975    i.sdio_data_config  gd32f4xx_sdio.o
    0x0801c490   0x0801c490   0x0000000c   Code   RO         3977    i.sdio_data_read    gd32f4xx_sdio.o
    0x0801c49c   0x0801c49c   0x0000001c   Code   RO         3978    i.sdio_data_transfer_config  gd32f4xx_sdio.o
    0x0801c4b8   0x0801c4b8   0x0000000c   Code   RO         3979    i.sdio_data_write   gd32f4xx_sdio.o
    0x0801c4c4   0x0801c4c4   0x00000014   Code   RO         3980    i.sdio_deinit       gd32f4xx_sdio.o
    0x0801c4d8   0x0801c4d8   0x00000014   Code   RO         3981    i.sdio_dma_disable  gd32f4xx_sdio.o
    0x0801c4ec   0x0801c4ec   0x00000014   Code   RO         3982    i.sdio_dma_enable   gd32f4xx_sdio.o
    0x0801c500   0x0801c500   0x00000014   Code   RO         3983    i.sdio_dsm_disable  gd32f4xx_sdio.o
    0x0801c514   0x0801c514   0x00000014   Code   RO         3984    i.sdio_dsm_enable   gd32f4xx_sdio.o
    0x0801c528   0x0801c528   0x0000000c   Code   RO         3986    i.sdio_flag_clear   gd32f4xx_sdio.o
    0x0801c534   0x0801c534   0x00000014   Code   RO         3987    i.sdio_flag_get     gd32f4xx_sdio.o
    0x0801c548   0x0801c548   0x00000014   Code   RO         3988    i.sdio_hardware_clock_disable  gd32f4xx_sdio.o
    0x0801c55c   0x0801c55c   0x00000010   Code   RO         3990    i.sdio_interrupt_disable  gd32f4xx_sdio.o
    0x0801c56c   0x0801c56c   0x00000010   Code   RO         3991    i.sdio_interrupt_enable  gd32f4xx_sdio.o
    0x0801c57c   0x0801c57c   0x0000000c   Code   RO         3992    i.sdio_interrupt_flag_clear  gd32f4xx_sdio.o
    0x0801c588   0x0801c588   0x00000014   Code   RO         3993    i.sdio_interrupt_flag_get  gd32f4xx_sdio.o
    0x0801c59c   0x0801c59c   0x0000000c   Code   RO         3996    i.sdio_power_state_get  gd32f4xx_sdio.o
    0x0801c5a8   0x0801c5a8   0x0000000c   Code   RO         3997    i.sdio_power_state_set  gd32f4xx_sdio.o
    0x0801c5b4   0x0801c5b4   0x0000003c   Code   RO         4001    i.sdio_response_get  gd32f4xx_sdio.o
    0x0801c5f0   0x0801c5f0   0x0000001c   Code   RO         4006    i.sdio_wait_type_set  gd32f4xx_sdio.o
    0x0801c60c   0x0801c60c   0x00000038   Code   RO         8504    i.set_app_id_version  app_upgrade.o
    0x0801c644   0x0801c644   0x00000030   Code   RO         8505    i.set_app_updateFlag  app_upgrade.o
    0x0801c674   0x0801c674   0x0000000a   Code   RO         4267    i.spi_enable        gd32f4xx_spi.o
    0x0801c67e   0x0801c67e   0x00000008   Code   RO         4269    i.spi_i2s_data_receive  gd32f4xx_spi.o
    0x0801c686   0x0801c686   0x00000004   Code   RO         4270    i.spi_i2s_data_transmit  gd32f4xx_spi.o
    0x0801c68a   0x0801c68a   0x00000002   PAD
    0x0801c68c   0x0801c68c   0x000000ac   Code   RO         4271    i.spi_i2s_deinit    gd32f4xx_spi.o
    0x0801c738   0x0801c738   0x00000010   Code   RO         4272    i.spi_i2s_flag_get  gd32f4xx_spi.o
    0x0801c748   0x0801c748   0x00000032   Code   RO         4277    i.spi_init          gd32f4xx_spi.o
    0x0801c77a   0x0801c77a   0x00000012   Code   RO         4288    i.spi_struct_para_init  gd32f4xx_spi.o
    0x0801c78c   0x0801c78c   0x000000ca   Code   RO         7492    i.sync              ff.o
    0x0801c856   0x0801c856   0x00000002   PAD
    0x0801c858   0x0801c858   0x000000ac   Code   RO         4510    i.syscfg_exti_line_config  gd32f4xx_syscfg.o
    0x0801c904   0x0801c904   0x00000108   Code   RO           14    i.system_clock_168m_25m_hxtal  system_gd32f4xx.o
    0x0801ca0c   0x0801ca0c   0x00000008   Code   RO           15    i.system_clock_config  system_gd32f4xx.o
    0x0801ca14   0x0801ca14   0x00000050   Code   RO         7365    i.systick_config    systick.o
    0x0801ca64   0x0801ca64   0x00000004   Code   RO         4571    i.timer_autoreload_value_config  gd32f4xx_timer.o
    0x0801ca68   0x0801ca68   0x00000004   Code   RO         4598    i.timer_counter_value_config  gd32f4xx_timer.o
    0x0801ca6c   0x0801ca6c   0x00000184   Code   RO         4599    i.timer_deinit      gd32f4xx_timer.o
    0x0801cbf0   0x0801cbf0   0x0000000a   Code   RO         4600    i.timer_disable     gd32f4xx_timer.o
    0x0801cbfa   0x0801cbfa   0x0000000a   Code   RO         4604    i.timer_enable      gd32f4xx_timer.o
    0x0801cc04   0x0801cc04   0x00000008   Code   RO         4605    i.timer_event_software_generate  gd32f4xx_timer.o
    0x0801cc0c   0x0801cc0c   0x00000006   Code   RO         4611    i.timer_flag_clear  gd32f4xx_timer.o
    0x0801cc12   0x0801cc12   0x00000002   PAD
    0x0801cc14   0x0801cc14   0x00000098   Code   RO         4614    i.timer_init        gd32f4xx_timer.o
    0x0801ccac   0x0801ccac   0x00000008   Code   RO         4620    i.timer_interrupt_disable  gd32f4xx_timer.o
    0x0801ccb4   0x0801ccb4   0x00000008   Code   RO         4621    i.timer_interrupt_enable  gd32f4xx_timer.o
    0x0801ccbc   0x0801ccbc   0x00000006   Code   RO         4622    i.timer_interrupt_flag_clear  gd32f4xx_timer.o
    0x0801ccc2   0x0801ccc2   0x00000018   Code   RO         4623    i.timer_interrupt_flag_get  gd32f4xx_timer.o
    0x0801ccda   0x0801ccda   0x00000002   PAD
    0x0801ccdc   0x0801ccdc   0x00000038   Code   RO         8973    i.usMBCRC16         mbcrc.o
    0x0801cd14   0x0801cd14   0x000000e8   Code   RO         5252    i.usart_baudrate_set  gd32f4xx_usart.o
    0x0801cdfc   0x0801cdfc   0x0000000a   Code   RO         5256    i.usart_data_receive  gd32f4xx_usart.o
    0x0801ce06   0x0801ce06   0x00000008   Code   RO         5257    i.usart_data_transmit  gd32f4xx_usart.o
    0x0801ce0e   0x0801ce0e   0x00000002   PAD
    0x0801ce10   0x0801ce10   0x000000dc   Code   RO         5258    i.usart_deinit      gd32f4xx_usart.o
    0x0801ceec   0x0801ceec   0x0000000a   Code   RO         5259    i.usart_disable     gd32f4xx_usart.o
    0x0801cef6   0x0801cef6   0x0000000a   Code   RO         5262    i.usart_enable      gd32f4xx_usart.o
    0x0801cf00   0x0801cf00   0x00000034   Code   RO         5263    i.usart_flag_clear  gd32f4xx_usart.o
    0x0801cf34   0x0801cf34   0x0000001e   Code   RO         5264    i.usart_flag_get    gd32f4xx_usart.o
    0x0801cf52   0x0801cf52   0x00000014   Code   RO         5269    i.usart_hardware_flow_cts_config  gd32f4xx_usart.o
    0x0801cf66   0x0801cf66   0x00000014   Code   RO         5270    i.usart_hardware_flow_rts_config  gd32f4xx_usart.o
    0x0801cf7a   0x0801cf7a   0x0000001a   Code   RO         5271    i.usart_interrupt_disable  gd32f4xx_usart.o
    0x0801cf94   0x0801cf94   0x0000001a   Code   RO         5272    i.usart_interrupt_enable  gd32f4xx_usart.o
    0x0801cfae   0x0801cfae   0x0000001a   Code   RO         5273    i.usart_interrupt_flag_clear  gd32f4xx_usart.o
    0x0801cfc8   0x0801cfc8   0x00000038   Code   RO         5274    i.usart_interrupt_flag_get  gd32f4xx_usart.o
    0x0801d000   0x0801d000   0x00000010   Code   RO         5287    i.usart_parity_config  gd32f4xx_usart.o
    0x0801d010   0x0801d010   0x00000010   Code   RO         5289    i.usart_receive_config  gd32f4xx_usart.o
    0x0801d020   0x0801d020   0x00000010   Code   RO         5300    i.usart_stop_bit_set  gd32f4xx_usart.o
    0x0801d030   0x0801d030   0x00000010   Code   RO         5304    i.usart_transmit_config  gd32f4xx_usart.o
    0x0801d040   0x0801d040   0x00000010   Code   RO         5305    i.usart_word_length_set  gd32f4xx_usart.o
    0x0801d050   0x0801d050   0x0000002a   Code   RO         7493    i.validate          ff.o
    0x0801d07a   0x0801d07a   0x00000004   Data   RO         6059    .constdata          bsp_gd30ad3344.o
    0x0801d07e   0x0801d07e   0x00000a98   Data   RO         6338    .constdata          bsp_oled.o
    0x0801db16   0x0801db16   0x0000002a   Data   RO         6611    .constdata          bsp_rtc.o
    0x0801db40   0x0801db40   0x00000048   Data   RO         7169    .constdata          bsp_key.o
    0x0801db88   0x0801db88   0x00000200   Data   RO         8974    .constdata          mbcrc.o
    0x0801dd88   0x0801dd88   0x000000f3   Data   RO         6060    .conststring        bsp_gd30ad3344.o
    0x0801de7b   0x0801de7b   0x00000001   PAD
    0x0801de7c   0x0801de7c   0x00000020   Data   RO         6612    .conststring        bsp_rtc.o
    0x0801de9c   0x0801de9c   0x00000020   Data   RO         9309    Region$$Table       anon$$obj.o


    Execution Region RW_IRAM1 (Exec base: 0x20000000, Load base: 0x0801debc, Size: 0x0000ece8, Max: 0x00030000, ABSOLUTE, COMPRESSED[0x000000b4])

    Exec Addr    Load Addr    Size         Type   Attr      Idx    E Section Name        Object

    0x20000000   COMPRESSED   0x00000004   Data   RW           16    .data               system_gd32f4xx.o
    0x20000004   COMPRESSED   0x00000010   Data   RW         5658    .data               bsp_adc.o
    0x20000014   COMPRESSED   0x00000005   Data   RW         5871    .data               bsp_debug.o
    0x20000019   COMPRESSED   0x00000003   PAD
    0x2000001c   COMPRESSED   0x0000001a   Data   RW         6061    .data               bsp_gd30ad3344.o
    0x20000036   COMPRESSED   0x00000096   Data   RW         6339    .data               bsp_oled.o
    0x200000cc   COMPRESSED   0x00000011   Data   RW         6505    .data               bsp_rs485.o
    0x200000dd   COMPRESSED   0x00000003   PAD
    0x200000e0   COMPRESSED   0x0000002d   Data   RW         6613    .data               bsp_rtc.o
    0x2000010d   COMPRESSED   0x00000002   Data   RW         6752    .data               bsp_general_timer.o
    0x2000010f   COMPRESSED   0x00000001   PAD
    0x20000110   COMPRESSED   0x00000005   Data   RW         6800    .data               appupgrade_usart.o
    0x20000115   COMPRESSED   0x00000003   PAD
    0x20000118   COMPRESSED   0x00000054   Data   RW         6961    .data               bsp_sdio.o
    0x2000016c   COMPRESSED   0x00000008   Data   RW         7340    .data               main.o
    0x20000174   COMPRESSED   0x00000004   Data   RW         7366    .data               systick.o
    0x20000178   COMPRESSED   0x00000006   Data   RW         7495    .data               ff.o
    0x2000017e   COMPRESSED   0x00000002   PAD
    0x20000180   COMPRESSED   0x00000024   Data   RW         7729    .data               sdcard.o
    0x200001a4   COMPRESSED   0x00000047   Data   RW         7948    .data               function.o
    0x200001eb   COMPRESSED   0x00000001   PAD
    0x200001ec   COMPRESSED   0x00000004   Data   RW         8176    .data               log_recording_function.o
    0x200001f0   COMPRESSED   0x00000007   Data   RW         8345    .data               modbus_data_map.o
    0x200001f7   COMPRESSED   0x00000001   PAD
    0x200001f8   COMPRESSED   0x00000004   Data   RW         8574    .data               general_protocol.o
    0x200001fc   COMPRESSED   0x00000003   Data   RW         8648    .data               protocol_router.o
    0x200001ff   COMPRESSED   0x00000001   PAD
    0x20000200   COMPRESSED   0x00000002   Data   RW         8831    .data               mbfuncother.o
    0x20000202   COMPRESSED   0x00000002   PAD
    0x20000204   COMPRESSED   0x00000004   Data   RW         9283    .data               mc_w.l(stdout.o)
    0x20000208        -       0x00000190   Zero   RW         5657    .bss                bsp_adc.o
    0x20000398        -       0x00000100   Zero   RW         5870    .bss                bsp_debug.o
    0x20000498        -       0x00000010   Zero   RW         6058    .bss                bsp_gd30ad3344.o
    0x200004a8        -       0x00000c96   Zero   RW         6504    .bss                bsp_rs485.o
    0x2000113e   COMPRESSED   0x00000002   PAD
    0x20001140        -       0x00000038   Zero   RW         6610    .bss                bsp_rtc.o
    0x20001178        -       0x0000a000   Zero   RW         6799    .bss                appupgrade_usart.o
    0x2000b178        -       0x00000778   Zero   RW         6958    .bss                bsp_sdio.o
    0x2000b8f0        -       0x0000006c   Zero   RW         7168    .bss                bsp_key.o
    0x2000b95c        -       0x00000020   Zero   RW         7728    .bss                sdcard.o
    0x2000b97c        -       0x00000040   Zero   RW         8249    .bss                param_handle.o
    0x2000b9bc        -       0x00001a00   Zero   RW         8507    .bss                app_upgrade.o
    0x2000d3bc        -       0x00000400   Zero   RW         8573    .bss                general_protocol.o
    0x2000d7bc        -       0x00000308   Zero   RW         8647    .bss                protocol_router.o
    0x2000dac4        -       0x00000020   Zero   RW         8830    .bss                mbfuncother.o
    0x2000dae4        -       0x00000a00   Zero   RW         8882    .bss                port.o
    0x2000e4e4   COMPRESSED   0x00000004   PAD
    0x2000e4e8        -       0x00000800   Zero   RW            1    STACK               startup_gd32f450_470.o


==============================================================================

Image component sizes


      Code (inc. data)   RO Data    RW Data    ZI Data      Debug   Object Name

       180         36          0          0       6656       3330   app_upgrade.o
       128         18          0          5      40960       1386   appupgrade_usart.o
       336         26          0         16        400      17863   bsp_adc.o
       132         14          0          0          0       1105   bsp_dac.o
       380         40          0          5        256       3115   bsp_debug.o
       966         52          0          0          0       7725   bsp_flash.o
      3218        912        247         26         16      17391   bsp_gd30ad3344.o
       548         52          0          2          0       3784   bsp_general_timer.o
       704         52         72          0        108       7305   bsp_key.o
        44          4          0          0          0        507   bsp_led.o
       886         38       2712        150          0      10892   bsp_oled.o
      1112        164          0         17       3222       7711   bsp_rs485.o
      1384        210         74         45         56       6892   bsp_rtc.o
       276         38          0         84       1912       3038   bsp_sdio.o
       410        194          0          0          0       1820   bsp_wkp.o
       596          6          0          0          0       5080   diskio.o
      5496         46          0          6          0      27697   ff.o
      2838        386          0         71          0      51024   function.o
       538          8          0          0          0       7013   gd32f4xx_adc.o
       310          6          0          0          0       5793   gd32f4xx_dac.o
       866          4          0          0          0       6525   gd32f4xx_dma.o
       240         20          0          0          0       2494   gd32f4xx_exti.o
       404         50          0          0          0       4877   gd32f4xx_fmc.o
       272          0          0          0          0       4898   gd32f4xx_gpio.o
        40          0          0          0          0       4908   gd32f4xx_it.o
       216         20          0          0          0       1448   gd32f4xx_misc.o
        96         18          0          0          0       1662   gd32f4xx_pmu.o
       880         64          0          0          0       6772   gd32f4xx_rcu.o
       892         54          0          0          0       7791   gd32f4xx_rtc.o
       628        136          0          0          0      15190   gd32f4xx_sdio.o
       278         10          0          0          0       4810   gd32f4xx_spi.o
       172          6          0          0          0        766   gd32f4xx_syscfg.o
       628         44          0          0          0       7962   gd32f4xx_timer.o
       826         18          0          0          0      12357   gd32f4xx_usart.o
      1818         46          0          4       1024       8594   general_protocol.o
      1158        184          0          4          0       7955   log_recording_function.o
       696        186          0          8          0       1163   main.o
        56          8        512          0          0       1352   mbcrc.o
       430          0          0          0          0       6358   mbfunccoils.o
       172          0          0          0          0       1740   mbfuncdisc.o
       528          0          0          0          0       5363   mbfuncholding.o
       140          0          0          0          0       1691   mbfuncinput.o
       160         20          0          2         32       2411   mbfuncother.o
        34          0          0          0          0        656   mbutils.o
      2256        194          0          7          0      13577   modbus_data_map.o
       624         72          0          0         64       7850   param_handle.o
       524         20          0          0       2560       7409   port.o
      1318         86          0          3        776      11645   protocol_router.o
       146          0          0          0          0       1687   rom.o
      7134        352          0         36         32      31907   sdcard.o
        36          8        428          0       2048        880   startup_gd32f450_470.o
       484         32          0          4          0     108387   system_gd32f4xx.o
       164         24          0          4          0      29074   systick.o

    ----------------------------------------------------------------------
     44868       3978       4078        516      60128     522630   Object Totals
         0          0         32          0          0          0   (incl. Generated)
        70          0          1         17          6          0   (incl. Padding)

    ----------------------------------------------------------------------

      Code (inc. data)   RO Data    RW Data    ZI Data      Debug   Library Member Name

        86          0          0          0          0          0   __dczerorl2.o
         0          0          0          0          0          0   entry.o
         0          0          0          0          0          0   entry10a.o
         0          0          0          0          0          0   entry11a.o
         4          0          0          0          0          0   entry12b.o
         8          4          0          0          0          0   entry2.o
         4          0          0          0          0          0   entry5.o
         0          0          0          0          0          0   entry7b.o
         0          0          0          0          0          0   entry8b.o
         8          4          0          0          0          0   entry9a.o
        30          0          0          0          0          0   handlers.o
        36          8          0          0          0         68   init.o
         0          0          0          0          0          0   iusefp.o
        30          0          0          0          0         68   llshl.o
        36          0          0          0          0         68   llsshr.o
        32          0          0          0          0         68   llushr.o
        36          0          0          0          0         68   memcpya.o
        36          0          0          0          0        108   memseta.o
      2344        100          0          0          0        700   printfa.o
         0          0          0          4          0          0   stdout.o
        14          0          0          0          0         68   strlen.o
        24          0          0          0          0         76   strncpy.o
        44          0          0          0          0         80   uidiv.o
        98          0          0          0          0         92   uldiv.o
        48          0          0          0          0         68   cdrcmple.o
       334          0          0          0          0        148   dadd.o
       222          0          0          0          0        100   ddiv.o
       186          0          0          0          0        176   depilogue.o
        48          0          0          0          0         68   dfixul.o
       228          0          0          0          0         96   dmul.o
        38          0          0          0          0         68   f2d.o

    ----------------------------------------------------------------------
      3978        116          0          4          0       2188   Library Totals
         4          0          0          0          0          0   (incl. Padding)

    ----------------------------------------------------------------------

      Code (inc. data)   RO Data    RW Data    ZI Data      Debug   Library Name

      2870        116          0          4          0       1464   mc_w.l
      1104          0          0          0          0        724   mf_w.l

    ----------------------------------------------------------------------
      3978        116          0          4          0       2188   Library Totals

    ----------------------------------------------------------------------

==============================================================================


      Code (inc. data)   RO Data    RW Data    ZI Data      Debug   

     48846       4094       4078        520      60128     481258   Grand Totals
     48846       4094       4078        180      60128     481258   ELF Image Totals (compressed)
     48846       4094       4078        180          0          0   ROM Totals

==============================================================================

    Total RO  Size (Code + RO Data)                52924 (  51.68kB)
    Total RW  Size (RW Data + ZI Data)             60648 (  59.23kB)
    Total ROM Size (Code + RO Data + RW Data)      53104 (  51.86kB)

==============================================================================

