<!doctype html public "-//w3c//dtd html 4.0 transitional//en">
<html><head>
<title>Static Call Graph - [.\Objects\test.axf]</title></head>
<body><HR>
<H1>Static Call Graph for image .\Objects\test.axf</H1><HR>
<BR><P>#&#060CALLGRAPH&#062# ARM Linker, 5060960: Last Updated: Tue Aug 11 15:13:23 2026
<BR><P>
<H3>Maximum Stack Usage =       1424 bytes + Unknown(Cycles, Untraceable Function Pointers)</H3><H3>
Call chain for Maximum Stack Depth:</H3>
main &rArr; Protocol_Route &rArr; Modbus_ProcessFrame &rArr; Modbus_ProcessASCIIFrame &rArr; Modbus_DispatchPDU &rArr; Modbus_ApplyCoils &rArr; bsp_sdio_file_append_text &rArr; sd_make_parent_dirs &rArr; f_mkdir &rArr; follow_path &rArr; dir_find &rArr; dir_next &rArr; create_chain &rArr; put_fat &rArr; move_window &rArr; disk_write &rArr; sd_multiblocks_write &rArr; dma_transfer_config &rArr; dma_multi_data_mode_init
<P>
<H3>
Mutually Recursive functions
</H3> <LI><a href="#[1c]">ADC_IRQHandler</a>&nbsp;&nbsp;&nbsp;&rArr;&nbsp;&nbsp;&nbsp;<a href="#[1c]">ADC_IRQHandler</a><BR>
</UL>
<P>
<H3>
Function Pointers
</H3><UL>
 <LI><a href="#[1c]">ADC_IRQHandler</a> from startup_gd32f450_470.o(.text) referenced from startup_gd32f450_470.o(RESET)
 <LI><a href="#[4]">BusFault_Handler</a> from gd32f4xx_it.o(i.BusFault_Handler) referenced from startup_gd32f450_470.o(RESET)
 <LI><a href="#[20]">CAN0_EWMC_IRQHandler</a> from startup_gd32f450_470.o(.text) referenced from startup_gd32f450_470.o(RESET)
 <LI><a href="#[1e]">CAN0_RX0_IRQHandler</a> from startup_gd32f450_470.o(.text) referenced from startup_gd32f450_470.o(RESET)
 <LI><a href="#[1f]">CAN0_RX1_IRQHandler</a> from startup_gd32f450_470.o(.text) referenced from startup_gd32f450_470.o(RESET)
 <LI><a href="#[1d]">CAN0_TX_IRQHandler</a> from startup_gd32f450_470.o(.text) referenced from startup_gd32f450_470.o(RESET)
 <LI><a href="#[4c]">CAN1_EWMC_IRQHandler</a> from startup_gd32f450_470.o(.text) referenced from startup_gd32f450_470.o(RESET)
 <LI><a href="#[4a]">CAN1_RX0_IRQHandler</a> from startup_gd32f450_470.o(.text) referenced from startup_gd32f450_470.o(RESET)
 <LI><a href="#[4b]">CAN1_RX1_IRQHandler</a> from startup_gd32f450_470.o(.text) referenced from startup_gd32f450_470.o(RESET)
 <LI><a href="#[49]">CAN1_TX_IRQHandler</a> from startup_gd32f450_470.o(.text) referenced from startup_gd32f450_470.o(RESET)
 <LI><a href="#[58]">DCI_IRQHandler</a> from startup_gd32f450_470.o(.text) referenced from startup_gd32f450_470.o(RESET)
 <LI><a href="#[15]">DMA0_Channel0_IRQHandler</a> from startup_gd32f450_470.o(.text) referenced from startup_gd32f450_470.o(RESET)
 <LI><a href="#[16]">DMA0_Channel1_IRQHandler</a> from startup_gd32f450_470.o(.text) referenced from startup_gd32f450_470.o(RESET)
 <LI><a href="#[17]">DMA0_Channel2_IRQHandler</a> from startup_gd32f450_470.o(.text) referenced from startup_gd32f450_470.o(RESET)
 <LI><a href="#[18]">DMA0_Channel3_IRQHandler</a> from startup_gd32f450_470.o(.text) referenced from startup_gd32f450_470.o(RESET)
 <LI><a href="#[19]">DMA0_Channel4_IRQHandler</a> from startup_gd32f450_470.o(.text) referenced from startup_gd32f450_470.o(RESET)
 <LI><a href="#[1a]">DMA0_Channel5_IRQHandler</a> from startup_gd32f450_470.o(.text) referenced from startup_gd32f450_470.o(RESET)
 <LI><a href="#[1b]">DMA0_Channel6_IRQHandler</a> from startup_gd32f450_470.o(.text) referenced from startup_gd32f450_470.o(RESET)
 <LI><a href="#[39]">DMA0_Channel7_IRQHandler</a> from startup_gd32f450_470.o(.text) referenced from startup_gd32f450_470.o(RESET)
 <LI><a href="#[42]">DMA1_Channel0_IRQHandler</a> from startup_gd32f450_470.o(.text) referenced from startup_gd32f450_470.o(RESET)
 <LI><a href="#[43]">DMA1_Channel1_IRQHandler</a> from startup_gd32f450_470.o(.text) referenced from startup_gd32f450_470.o(RESET)
 <LI><a href="#[44]">DMA1_Channel2_IRQHandler</a> from startup_gd32f450_470.o(.text) referenced from startup_gd32f450_470.o(RESET)
 <LI><a href="#[45]">DMA1_Channel3_IRQHandler</a> from startup_gd32f450_470.o(.text) referenced from startup_gd32f450_470.o(RESET)
 <LI><a href="#[46]">DMA1_Channel4_IRQHandler</a> from startup_gd32f450_470.o(.text) referenced from startup_gd32f450_470.o(RESET)
 <LI><a href="#[4e]">DMA1_Channel5_IRQHandler</a> from startup_gd32f450_470.o(.text) referenced from startup_gd32f450_470.o(RESET)
 <LI><a href="#[4f]">DMA1_Channel6_IRQHandler</a> from startup_gd32f450_470.o(.text) referenced from startup_gd32f450_470.o(RESET)
 <LI><a href="#[50]">DMA1_Channel7_IRQHandler</a> from startup_gd32f450_470.o(.text) referenced from startup_gd32f450_470.o(RESET)
 <LI><a href="#[7]">DebugMon_Handler</a> from gd32f4xx_it.o(i.DebugMon_Handler) referenced from startup_gd32f450_470.o(RESET)
 <LI><a href="#[47]">ENET_IRQHandler</a> from startup_gd32f450_470.o(.text) referenced from startup_gd32f450_470.o(RESET)
 <LI><a href="#[48]">ENET_WKUP_IRQHandler</a> from startup_gd32f450_470.o(.text) referenced from startup_gd32f450_470.o(RESET)
 <LI><a href="#[3a]">EXMC_IRQHandler</a> from startup_gd32f450_470.o(.text) referenced from startup_gd32f450_470.o(RESET)
 <LI><a href="#[10]">EXTI0_IRQHandler</a> from bsp_key.o(i.EXTI0_IRQHandler) referenced from startup_gd32f450_470.o(RESET)
 <LI><a href="#[32]">EXTI10_15_IRQHandler</a> from startup_gd32f450_470.o(.text) referenced from startup_gd32f450_470.o(RESET)
 <LI><a href="#[11]">EXTI1_IRQHandler</a> from bsp_key.o(i.EXTI1_IRQHandler) referenced from startup_gd32f450_470.o(RESET)
 <LI><a href="#[12]">EXTI2_IRQHandler</a> from startup_gd32f450_470.o(.text) referenced from startup_gd32f450_470.o(RESET)
 <LI><a href="#[13]">EXTI3_IRQHandler</a> from bsp_key.o(i.EXTI3_IRQHandler) referenced from startup_gd32f450_470.o(RESET)
 <LI><a href="#[14]">EXTI4_IRQHandler</a> from bsp_key.o(i.EXTI4_IRQHandler) referenced from startup_gd32f450_470.o(RESET)
 <LI><a href="#[21]">EXTI5_9_IRQHandler</a> from bsp_key.o(i.EXTI5_9_IRQHandler) referenced from startup_gd32f450_470.o(RESET)
 <LI><a href="#[e]">FMC_IRQHandler</a> from startup_gd32f450_470.o(.text) referenced from startup_gd32f450_470.o(RESET)
 <LI><a href="#[5a]">FPU_IRQHandler</a> from startup_gd32f450_470.o(.text) referenced from startup_gd32f450_470.o(RESET)
 <LI><a href="#[2]">HardFault_Handler</a> from gd32f4xx_it.o(i.HardFault_Handler) referenced from startup_gd32f450_470.o(RESET)
 <LI><a href="#[2a]">I2C0_ER_IRQHandler</a> from startup_gd32f450_470.o(.text) referenced from startup_gd32f450_470.o(RESET)
 <LI><a href="#[29]">I2C0_EV_IRQHandler</a> from startup_gd32f450_470.o(.text) referenced from startup_gd32f450_470.o(RESET)
 <LI><a href="#[2c]">I2C1_ER_IRQHandler</a> from startup_gd32f450_470.o(.text) referenced from startup_gd32f450_470.o(RESET)
 <LI><a href="#[2b]">I2C1_EV_IRQHandler</a> from startup_gd32f450_470.o(.text) referenced from startup_gd32f450_470.o(RESET)
 <LI><a href="#[53]">I2C2_ER_IRQHandler</a> from startup_gd32f450_470.o(.text) referenced from startup_gd32f450_470.o(RESET)
 <LI><a href="#[52]">I2C2_EV_IRQHandler</a> from startup_gd32f450_470.o(.text) referenced from startup_gd32f450_470.o(RESET)
 <LI><a href="#[62]">IPA_IRQHandler</a> from startup_gd32f450_470.o(.text) referenced from startup_gd32f450_470.o(RESET)
 <LI><a href="#[b]">LVD_IRQHandler</a> from startup_gd32f450_470.o(.text) referenced from startup_gd32f450_470.o(RESET)
 <LI><a href="#[3]">MemManage_Handler</a> from gd32f4xx_it.o(i.MemManage_Handler) referenced from startup_gd32f450_470.o(RESET)
 <LI><a href="#[1]">NMI_Handler</a> from gd32f4xx_it.o(i.NMI_Handler) referenced from startup_gd32f450_470.o(RESET)
 <LI><a href="#[8]">PendSV_Handler</a> from gd32f4xx_it.o(i.PendSV_Handler) referenced from startup_gd32f450_470.o(RESET)
 <LI><a href="#[f]">RCU_CTC_IRQHandler</a> from startup_gd32f450_470.o(.text) referenced from startup_gd32f450_470.o(RESET)
 <LI><a href="#[33]">RTC_Alarm_IRQHandler</a> from bsp_rtc.o(i.RTC_Alarm_IRQHandler) referenced from startup_gd32f450_470.o(RESET)
 <LI><a href="#[d]">RTC_WKUP_IRQHandler</a> from startup_gd32f450_470.o(.text) referenced from startup_gd32f450_470.o(RESET)
 <LI><a href="#[0]">Reset_Handler</a> from startup_gd32f450_470.o(.text) referenced from startup_gd32f450_470.o(RESET)
 <LI><a href="#[3b]">SDIO_IRQHandler</a> from gd32f4xx_it.o(i.SDIO_IRQHandler) referenced from startup_gd32f450_470.o(RESET)
 <LI><a href="#[2d]">SPI0_IRQHandler</a> from startup_gd32f450_470.o(.text) referenced from startup_gd32f450_470.o(RESET)
 <LI><a href="#[2e]">SPI1_IRQHandler</a> from startup_gd32f450_470.o(.text) referenced from startup_gd32f450_470.o(RESET)
 <LI><a href="#[3d]">SPI2_IRQHandler</a> from startup_gd32f450_470.o(.text) referenced from startup_gd32f450_470.o(RESET)
 <LI><a href="#[5d]">SPI3_IRQHandler</a> from startup_gd32f450_470.o(.text) referenced from startup_gd32f450_470.o(RESET)
 <LI><a href="#[5e]">SPI4_IRQHandler</a> from startup_gd32f450_470.o(.text) referenced from startup_gd32f450_470.o(RESET)
 <LI><a href="#[5f]">SPI5_IRQHandler</a> from startup_gd32f450_470.o(.text) referenced from startup_gd32f450_470.o(RESET)
 <LI><a href="#[6]">SVC_Handler</a> from gd32f4xx_it.o(i.SVC_Handler) referenced from startup_gd32f450_470.o(RESET)
 <LI><a href="#[9]">SysTick_Handler</a> from gd32f4xx_it.o(i.SysTick_Handler) referenced from startup_gd32f450_470.o(RESET)
 <LI><a href="#[64]">SystemInit</a> from system_gd32f4xx.o(i.SystemInit) referenced from startup_gd32f450_470.o(.text)
 <LI><a href="#[c]">TAMPER_STAMP_IRQHandler</a> from startup_gd32f450_470.o(.text) referenced from startup_gd32f450_470.o(RESET)
 <LI><a href="#[22]">TIMER0_BRK_TIMER8_IRQHandler</a> from startup_gd32f450_470.o(.text) referenced from startup_gd32f450_470.o(RESET)
 <LI><a href="#[25]">TIMER0_Channel_IRQHandler</a> from startup_gd32f450_470.o(.text) referenced from startup_gd32f450_470.o(RESET)
 <LI><a href="#[24]">TIMER0_TRG_CMT_TIMER10_IRQHandler</a> from startup_gd32f450_470.o(.text) referenced from startup_gd32f450_470.o(RESET)
 <LI><a href="#[23]">TIMER0_UP_TIMER9_IRQHandler</a> from bsp_general_timer.o(i.TIMER0_UP_TIMER9_IRQHandler) referenced from startup_gd32f450_470.o(RESET)
 <LI><a href="#[26]">TIMER1_IRQHandler</a> from startup_gd32f450_470.o(.text) referenced from startup_gd32f450_470.o(RESET)
 <LI><a href="#[27]">TIMER2_IRQHandler</a> from startup_gd32f450_470.o(.text) referenced from startup_gd32f450_470.o(RESET)
 <LI><a href="#[28]">TIMER3_IRQHandler</a> from startup_gd32f450_470.o(.text) referenced from startup_gd32f450_470.o(RESET)
 <LI><a href="#[3c]">TIMER4_IRQHandler</a> from startup_gd32f450_470.o(.text) referenced from startup_gd32f450_470.o(RESET)
 <LI><a href="#[40]">TIMER5_DAC_IRQHandler</a> from bsp_key.o(i.TIMER5_DAC_IRQHandler) referenced from startup_gd32f450_470.o(RESET)
 <LI><a href="#[41]">TIMER6_IRQHandler</a> from bsp_rs485.o(i.TIMER6_IRQHandler) referenced from startup_gd32f450_470.o(RESET)
 <LI><a href="#[35]">TIMER7_BRK_TIMER11_IRQHandler</a> from startup_gd32f450_470.o(.text) referenced from startup_gd32f450_470.o(RESET)
 <LI><a href="#[38]">TIMER7_Channel_IRQHandler</a> from startup_gd32f450_470.o(.text) referenced from startup_gd32f450_470.o(RESET)
 <LI><a href="#[37]">TIMER7_TRG_CMT_TIMER13_IRQHandler</a> from startup_gd32f450_470.o(.text) referenced from startup_gd32f450_470.o(RESET)
 <LI><a href="#[36]">TIMER7_UP_TIMER12_IRQHandler</a> from bsp_general_timer.o(i.TIMER7_UP_TIMER12_IRQHandler) referenced from startup_gd32f450_470.o(RESET)
 <LI><a href="#[61]">TLI_ER_IRQHandler</a> from startup_gd32f450_470.o(.text) referenced from startup_gd32f450_470.o(RESET)
 <LI><a href="#[60]">TLI_IRQHandler</a> from startup_gd32f450_470.o(.text) referenced from startup_gd32f450_470.o(RESET)
 <LI><a href="#[59]">TRNG_IRQHandler</a> from startup_gd32f450_470.o(.text) referenced from startup_gd32f450_470.o(RESET)
 <LI><a href="#[3e]">UART3_IRQHandler</a> from startup_gd32f450_470.o(.text) referenced from startup_gd32f450_470.o(RESET)
 <LI><a href="#[3f]">UART4_IRQHandler</a> from startup_gd32f450_470.o(.text) referenced from startup_gd32f450_470.o(RESET)
 <LI><a href="#[5b]">UART6_IRQHandler</a> from startup_gd32f450_470.o(.text) referenced from startup_gd32f450_470.o(RESET)
 <LI><a href="#[5c]">UART7_IRQHandler</a> from startup_gd32f450_470.o(.text) referenced from startup_gd32f450_470.o(RESET)
 <LI><a href="#[2f]">USART0_IRQHandler</a> from bsp_debug.o(i.USART0_IRQHandler) referenced from startup_gd32f450_470.o(RESET)
 <LI><a href="#[30]">USART1_IRQHandler</a> from bsp_rs485.o(i.USART1_IRQHandler) referenced from startup_gd32f450_470.o(RESET)
 <LI><a href="#[31]">USART2_IRQHandler</a> from appupgrade_usart.o(i.USART2_IRQHandler) referenced from startup_gd32f450_470.o(RESET)
 <LI><a href="#[51]">USART5_IRQHandler</a> from startup_gd32f450_470.o(.text) referenced from startup_gd32f450_470.o(RESET)
 <LI><a href="#[4d]">USBFS_IRQHandler</a> from startup_gd32f450_470.o(.text) referenced from startup_gd32f450_470.o(RESET)
 <LI><a href="#[34]">USBFS_WKUP_IRQHandler</a> from startup_gd32f450_470.o(.text) referenced from startup_gd32f450_470.o(RESET)
 <LI><a href="#[55]">USBHS_EP1_In_IRQHandler</a> from startup_gd32f450_470.o(.text) referenced from startup_gd32f450_470.o(RESET)
 <LI><a href="#[54]">USBHS_EP1_Out_IRQHandler</a> from startup_gd32f450_470.o(.text) referenced from startup_gd32f450_470.o(RESET)
 <LI><a href="#[57]">USBHS_IRQHandler</a> from startup_gd32f450_470.o(.text) referenced from startup_gd32f450_470.o(RESET)
 <LI><a href="#[56]">USBHS_WKUP_IRQHandler</a> from startup_gd32f450_470.o(.text) referenced from startup_gd32f450_470.o(RESET)
 <LI><a href="#[5]">UsageFault_Handler</a> from gd32f4xx_it.o(i.UsageFault_Handler) referenced from startup_gd32f450_470.o(RESET)
 <LI><a href="#[a]">WWDGT_IRQHandler</a> from startup_gd32f450_470.o(.text) referenced from startup_gd32f450_470.o(RESET)
 <LI><a href="#[65]">__main</a> from entry.o(.ARM.Collect$$$$00000000) referenced from startup_gd32f450_470.o(.text)
 <LI><a href="#[67]">_snputc</a> from printfa.o(i._snputc) referenced from printfa.o(i.__0snprintf)
 <LI><a href="#[67]">_snputc</a> from printfa.o(i._snputc) referenced from printfa.o(i.__0vsnprintf)
 <LI><a href="#[66]">fputc</a> from bsp_debug.o(i.fputc) referenced from printfa.o(i.__0printf)
 <LI><a href="#[63]">main</a> from main.o(i.main) referenced from entry9a.o(.ARM.Collect$$$$0000000B)
</UL>
<P>
<H3>
Global Symbols
</H3>
<P><STRONG><a name="[65]"></a>__main</STRONG> (Thumb, 0 bytes, Stack size unknown bytes, entry.o(.ARM.Collect$$$$00000000))
<BR>[Address Reference Count : 1]<UL><LI> startup_gd32f450_470.o(.text)
</UL>
<P><STRONG><a name="[225]"></a>_main_stk</STRONG> (Thumb, 0 bytes, Stack size unknown bytes, entry2.o(.ARM.Collect$$$$00000001))

<P><STRONG><a name="[68]"></a>_main_scatterload</STRONG> (Thumb, 0 bytes, Stack size unknown bytes, entry5.o(.ARM.Collect$$$$00000004))
<BR><BR>[Calls]<UL><LI><a href="#[69]">&gt;&gt;</a>&nbsp;&nbsp;&nbsp;__scatterload
</UL>

<P><STRONG><a name="[79]"></a>__main_after_scatterload</STRONG> (Thumb, 0 bytes, Stack size unknown bytes, entry5.o(.ARM.Collect$$$$00000004))
<BR><BR>[Called By]<UL><LI><a href="#[69]">&gt;&gt;</a>&nbsp;&nbsp;&nbsp;__scatterload
</UL>

<P><STRONG><a name="[226]"></a>_main_clock</STRONG> (Thumb, 0 bytes, Stack size unknown bytes, entry7b.o(.ARM.Collect$$$$00000008))

<P><STRONG><a name="[227]"></a>_main_cpp_init</STRONG> (Thumb, 0 bytes, Stack size unknown bytes, entry8b.o(.ARM.Collect$$$$0000000A))

<P><STRONG><a name="[228]"></a>_main_init</STRONG> (Thumb, 0 bytes, Stack size unknown bytes, entry9a.o(.ARM.Collect$$$$0000000B))

<P><STRONG><a name="[229]"></a>__rt_lib_shutdown_fini</STRONG> (Thumb, 0 bytes, Stack size unknown bytes, entry12b.o(.ARM.Collect$$$$0000000E))

<P><STRONG><a name="[22a]"></a>__rt_final_cpp</STRONG> (Thumb, 0 bytes, Stack size unknown bytes, entry10a.o(.ARM.Collect$$$$0000000F))

<P><STRONG><a name="[22b]"></a>__rt_final_exit</STRONG> (Thumb, 0 bytes, Stack size unknown bytes, entry11a.o(.ARM.Collect$$$$00000011))

<P><STRONG><a name="[0]"></a>Reset_Handler</STRONG> (Thumb, 8 bytes, Stack size 0 bytes, startup_gd32f450_470.o(.text))
<BR>[Address Reference Count : 1]<UL><LI> startup_gd32f450_470.o(RESET)
</UL>
<P><STRONG><a name="[1c]"></a>ADC_IRQHandler</STRONG> (Thumb, 0 bytes, Stack size 0 bytes, startup_gd32f450_470.o(.text))
<BR><BR>[Calls]<UL><LI><a href="#[1c]">&gt;&gt;</a>&nbsp;&nbsp;&nbsp;ADC_IRQHandler
</UL>
<BR>[Called By]<UL><LI><a href="#[1c]">&gt;&gt;</a>&nbsp;&nbsp;&nbsp;ADC_IRQHandler
</UL>
<BR>[Address Reference Count : 1]<UL><LI> startup_gd32f450_470.o(RESET)
</UL>
<P><STRONG><a name="[20]"></a>CAN0_EWMC_IRQHandler</STRONG> (Thumb, 0 bytes, Stack size 0 bytes, startup_gd32f450_470.o(.text))
<BR>[Address Reference Count : 1]<UL><LI> startup_gd32f450_470.o(RESET)
</UL>
<P><STRONG><a name="[1e]"></a>CAN0_RX0_IRQHandler</STRONG> (Thumb, 0 bytes, Stack size 0 bytes, startup_gd32f450_470.o(.text))
<BR>[Address Reference Count : 1]<UL><LI> startup_gd32f450_470.o(RESET)
</UL>
<P><STRONG><a name="[1f]"></a>CAN0_RX1_IRQHandler</STRONG> (Thumb, 0 bytes, Stack size 0 bytes, startup_gd32f450_470.o(.text))
<BR>[Address Reference Count : 1]<UL><LI> startup_gd32f450_470.o(RESET)
</UL>
<P><STRONG><a name="[1d]"></a>CAN0_TX_IRQHandler</STRONG> (Thumb, 0 bytes, Stack size 0 bytes, startup_gd32f450_470.o(.text))
<BR>[Address Reference Count : 1]<UL><LI> startup_gd32f450_470.o(RESET)
</UL>
<P><STRONG><a name="[4c]"></a>CAN1_EWMC_IRQHandler</STRONG> (Thumb, 0 bytes, Stack size 0 bytes, startup_gd32f450_470.o(.text))
<BR>[Address Reference Count : 1]<UL><LI> startup_gd32f450_470.o(RESET)
</UL>
<P><STRONG><a name="[4a]"></a>CAN1_RX0_IRQHandler</STRONG> (Thumb, 0 bytes, Stack size 0 bytes, startup_gd32f450_470.o(.text))
<BR>[Address Reference Count : 1]<UL><LI> startup_gd32f450_470.o(RESET)
</UL>
<P><STRONG><a name="[4b]"></a>CAN1_RX1_IRQHandler</STRONG> (Thumb, 0 bytes, Stack size 0 bytes, startup_gd32f450_470.o(.text))
<BR>[Address Reference Count : 1]<UL><LI> startup_gd32f450_470.o(RESET)
</UL>
<P><STRONG><a name="[49]"></a>CAN1_TX_IRQHandler</STRONG> (Thumb, 0 bytes, Stack size 0 bytes, startup_gd32f450_470.o(.text))
<BR>[Address Reference Count : 1]<UL><LI> startup_gd32f450_470.o(RESET)
</UL>
<P><STRONG><a name="[58]"></a>DCI_IRQHandler</STRONG> (Thumb, 0 bytes, Stack size 0 bytes, startup_gd32f450_470.o(.text))
<BR>[Address Reference Count : 1]<UL><LI> startup_gd32f450_470.o(RESET)
</UL>
<P><STRONG><a name="[15]"></a>DMA0_Channel0_IRQHandler</STRONG> (Thumb, 0 bytes, Stack size 0 bytes, startup_gd32f450_470.o(.text))
<BR>[Address Reference Count : 1]<UL><LI> startup_gd32f450_470.o(RESET)
</UL>
<P><STRONG><a name="[16]"></a>DMA0_Channel1_IRQHandler</STRONG> (Thumb, 0 bytes, Stack size 0 bytes, startup_gd32f450_470.o(.text))
<BR>[Address Reference Count : 1]<UL><LI> startup_gd32f450_470.o(RESET)
</UL>
<P><STRONG><a name="[17]"></a>DMA0_Channel2_IRQHandler</STRONG> (Thumb, 0 bytes, Stack size 0 bytes, startup_gd32f450_470.o(.text))
<BR>[Address Reference Count : 1]<UL><LI> startup_gd32f450_470.o(RESET)
</UL>
<P><STRONG><a name="[18]"></a>DMA0_Channel3_IRQHandler</STRONG> (Thumb, 0 bytes, Stack size 0 bytes, startup_gd32f450_470.o(.text))
<BR>[Address Reference Count : 1]<UL><LI> startup_gd32f450_470.o(RESET)
</UL>
<P><STRONG><a name="[19]"></a>DMA0_Channel4_IRQHandler</STRONG> (Thumb, 0 bytes, Stack size 0 bytes, startup_gd32f450_470.o(.text))
<BR>[Address Reference Count : 1]<UL><LI> startup_gd32f450_470.o(RESET)
</UL>
<P><STRONG><a name="[1a]"></a>DMA0_Channel5_IRQHandler</STRONG> (Thumb, 0 bytes, Stack size 0 bytes, startup_gd32f450_470.o(.text))
<BR>[Address Reference Count : 1]<UL><LI> startup_gd32f450_470.o(RESET)
</UL>
<P><STRONG><a name="[1b]"></a>DMA0_Channel6_IRQHandler</STRONG> (Thumb, 0 bytes, Stack size 0 bytes, startup_gd32f450_470.o(.text))
<BR>[Address Reference Count : 1]<UL><LI> startup_gd32f450_470.o(RESET)
</UL>
<P><STRONG><a name="[39]"></a>DMA0_Channel7_IRQHandler</STRONG> (Thumb, 0 bytes, Stack size 0 bytes, startup_gd32f450_470.o(.text))
<BR>[Address Reference Count : 1]<UL><LI> startup_gd32f450_470.o(RESET)
</UL>
<P><STRONG><a name="[42]"></a>DMA1_Channel0_IRQHandler</STRONG> (Thumb, 0 bytes, Stack size 0 bytes, startup_gd32f450_470.o(.text))
<BR>[Address Reference Count : 1]<UL><LI> startup_gd32f450_470.o(RESET)
</UL>
<P><STRONG><a name="[43]"></a>DMA1_Channel1_IRQHandler</STRONG> (Thumb, 0 bytes, Stack size 0 bytes, startup_gd32f450_470.o(.text))
<BR>[Address Reference Count : 1]<UL><LI> startup_gd32f450_470.o(RESET)
</UL>
<P><STRONG><a name="[44]"></a>DMA1_Channel2_IRQHandler</STRONG> (Thumb, 0 bytes, Stack size 0 bytes, startup_gd32f450_470.o(.text))
<BR>[Address Reference Count : 1]<UL><LI> startup_gd32f450_470.o(RESET)
</UL>
<P><STRONG><a name="[45]"></a>DMA1_Channel3_IRQHandler</STRONG> (Thumb, 0 bytes, Stack size 0 bytes, startup_gd32f450_470.o(.text))
<BR>[Address Reference Count : 1]<UL><LI> startup_gd32f450_470.o(RESET)
</UL>
<P><STRONG><a name="[46]"></a>DMA1_Channel4_IRQHandler</STRONG> (Thumb, 0 bytes, Stack size 0 bytes, startup_gd32f450_470.o(.text))
<BR>[Address Reference Count : 1]<UL><LI> startup_gd32f450_470.o(RESET)
</UL>
<P><STRONG><a name="[4e]"></a>DMA1_Channel5_IRQHandler</STRONG> (Thumb, 0 bytes, Stack size 0 bytes, startup_gd32f450_470.o(.text))
<BR>[Address Reference Count : 1]<UL><LI> startup_gd32f450_470.o(RESET)
</UL>
<P><STRONG><a name="[4f]"></a>DMA1_Channel6_IRQHandler</STRONG> (Thumb, 0 bytes, Stack size 0 bytes, startup_gd32f450_470.o(.text))
<BR>[Address Reference Count : 1]<UL><LI> startup_gd32f450_470.o(RESET)
</UL>
<P><STRONG><a name="[50]"></a>DMA1_Channel7_IRQHandler</STRONG> (Thumb, 0 bytes, Stack size 0 bytes, startup_gd32f450_470.o(.text))
<BR>[Address Reference Count : 1]<UL><LI> startup_gd32f450_470.o(RESET)
</UL>
<P><STRONG><a name="[47]"></a>ENET_IRQHandler</STRONG> (Thumb, 0 bytes, Stack size 0 bytes, startup_gd32f450_470.o(.text))
<BR>[Address Reference Count : 1]<UL><LI> startup_gd32f450_470.o(RESET)
</UL>
<P><STRONG><a name="[48]"></a>ENET_WKUP_IRQHandler</STRONG> (Thumb, 0 bytes, Stack size 0 bytes, startup_gd32f450_470.o(.text))
<BR>[Address Reference Count : 1]<UL><LI> startup_gd32f450_470.o(RESET)
</UL>
<P><STRONG><a name="[3a]"></a>EXMC_IRQHandler</STRONG> (Thumb, 0 bytes, Stack size 0 bytes, startup_gd32f450_470.o(.text))
<BR>[Address Reference Count : 1]<UL><LI> startup_gd32f450_470.o(RESET)
</UL>
<P><STRONG><a name="[32]"></a>EXTI10_15_IRQHandler</STRONG> (Thumb, 0 bytes, Stack size 0 bytes, startup_gd32f450_470.o(.text))
<BR>[Address Reference Count : 1]<UL><LI> startup_gd32f450_470.o(RESET)
</UL>
<P><STRONG><a name="[12]"></a>EXTI2_IRQHandler</STRONG> (Thumb, 0 bytes, Stack size 0 bytes, startup_gd32f450_470.o(.text))
<BR>[Address Reference Count : 1]<UL><LI> startup_gd32f450_470.o(RESET)
</UL>
<P><STRONG><a name="[e]"></a>FMC_IRQHandler</STRONG> (Thumb, 0 bytes, Stack size 0 bytes, startup_gd32f450_470.o(.text))
<BR>[Address Reference Count : 1]<UL><LI> startup_gd32f450_470.o(RESET)
</UL>
<P><STRONG><a name="[5a]"></a>FPU_IRQHandler</STRONG> (Thumb, 0 bytes, Stack size 0 bytes, startup_gd32f450_470.o(.text))
<BR>[Address Reference Count : 1]<UL><LI> startup_gd32f450_470.o(RESET)
</UL>
<P><STRONG><a name="[2a]"></a>I2C0_ER_IRQHandler</STRONG> (Thumb, 0 bytes, Stack size 0 bytes, startup_gd32f450_470.o(.text))
<BR>[Address Reference Count : 1]<UL><LI> startup_gd32f450_470.o(RESET)
</UL>
<P><STRONG><a name="[29]"></a>I2C0_EV_IRQHandler</STRONG> (Thumb, 0 bytes, Stack size 0 bytes, startup_gd32f450_470.o(.text))
<BR>[Address Reference Count : 1]<UL><LI> startup_gd32f450_470.o(RESET)
</UL>
<P><STRONG><a name="[2c]"></a>I2C1_ER_IRQHandler</STRONG> (Thumb, 0 bytes, Stack size 0 bytes, startup_gd32f450_470.o(.text))
<BR>[Address Reference Count : 1]<UL><LI> startup_gd32f450_470.o(RESET)
</UL>
<P><STRONG><a name="[2b]"></a>I2C1_EV_IRQHandler</STRONG> (Thumb, 0 bytes, Stack size 0 bytes, startup_gd32f450_470.o(.text))
<BR>[Address Reference Count : 1]<UL><LI> startup_gd32f450_470.o(RESET)
</UL>
<P><STRONG><a name="[53]"></a>I2C2_ER_IRQHandler</STRONG> (Thumb, 0 bytes, Stack size 0 bytes, startup_gd32f450_470.o(.text))
<BR>[Address Reference Count : 1]<UL><LI> startup_gd32f450_470.o(RESET)
</UL>
<P><STRONG><a name="[52]"></a>I2C2_EV_IRQHandler</STRONG> (Thumb, 0 bytes, Stack size 0 bytes, startup_gd32f450_470.o(.text))
<BR>[Address Reference Count : 1]<UL><LI> startup_gd32f450_470.o(RESET)
</UL>
<P><STRONG><a name="[62]"></a>IPA_IRQHandler</STRONG> (Thumb, 0 bytes, Stack size 0 bytes, startup_gd32f450_470.o(.text))
<BR>[Address Reference Count : 1]<UL><LI> startup_gd32f450_470.o(RESET)
</UL>
<P><STRONG><a name="[b]"></a>LVD_IRQHandler</STRONG> (Thumb, 0 bytes, Stack size 0 bytes, startup_gd32f450_470.o(.text))
<BR>[Address Reference Count : 1]<UL><LI> startup_gd32f450_470.o(RESET)
</UL>
<P><STRONG><a name="[f]"></a>RCU_CTC_IRQHandler</STRONG> (Thumb, 0 bytes, Stack size 0 bytes, startup_gd32f450_470.o(.text))
<BR>[Address Reference Count : 1]<UL><LI> startup_gd32f450_470.o(RESET)
</UL>
<P><STRONG><a name="[d]"></a>RTC_WKUP_IRQHandler</STRONG> (Thumb, 0 bytes, Stack size 0 bytes, startup_gd32f450_470.o(.text))
<BR>[Address Reference Count : 1]<UL><LI> startup_gd32f450_470.o(RESET)
</UL>
<P><STRONG><a name="[2d]"></a>SPI0_IRQHandler</STRONG> (Thumb, 0 bytes, Stack size 0 bytes, startup_gd32f450_470.o(.text))
<BR>[Address Reference Count : 1]<UL><LI> startup_gd32f450_470.o(RESET)
</UL>
<P><STRONG><a name="[2e]"></a>SPI1_IRQHandler</STRONG> (Thumb, 0 bytes, Stack size 0 bytes, startup_gd32f450_470.o(.text))
<BR>[Address Reference Count : 1]<UL><LI> startup_gd32f450_470.o(RESET)
</UL>
<P><STRONG><a name="[3d]"></a>SPI2_IRQHandler</STRONG> (Thumb, 0 bytes, Stack size 0 bytes, startup_gd32f450_470.o(.text))
<BR>[Address Reference Count : 1]<UL><LI> startup_gd32f450_470.o(RESET)
</UL>
<P><STRONG><a name="[5d]"></a>SPI3_IRQHandler</STRONG> (Thumb, 0 bytes, Stack size 0 bytes, startup_gd32f450_470.o(.text))
<BR>[Address Reference Count : 1]<UL><LI> startup_gd32f450_470.o(RESET)
</UL>
<P><STRONG><a name="[5e]"></a>SPI4_IRQHandler</STRONG> (Thumb, 0 bytes, Stack size 0 bytes, startup_gd32f450_470.o(.text))
<BR>[Address Reference Count : 1]<UL><LI> startup_gd32f450_470.o(RESET)
</UL>
<P><STRONG><a name="[5f]"></a>SPI5_IRQHandler</STRONG> (Thumb, 0 bytes, Stack size 0 bytes, startup_gd32f450_470.o(.text))
<BR>[Address Reference Count : 1]<UL><LI> startup_gd32f450_470.o(RESET)
</UL>
<P><STRONG><a name="[c]"></a>TAMPER_STAMP_IRQHandler</STRONG> (Thumb, 0 bytes, Stack size 0 bytes, startup_gd32f450_470.o(.text))
<BR>[Address Reference Count : 1]<UL><LI> startup_gd32f450_470.o(RESET)
</UL>
<P><STRONG><a name="[22]"></a>TIMER0_BRK_TIMER8_IRQHandler</STRONG> (Thumb, 0 bytes, Stack size 0 bytes, startup_gd32f450_470.o(.text))
<BR>[Address Reference Count : 1]<UL><LI> startup_gd32f450_470.o(RESET)
</UL>
<P><STRONG><a name="[25]"></a>TIMER0_Channel_IRQHandler</STRONG> (Thumb, 0 bytes, Stack size 0 bytes, startup_gd32f450_470.o(.text))
<BR>[Address Reference Count : 1]<UL><LI> startup_gd32f450_470.o(RESET)
</UL>
<P><STRONG><a name="[24]"></a>TIMER0_TRG_CMT_TIMER10_IRQHandler</STRONG> (Thumb, 0 bytes, Stack size 0 bytes, startup_gd32f450_470.o(.text))
<BR>[Address Reference Count : 1]<UL><LI> startup_gd32f450_470.o(RESET)
</UL>
<P><STRONG><a name="[26]"></a>TIMER1_IRQHandler</STRONG> (Thumb, 0 bytes, Stack size 0 bytes, startup_gd32f450_470.o(.text))
<BR>[Address Reference Count : 1]<UL><LI> startup_gd32f450_470.o(RESET)
</UL>
<P><STRONG><a name="[27]"></a>TIMER2_IRQHandler</STRONG> (Thumb, 0 bytes, Stack size 0 bytes, startup_gd32f450_470.o(.text))
<BR>[Address Reference Count : 1]<UL><LI> startup_gd32f450_470.o(RESET)
</UL>
<P><STRONG><a name="[28]"></a>TIMER3_IRQHandler</STRONG> (Thumb, 0 bytes, Stack size 0 bytes, startup_gd32f450_470.o(.text))
<BR>[Address Reference Count : 1]<UL><LI> startup_gd32f450_470.o(RESET)
</UL>
<P><STRONG><a name="[3c]"></a>TIMER4_IRQHandler</STRONG> (Thumb, 0 bytes, Stack size 0 bytes, startup_gd32f450_470.o(.text))
<BR>[Address Reference Count : 1]<UL><LI> startup_gd32f450_470.o(RESET)
</UL>
<P><STRONG><a name="[35]"></a>TIMER7_BRK_TIMER11_IRQHandler</STRONG> (Thumb, 0 bytes, Stack size 0 bytes, startup_gd32f450_470.o(.text))
<BR>[Address Reference Count : 1]<UL><LI> startup_gd32f450_470.o(RESET)
</UL>
<P><STRONG><a name="[38]"></a>TIMER7_Channel_IRQHandler</STRONG> (Thumb, 0 bytes, Stack size 0 bytes, startup_gd32f450_470.o(.text))
<BR>[Address Reference Count : 1]<UL><LI> startup_gd32f450_470.o(RESET)
</UL>
<P><STRONG><a name="[37]"></a>TIMER7_TRG_CMT_TIMER13_IRQHandler</STRONG> (Thumb, 0 bytes, Stack size 0 bytes, startup_gd32f450_470.o(.text))
<BR>[Address Reference Count : 1]<UL><LI> startup_gd32f450_470.o(RESET)
</UL>
<P><STRONG><a name="[61]"></a>TLI_ER_IRQHandler</STRONG> (Thumb, 0 bytes, Stack size 0 bytes, startup_gd32f450_470.o(.text))
<BR>[Address Reference Count : 1]<UL><LI> startup_gd32f450_470.o(RESET)
</UL>
<P><STRONG><a name="[60]"></a>TLI_IRQHandler</STRONG> (Thumb, 0 bytes, Stack size 0 bytes, startup_gd32f450_470.o(.text))
<BR>[Address Reference Count : 1]<UL><LI> startup_gd32f450_470.o(RESET)
</UL>
<P><STRONG><a name="[59]"></a>TRNG_IRQHandler</STRONG> (Thumb, 0 bytes, Stack size 0 bytes, startup_gd32f450_470.o(.text))
<BR>[Address Reference Count : 1]<UL><LI> startup_gd32f450_470.o(RESET)
</UL>
<P><STRONG><a name="[3e]"></a>UART3_IRQHandler</STRONG> (Thumb, 0 bytes, Stack size 0 bytes, startup_gd32f450_470.o(.text))
<BR>[Address Reference Count : 1]<UL><LI> startup_gd32f450_470.o(RESET)
</UL>
<P><STRONG><a name="[3f]"></a>UART4_IRQHandler</STRONG> (Thumb, 0 bytes, Stack size 0 bytes, startup_gd32f450_470.o(.text))
<BR>[Address Reference Count : 1]<UL><LI> startup_gd32f450_470.o(RESET)
</UL>
<P><STRONG><a name="[5b]"></a>UART6_IRQHandler</STRONG> (Thumb, 0 bytes, Stack size 0 bytes, startup_gd32f450_470.o(.text))
<BR>[Address Reference Count : 1]<UL><LI> startup_gd32f450_470.o(RESET)
</UL>
<P><STRONG><a name="[5c]"></a>UART7_IRQHandler</STRONG> (Thumb, 0 bytes, Stack size 0 bytes, startup_gd32f450_470.o(.text))
<BR>[Address Reference Count : 1]<UL><LI> startup_gd32f450_470.o(RESET)
</UL>
<P><STRONG><a name="[51]"></a>USART5_IRQHandler</STRONG> (Thumb, 0 bytes, Stack size 0 bytes, startup_gd32f450_470.o(.text))
<BR>[Address Reference Count : 1]<UL><LI> startup_gd32f450_470.o(RESET)
</UL>
<P><STRONG><a name="[4d]"></a>USBFS_IRQHandler</STRONG> (Thumb, 0 bytes, Stack size 0 bytes, startup_gd32f450_470.o(.text))
<BR>[Address Reference Count : 1]<UL><LI> startup_gd32f450_470.o(RESET)
</UL>
<P><STRONG><a name="[34]"></a>USBFS_WKUP_IRQHandler</STRONG> (Thumb, 0 bytes, Stack size 0 bytes, startup_gd32f450_470.o(.text))
<BR>[Address Reference Count : 1]<UL><LI> startup_gd32f450_470.o(RESET)
</UL>
<P><STRONG><a name="[55]"></a>USBHS_EP1_In_IRQHandler</STRONG> (Thumb, 0 bytes, Stack size 0 bytes, startup_gd32f450_470.o(.text))
<BR>[Address Reference Count : 1]<UL><LI> startup_gd32f450_470.o(RESET)
</UL>
<P><STRONG><a name="[54]"></a>USBHS_EP1_Out_IRQHandler</STRONG> (Thumb, 0 bytes, Stack size 0 bytes, startup_gd32f450_470.o(.text))
<BR>[Address Reference Count : 1]<UL><LI> startup_gd32f450_470.o(RESET)
</UL>
<P><STRONG><a name="[57]"></a>USBHS_IRQHandler</STRONG> (Thumb, 0 bytes, Stack size 0 bytes, startup_gd32f450_470.o(.text))
<BR>[Address Reference Count : 1]<UL><LI> startup_gd32f450_470.o(RESET)
</UL>
<P><STRONG><a name="[56]"></a>USBHS_WKUP_IRQHandler</STRONG> (Thumb, 0 bytes, Stack size 0 bytes, startup_gd32f450_470.o(.text))
<BR>[Address Reference Count : 1]<UL><LI> startup_gd32f450_470.o(RESET)
</UL>
<P><STRONG><a name="[a]"></a>WWDGT_IRQHandler</STRONG> (Thumb, 0 bytes, Stack size 0 bytes, startup_gd32f450_470.o(.text))
<BR>[Address Reference Count : 1]<UL><LI> startup_gd32f450_470.o(RESET)
</UL>
<P><STRONG><a name="[e2]"></a>__aeabi_memcpy</STRONG> (Thumb, 36 bytes, Stack size 0 bytes, memcpya.o(.text))
<BR><BR>[Called By]<UL><LI><a href="#[91]">&gt;&gt;</a>&nbsp;&nbsp;&nbsp;bsp_rs485_send_data
<LI><a href="#[41]">&gt;&gt;</a>&nbsp;&nbsp;&nbsp;TIMER6_IRQHandler
<LI><a href="#[7e]">&gt;&gt;</a>&nbsp;&nbsp;&nbsp;Protocol_SendFrame
<LI><a href="#[d8]">&gt;&gt;</a>&nbsp;&nbsp;&nbsp;eMBSetSlaveID
<LI><a href="#[d9]">&gt;&gt;</a>&nbsp;&nbsp;&nbsp;eMBFuncReportSlaveID
<LI><a href="#[e0]">&gt;&gt;</a>&nbsp;&nbsp;&nbsp;Modbus_ProcessRTUFrame
<LI><a href="#[a0]">&gt;&gt;</a>&nbsp;&nbsp;&nbsp;set_app_updateFlag
<LI><a href="#[9f]">&gt;&gt;</a>&nbsp;&nbsp;&nbsp;set_app_id_version
</UL>

<P><STRONG><a name="[7b]"></a>__aeabi_memcpy4</STRONG> (Thumb, 0 bytes, Stack size 0 bytes, memcpya.o(.text))
<BR><BR>[Called By]<UL><LI><a href="#[dc]">&gt;&gt;</a>&nbsp;&nbsp;&nbsp;Modbus_ProcessASCIIFrame
<LI><a href="#[7a]">&gt;&gt;</a>&nbsp;&nbsp;&nbsp;BytesToHexStr
</UL>

<P><STRONG><a name="[22c]"></a>__aeabi_memcpy8</STRONG> (Thumb, 0 bytes, Stack size 0 bytes, memcpya.o(.text), UNUSED)

<P><STRONG><a name="[6b]"></a>__aeabi_memset</STRONG> (Thumb, 14 bytes, Stack size 0 bytes, memseta.o(.text))
<BR><BR>[Called By]<UL><LI><a href="#[187]">&gt;&gt;</a>&nbsp;&nbsp;&nbsp;bsp_log_write_base
<LI><a href="#[6c]">&gt;&gt;</a>&nbsp;&nbsp;&nbsp;_memset$wrapper
<LI><a href="#[6a]">&gt;&gt;</a>&nbsp;&nbsp;&nbsp;__aeabi_memclr
</UL>

<P><STRONG><a name="[22d]"></a>__aeabi_memset4</STRONG> (Thumb, 0 bytes, Stack size 0 bytes, memseta.o(.text), UNUSED)

<P><STRONG><a name="[22e]"></a>__aeabi_memset8</STRONG> (Thumb, 0 bytes, Stack size 0 bytes, memseta.o(.text), UNUSED)

<P><STRONG><a name="[6a]"></a>__aeabi_memclr</STRONG> (Thumb, 4 bytes, Stack size 0 bytes, memseta.o(.text), UNUSED)
<BR><BR>[Calls]<UL><LI><a href="#[6b]">&gt;&gt;</a>&nbsp;&nbsp;&nbsp;__aeabi_memset
</UL>

<P><STRONG><a name="[aa]"></a>__aeabi_memclr4</STRONG> (Thumb, 0 bytes, Stack size 0 bytes, memseta.o(.text))
<BR><BR>[Called By]<UL><LI><a href="#[a5]">&gt;&gt;</a>&nbsp;&nbsp;&nbsp;param_restore_defaults
<LI><a href="#[a8]">&gt;&gt;</a>&nbsp;&nbsp;&nbsp;CMD_SYS_READ_INFO_FUNCTION
</UL>

<P><STRONG><a name="[22f]"></a>__aeabi_memclr8</STRONG> (Thumb, 0 bytes, Stack size 0 bytes, memseta.o(.text), UNUSED)

<P><STRONG><a name="[6c]"></a>_memset$wrapper</STRONG> (Thumb, 18 bytes, Stack size 8 bytes, memseta.o(.text), UNUSED)
<BR><BR>[Calls]<UL><LI><a href="#[6b]">&gt;&gt;</a>&nbsp;&nbsp;&nbsp;__aeabi_memset
</UL>

<P><STRONG><a name="[189]"></a>strncpy</STRONG> (Thumb, 24 bytes, Stack size 8 bytes, strncpy.o(.text))
<BR><BR>[Stack]<UL><LI>Max Depth = 8<LI>Call Chain = strncpy
</UL>
<BR>[Called By]<UL><LI><a href="#[19f]">&gt;&gt;</a>&nbsp;&nbsp;&nbsp;sd_make_parent_dirs
<LI><a href="#[187]">&gt;&gt;</a>&nbsp;&nbsp;&nbsp;bsp_log_write_base
</UL>

<P><STRONG><a name="[184]"></a>strlen</STRONG> (Thumb, 14 bytes, Stack size 0 bytes, strlen.o(.text))
<BR><BR>[Called By]<UL><LI><a href="#[c2]">&gt;&gt;</a>&nbsp;&nbsp;&nbsp;bsp_sdio_file_append_text
<LI><a href="#[e8]">&gt;&gt;</a>&nbsp;&nbsp;&nbsp;reg_write_text
<LI><a href="#[80]">&gt;&gt;</a>&nbsp;&nbsp;&nbsp;bsp_log_query_handler
<LI><a href="#[181]">&gt;&gt;</a>&nbsp;&nbsp;&nbsp;bsp_log_active_report_and_record
</UL>

<P><STRONG><a name="[97]"></a>__aeabi_f2d</STRONG> (Thumb, 38 bytes, Stack size 0 bytes, f2d.o(.text))
<BR><BR>[Called By]<UL><LI><a href="#[142]">&gt;&gt;</a>&nbsp;&nbsp;&nbsp;bsp_ad3344_init
<LI><a href="#[12c]">&gt;&gt;</a>&nbsp;&nbsp;&nbsp;ad3344_read_channel
<LI><a href="#[63]">&gt;&gt;</a>&nbsp;&nbsp;&nbsp;main
<LI><a href="#[c0]">&gt;&gt;</a>&nbsp;&nbsp;&nbsp;Modbus_ApplyCoils
<LI><a href="#[183]">&gt;&gt;</a>&nbsp;&nbsp;&nbsp;bsp_log_record_alarm
<LI><a href="#[188]">&gt;&gt;</a>&nbsp;&nbsp;&nbsp;bsp_log_record_only
<LI><a href="#[181]">&gt;&gt;</a>&nbsp;&nbsp;&nbsp;bsp_log_active_report_and_record
<LI><a href="#[96]">&gt;&gt;</a>&nbsp;&nbsp;&nbsp;CMD_DATA_READ_PT100_FUNCTION
</UL>

<P><STRONG><a name="[230]"></a>__aeabi_uidiv</STRONG> (Thumb, 0 bytes, Stack size 12 bytes, uidiv.o(.text), UNUSED)

<P><STRONG><a name="[11c]"></a>__aeabi_uidivmod</STRONG> (Thumb, 44 bytes, Stack size 12 bytes, uidiv.o(.text), UNUSED)
<BR><BR>[Called By]<UL><LI><a href="#[115]">&gt;&gt;</a>&nbsp;&nbsp;&nbsp;_printf_core
</UL>

<P><STRONG><a name="[6d]"></a>__aeabi_uldivmod</STRONG> (Thumb, 98 bytes, Stack size 40 bytes, uldiv.o(.text), UNUSED)
<BR><BR>[Calls]<UL><LI><a href="#[6e]">&gt;&gt;</a>&nbsp;&nbsp;&nbsp;__aeabi_llsr
<LI><a href="#[6f]">&gt;&gt;</a>&nbsp;&nbsp;&nbsp;__aeabi_llsl
</UL>
<BR>[Called By]<UL><LI><a href="#[115]">&gt;&gt;</a>&nbsp;&nbsp;&nbsp;_printf_core
<LI><a href="#[118]">&gt;&gt;</a>&nbsp;&nbsp;&nbsp;_fp_digits
</UL>

<P><STRONG><a name="[231]"></a>__I$use$fp</STRONG> (Thumb, 0 bytes, Stack size 48 bytes, iusefp.o(.text), UNUSED)

<P><STRONG><a name="[70]"></a>__aeabi_dadd</STRONG> (Thumb, 322 bytes, Stack size 48 bytes, dadd.o(.text), UNUSED)
<BR><BR>[Calls]<UL><LI><a href="#[71]">&gt;&gt;</a>&nbsp;&nbsp;&nbsp;__aeabi_lasr
<LI><a href="#[6f]">&gt;&gt;</a>&nbsp;&nbsp;&nbsp;__aeabi_llsl
<LI><a href="#[73]">&gt;&gt;</a>&nbsp;&nbsp;&nbsp;_double_round
<LI><a href="#[72]">&gt;&gt;</a>&nbsp;&nbsp;&nbsp;_double_epilogue
</UL>
<BR>[Called By]<UL><LI><a href="#[75]">&gt;&gt;</a>&nbsp;&nbsp;&nbsp;__aeabi_drsub
<LI><a href="#[74]">&gt;&gt;</a>&nbsp;&nbsp;&nbsp;__aeabi_dsub
<LI><a href="#[118]">&gt;&gt;</a>&nbsp;&nbsp;&nbsp;_fp_digits
</UL>

<P><STRONG><a name="[74]"></a>__aeabi_dsub</STRONG> (Thumb, 6 bytes, Stack size 0 bytes, dadd.o(.text), UNUSED)
<BR><BR>[Calls]<UL><LI><a href="#[70]">&gt;&gt;</a>&nbsp;&nbsp;&nbsp;__aeabi_dadd
</UL>

<P><STRONG><a name="[75]"></a>__aeabi_drsub</STRONG> (Thumb, 6 bytes, Stack size 0 bytes, dadd.o(.text), UNUSED)
<BR><BR>[Calls]<UL><LI><a href="#[70]">&gt;&gt;</a>&nbsp;&nbsp;&nbsp;__aeabi_dadd
</UL>

<P><STRONG><a name="[76]"></a>__aeabi_dmul</STRONG> (Thumb, 228 bytes, Stack size 48 bytes, dmul.o(.text), UNUSED)
<BR><BR>[Calls]<UL><LI><a href="#[72]">&gt;&gt;</a>&nbsp;&nbsp;&nbsp;_double_epilogue
</UL>
<BR>[Called By]<UL><LI><a href="#[118]">&gt;&gt;</a>&nbsp;&nbsp;&nbsp;_fp_digits
</UL>

<P><STRONG><a name="[77]"></a>__aeabi_ddiv</STRONG> (Thumb, 222 bytes, Stack size 32 bytes, ddiv.o(.text), UNUSED)
<BR><BR>[Calls]<UL><LI><a href="#[73]">&gt;&gt;</a>&nbsp;&nbsp;&nbsp;_double_round
</UL>
<BR>[Called By]<UL><LI><a href="#[118]">&gt;&gt;</a>&nbsp;&nbsp;&nbsp;_fp_digits
</UL>

<P><STRONG><a name="[78]"></a>__aeabi_d2ulz</STRONG> (Thumb, 48 bytes, Stack size 0 bytes, dfixul.o(.text), UNUSED)
<BR><BR>[Calls]<UL><LI><a href="#[6e]">&gt;&gt;</a>&nbsp;&nbsp;&nbsp;__aeabi_llsr
<LI><a href="#[6f]">&gt;&gt;</a>&nbsp;&nbsp;&nbsp;__aeabi_llsl
</UL>
<BR>[Called By]<UL><LI><a href="#[118]">&gt;&gt;</a>&nbsp;&nbsp;&nbsp;_fp_digits
</UL>

<P><STRONG><a name="[119]"></a>__aeabi_cdrcmple</STRONG> (Thumb, 48 bytes, Stack size 0 bytes, cdrcmple.o(.text), UNUSED)
<BR><BR>[Called By]<UL><LI><a href="#[118]">&gt;&gt;</a>&nbsp;&nbsp;&nbsp;_fp_digits
</UL>

<P><STRONG><a name="[69]"></a>__scatterload</STRONG> (Thumb, 28 bytes, Stack size 0 bytes, init.o(.text))
<BR><BR>[Calls]<UL><LI><a href="#[79]">&gt;&gt;</a>&nbsp;&nbsp;&nbsp;__main_after_scatterload
</UL>
<BR>[Called By]<UL><LI><a href="#[68]">&gt;&gt;</a>&nbsp;&nbsp;&nbsp;_main_scatterload
</UL>

<P><STRONG><a name="[232]"></a>__scatterload_rt2</STRONG> (Thumb, 0 bytes, Stack size 0 bytes, init.o(.text), UNUSED)

<P><STRONG><a name="[6f]"></a>__aeabi_llsl</STRONG> (Thumb, 30 bytes, Stack size 0 bytes, llshl.o(.text), UNUSED)
<BR><BR>[Called By]<UL><LI><a href="#[72]">&gt;&gt;</a>&nbsp;&nbsp;&nbsp;_double_epilogue
<LI><a href="#[6d]">&gt;&gt;</a>&nbsp;&nbsp;&nbsp;__aeabi_uldivmod
<LI><a href="#[70]">&gt;&gt;</a>&nbsp;&nbsp;&nbsp;__aeabi_dadd
<LI><a href="#[78]">&gt;&gt;</a>&nbsp;&nbsp;&nbsp;__aeabi_d2ulz
</UL>

<P><STRONG><a name="[233]"></a>_ll_shift_l</STRONG> (Thumb, 0 bytes, Stack size 0 bytes, llshl.o(.text), UNUSED)

<P><STRONG><a name="[6e]"></a>__aeabi_llsr</STRONG> (Thumb, 32 bytes, Stack size 0 bytes, llushr.o(.text), UNUSED)
<BR><BR>[Called By]<UL><LI><a href="#[72]">&gt;&gt;</a>&nbsp;&nbsp;&nbsp;_double_epilogue
<LI><a href="#[6d]">&gt;&gt;</a>&nbsp;&nbsp;&nbsp;__aeabi_uldivmod
<LI><a href="#[78]">&gt;&gt;</a>&nbsp;&nbsp;&nbsp;__aeabi_d2ulz
</UL>

<P><STRONG><a name="[234]"></a>_ll_ushift_r</STRONG> (Thumb, 0 bytes, Stack size 0 bytes, llushr.o(.text), UNUSED)

<P><STRONG><a name="[71]"></a>__aeabi_lasr</STRONG> (Thumb, 36 bytes, Stack size 0 bytes, llsshr.o(.text), UNUSED)
<BR><BR>[Called By]<UL><LI><a href="#[70]">&gt;&gt;</a>&nbsp;&nbsp;&nbsp;__aeabi_dadd
</UL>

<P><STRONG><a name="[235]"></a>_ll_sshift_r</STRONG> (Thumb, 0 bytes, Stack size 0 bytes, llsshr.o(.text), UNUSED)

<P><STRONG><a name="[73]"></a>_double_round</STRONG> (Thumb, 30 bytes, Stack size 8 bytes, depilogue.o(.text), UNUSED)
<BR><BR>[Called By]<UL><LI><a href="#[72]">&gt;&gt;</a>&nbsp;&nbsp;&nbsp;_double_epilogue
<LI><a href="#[77]">&gt;&gt;</a>&nbsp;&nbsp;&nbsp;__aeabi_ddiv
<LI><a href="#[70]">&gt;&gt;</a>&nbsp;&nbsp;&nbsp;__aeabi_dadd
</UL>

<P><STRONG><a name="[72]"></a>_double_epilogue</STRONG> (Thumb, 156 bytes, Stack size 32 bytes, depilogue.o(.text), UNUSED)
<BR><BR>[Calls]<UL><LI><a href="#[6e]">&gt;&gt;</a>&nbsp;&nbsp;&nbsp;__aeabi_llsr
<LI><a href="#[6f]">&gt;&gt;</a>&nbsp;&nbsp;&nbsp;__aeabi_llsl
<LI><a href="#[73]">&gt;&gt;</a>&nbsp;&nbsp;&nbsp;_double_round
</UL>
<BR>[Called By]<UL><LI><a href="#[76]">&gt;&gt;</a>&nbsp;&nbsp;&nbsp;__aeabi_dmul
<LI><a href="#[70]">&gt;&gt;</a>&nbsp;&nbsp;&nbsp;__aeabi_dadd
</UL>

<P><STRONG><a name="[236]"></a>__decompress</STRONG> (Thumb, 0 bytes, Stack size unknown bytes, __dczerorl2.o(.text), UNUSED)

<P><STRONG><a name="[237]"></a>__decompress1</STRONG> (Thumb, 86 bytes, Stack size unknown bytes, __dczerorl2.o(.text), UNUSED)

<P><STRONG><a name="[4]"></a>BusFault_Handler</STRONG> (Thumb, 4 bytes, Stack size 0 bytes, gd32f4xx_it.o(i.BusFault_Handler))
<BR>[Address Reference Count : 1]<UL><LI> startup_gd32f450_470.o(RESET)
</UL>
<P><STRONG><a name="[7c]"></a>CMD_ALARM_CLEAR_FUNCTION</STRONG> (Thumb, 44 bytes, Stack size 16 bytes, function.o(i.CMD_ALARM_CLEAR_FUNCTION))
<BR><BR>[Stack]<UL><LI>Max Depth = 864<LI>Call Chain = CMD_ALARM_CLEAR_FUNCTION &rArr; Protocol_SendFrame &rArr; BytesToHexStr
</UL>
<BR>[Calls]<UL><LI><a href="#[7e]">&gt;&gt;</a>&nbsp;&nbsp;&nbsp;Protocol_SendFrame
<LI><a href="#[7d]">&gt;&gt;</a>&nbsp;&nbsp;&nbsp;bsp_log_clear_all
</UL>
<BR>[Called By]<UL><LI><a href="#[f1]">&gt;&gt;</a>&nbsp;&nbsp;&nbsp;Protocol_HandleFrame
</UL>

<P><STRONG><a name="[7f]"></a>CMD_ALARM_READ_RECORD_FUNCTION</STRONG> (Thumb, 20 bytes, Stack size 8 bytes, function.o(i.CMD_ALARM_READ_RECORD_FUNCTION))
<BR><BR>[Stack]<UL><LI>Max Depth = 168<LI>Call Chain = CMD_ALARM_READ_RECORD_FUNCTION &rArr; bsp_log_query_handler &rArr; bsp_log_read_base &rArr; bsp_flash_buffer_read &rArr; bsp_flash_spi_start_read_in_sequence &rArr; bsp_flash_spi_send_byte
</UL>
<BR>[Calls]<UL><LI><a href="#[80]">&gt;&gt;</a>&nbsp;&nbsp;&nbsp;bsp_log_query_handler
</UL>
<BR>[Called By]<UL><LI><a href="#[f1]">&gt;&gt;</a>&nbsp;&nbsp;&nbsp;Protocol_HandleFrame
</UL>

<P><STRONG><a name="[81]"></a>CMD_ALARM_SET_AUTO_REPORT_FUNCTION</STRONG> (Thumb, 62 bytes, Stack size 16 bytes, function.o(i.CMD_ALARM_SET_AUTO_REPORT_FUNCTION))
<BR><BR>[Stack]<UL><LI>Max Depth = 864<LI>Call Chain = CMD_ALARM_SET_AUTO_REPORT_FUNCTION &rArr; Protocol_SendFrame &rArr; BytesToHexStr
</UL>
<BR>[Calls]<UL><LI><a href="#[7e]">&gt;&gt;</a>&nbsp;&nbsp;&nbsp;Protocol_SendFrame
</UL>
<BR>[Called By]<UL><LI><a href="#[f1]">&gt;&gt;</a>&nbsp;&nbsp;&nbsp;Protocol_HandleFrame
</UL>

<P><STRONG><a name="[82]"></a>CMD_CFG_READ_THRES_ALL_FUNCTION</STRONG> (Thumb, 60 bytes, Stack size 16 bytes, function.o(i.CMD_CFG_READ_THRES_ALL_FUNCTION))
<BR><BR>[Stack]<UL><LI>Max Depth = 864<LI>Call Chain = CMD_CFG_READ_THRES_ALL_FUNCTION &rArr; Protocol_SendFrame &rArr; BytesToHexStr
</UL>
<BR>[Calls]<UL><LI><a href="#[7e]">&gt;&gt;</a>&nbsp;&nbsp;&nbsp;Protocol_SendFrame
<LI><a href="#[83]">&gt;&gt;</a>&nbsp;&nbsp;&nbsp;float_to_big_endian_bytes
</UL>
<BR>[Called By]<UL><LI><a href="#[f1]">&gt;&gt;</a>&nbsp;&nbsp;&nbsp;Protocol_HandleFrame
</UL>

<P><STRONG><a name="[84]"></a>CMD_CFG_READ_THRES_CH0_FUNCTION</STRONG> (Thumb, 44 bytes, Stack size 16 bytes, function.o(i.CMD_CFG_READ_THRES_CH0_FUNCTION))
<BR><BR>[Stack]<UL><LI>Max Depth = 864<LI>Call Chain = CMD_CFG_READ_THRES_CH0_FUNCTION &rArr; Protocol_SendFrame &rArr; BytesToHexStr
</UL>
<BR>[Calls]<UL><LI><a href="#[7e]">&gt;&gt;</a>&nbsp;&nbsp;&nbsp;Protocol_SendFrame
<LI><a href="#[83]">&gt;&gt;</a>&nbsp;&nbsp;&nbsp;float_to_big_endian_bytes
</UL>
<BR>[Called By]<UL><LI><a href="#[f1]">&gt;&gt;</a>&nbsp;&nbsp;&nbsp;Protocol_HandleFrame
</UL>

<P><STRONG><a name="[85]"></a>CMD_CFG_READ_THRES_CH1_FUNCTION</STRONG> (Thumb, 44 bytes, Stack size 16 bytes, function.o(i.CMD_CFG_READ_THRES_CH1_FUNCTION))
<BR><BR>[Stack]<UL><LI>Max Depth = 864<LI>Call Chain = CMD_CFG_READ_THRES_CH1_FUNCTION &rArr; Protocol_SendFrame &rArr; BytesToHexStr
</UL>
<BR>[Calls]<UL><LI><a href="#[7e]">&gt;&gt;</a>&nbsp;&nbsp;&nbsp;Protocol_SendFrame
<LI><a href="#[83]">&gt;&gt;</a>&nbsp;&nbsp;&nbsp;float_to_big_endian_bytes
</UL>
<BR>[Called By]<UL><LI><a href="#[f1]">&gt;&gt;</a>&nbsp;&nbsp;&nbsp;Protocol_HandleFrame
</UL>

<P><STRONG><a name="[f2]"></a>CMD_CFG_READ_THRES_CH2_FUNCTION</STRONG> (Thumb, 2 bytes, Stack size 0 bytes, function.o(i.CMD_CFG_READ_THRES_CH2_FUNCTION))
<BR><BR>[Called By]<UL><LI><a href="#[f1]">&gt;&gt;</a>&nbsp;&nbsp;&nbsp;Protocol_HandleFrame
</UL>

<P><STRONG><a name="[86]"></a>CMD_CFG_WRITE_THRES_CH0_FUNCTION</STRONG> (Thumb, 82 bytes, Stack size 24 bytes, function.o(i.CMD_CFG_WRITE_THRES_CH0_FUNCTION))
<BR><BR>[Stack]<UL><LI>Max Depth = 872<LI>Call Chain = CMD_CFG_WRITE_THRES_CH0_FUNCTION &rArr; Protocol_SendFrame &rArr; BytesToHexStr
</UL>
<BR>[Calls]<UL><LI><a href="#[7e]">&gt;&gt;</a>&nbsp;&nbsp;&nbsp;Protocol_SendFrame
<LI><a href="#[87]">&gt;&gt;</a>&nbsp;&nbsp;&nbsp;param_set_float
</UL>
<BR>[Called By]<UL><LI><a href="#[f1]">&gt;&gt;</a>&nbsp;&nbsp;&nbsp;Protocol_HandleFrame
</UL>

<P><STRONG><a name="[88]"></a>CMD_CFG_WRITE_THRES_CH1_FUNCTION</STRONG> (Thumb, 82 bytes, Stack size 24 bytes, function.o(i.CMD_CFG_WRITE_THRES_CH1_FUNCTION))
<BR><BR>[Stack]<UL><LI>Max Depth = 872<LI>Call Chain = CMD_CFG_WRITE_THRES_CH1_FUNCTION &rArr; Protocol_SendFrame &rArr; BytesToHexStr
</UL>
<BR>[Calls]<UL><LI><a href="#[7e]">&gt;&gt;</a>&nbsp;&nbsp;&nbsp;Protocol_SendFrame
<LI><a href="#[87]">&gt;&gt;</a>&nbsp;&nbsp;&nbsp;param_set_float
</UL>
<BR>[Called By]<UL><LI><a href="#[f1]">&gt;&gt;</a>&nbsp;&nbsp;&nbsp;Protocol_HandleFrame
</UL>

<P><STRONG><a name="[f3]"></a>CMD_CFG_WRITE_THRES_CH2_FUNCTION</STRONG> (Thumb, 2 bytes, Stack size 0 bytes, function.o(i.CMD_CFG_WRITE_THRES_CH2_FUNCTION))
<BR><BR>[Called By]<UL><LI><a href="#[f1]">&gt;&gt;</a>&nbsp;&nbsp;&nbsp;Protocol_HandleFrame
</UL>

<P><STRONG><a name="[89]"></a>CMD_CTRL_AUTO_REPORT_START_FUNCTION</STRONG> (Thumb, 116 bytes, Stack size 24 bytes, function.o(i.CMD_CTRL_AUTO_REPORT_START_FUNCTION))
<BR><BR>[Stack]<UL><LI>Max Depth = 872<LI>Call Chain = CMD_CTRL_AUTO_REPORT_START_FUNCTION &rArr; Protocol_SendFrame &rArr; BytesToHexStr
</UL>
<BR>[Calls]<UL><LI><a href="#[8b]">&gt;&gt;</a>&nbsp;&nbsp;&nbsp;timer_enable
<LI><a href="#[8a]">&gt;&gt;</a>&nbsp;&nbsp;&nbsp;timer_counter_value_config
<LI><a href="#[8c]">&gt;&gt;</a>&nbsp;&nbsp;&nbsp;bsp_rtc_get_unix_timestamp
<LI><a href="#[7e]">&gt;&gt;</a>&nbsp;&nbsp;&nbsp;Protocol_SendFrame
<LI><a href="#[83]">&gt;&gt;</a>&nbsp;&nbsp;&nbsp;float_to_big_endian_bytes
</UL>
<BR>[Called By]<UL><LI><a href="#[f1]">&gt;&gt;</a>&nbsp;&nbsp;&nbsp;Protocol_HandleFrame
</UL>

<P><STRONG><a name="[8d]"></a>CMD_CTRL_AUTO_REPORT_STOP_FUNCTION</STRONG> (Thumb, 42 bytes, Stack size 16 bytes, function.o(i.CMD_CTRL_AUTO_REPORT_STOP_FUNCTION))
<BR><BR>[Stack]<UL><LI>Max Depth = 864<LI>Call Chain = CMD_CTRL_AUTO_REPORT_STOP_FUNCTION &rArr; Protocol_SendFrame &rArr; BytesToHexStr
</UL>
<BR>[Calls]<UL><LI><a href="#[8e]">&gt;&gt;</a>&nbsp;&nbsp;&nbsp;timer_disable
<LI><a href="#[7e]">&gt;&gt;</a>&nbsp;&nbsp;&nbsp;Protocol_SendFrame
</UL>
<BR>[Called By]<UL><LI><a href="#[f1]">&gt;&gt;</a>&nbsp;&nbsp;&nbsp;Protocol_HandleFrame
</UL>

<P><STRONG><a name="[8f]"></a>CMD_CTRL_ENTER_SLEEP_FUNCTION</STRONG> (Thumb, 40 bytes, Stack size 16 bytes, function.o(i.CMD_CTRL_ENTER_SLEEP_FUNCTION))
<BR><BR>[Stack]<UL><LI>Max Depth = 864<LI>Call Chain = CMD_CTRL_ENTER_SLEEP_FUNCTION &rArr; Protocol_SendFrame &rArr; BytesToHexStr
</UL>
<BR>[Calls]<UL><LI><a href="#[90]">&gt;&gt;</a>&nbsp;&nbsp;&nbsp;bsp_deepsleep_config
<LI><a href="#[91]">&gt;&gt;</a>&nbsp;&nbsp;&nbsp;bsp_rs485_send_data
<LI><a href="#[7e]">&gt;&gt;</a>&nbsp;&nbsp;&nbsp;Protocol_SendFrame
</UL>
<BR>[Called By]<UL><LI><a href="#[f1]">&gt;&gt;</a>&nbsp;&nbsp;&nbsp;Protocol_HandleFrame
</UL>

<P><STRONG><a name="[92]"></a>CMD_CTRL_SET_DAC_VOLT_FUNCTION</STRONG> (Thumb, 46 bytes, Stack size 24 bytes, function.o(i.CMD_CTRL_SET_DAC_VOLT_FUNCTION))
<BR><BR>[Stack]<UL><LI>Max Depth = 872<LI>Call Chain = CMD_CTRL_SET_DAC_VOLT_FUNCTION &rArr; Protocol_SendFrame &rArr; BytesToHexStr
</UL>
<BR>[Calls]<UL><LI><a href="#[93]">&gt;&gt;</a>&nbsp;&nbsp;&nbsp;bsp_dac_set_raw
<LI><a href="#[7e]">&gt;&gt;</a>&nbsp;&nbsp;&nbsp;Protocol_SendFrame
</UL>
<BR>[Called By]<UL><LI><a href="#[f1]">&gt;&gt;</a>&nbsp;&nbsp;&nbsp;Protocol_HandleFrame
</UL>

<P><STRONG><a name="[94]"></a>CMD_DATA_READ_CH0_FUNCTION</STRONG> (Thumb, 40 bytes, Stack size 16 bytes, function.o(i.CMD_DATA_READ_CH0_FUNCTION))
<BR><BR>[Stack]<UL><LI>Max Depth = 864<LI>Call Chain = CMD_DATA_READ_CH0_FUNCTION &rArr; Protocol_SendFrame &rArr; BytesToHexStr
</UL>
<BR>[Calls]<UL><LI><a href="#[7e]">&gt;&gt;</a>&nbsp;&nbsp;&nbsp;Protocol_SendFrame
<LI><a href="#[83]">&gt;&gt;</a>&nbsp;&nbsp;&nbsp;float_to_big_endian_bytes
</UL>
<BR>[Called By]<UL><LI><a href="#[f1]">&gt;&gt;</a>&nbsp;&nbsp;&nbsp;Protocol_HandleFrame
</UL>

<P><STRONG><a name="[95]"></a>CMD_DATA_READ_CH1_FUNCTION</STRONG> (Thumb, 40 bytes, Stack size 16 bytes, function.o(i.CMD_DATA_READ_CH1_FUNCTION))
<BR><BR>[Stack]<UL><LI>Max Depth = 864<LI>Call Chain = CMD_DATA_READ_CH1_FUNCTION &rArr; Protocol_SendFrame &rArr; BytesToHexStr
</UL>
<BR>[Calls]<UL><LI><a href="#[7e]">&gt;&gt;</a>&nbsp;&nbsp;&nbsp;Protocol_SendFrame
<LI><a href="#[83]">&gt;&gt;</a>&nbsp;&nbsp;&nbsp;float_to_big_endian_bytes
</UL>
<BR>[Called By]<UL><LI><a href="#[f1]">&gt;&gt;</a>&nbsp;&nbsp;&nbsp;Protocol_HandleFrame
</UL>

<P><STRONG><a name="[96]"></a>CMD_DATA_READ_PT100_FUNCTION</STRONG> (Thumb, 138 bytes, Stack size 56 bytes, function.o(i.CMD_DATA_READ_PT100_FUNCTION))
<BR><BR>[Stack]<UL><LI>Max Depth = 904<LI>Call Chain = CMD_DATA_READ_PT100_FUNCTION &rArr; Protocol_SendFrame &rArr; BytesToHexStr
</UL>
<BR>[Calls]<UL><LI><a href="#[97]">&gt;&gt;</a>&nbsp;&nbsp;&nbsp;__aeabi_f2d
<LI><a href="#[7e]">&gt;&gt;</a>&nbsp;&nbsp;&nbsp;Protocol_SendFrame
<LI><a href="#[83]">&gt;&gt;</a>&nbsp;&nbsp;&nbsp;float_to_big_endian_bytes
<LI><a href="#[98]">&gt;&gt;</a>&nbsp;&nbsp;&nbsp;__2printf
</UL>
<BR>[Called By]<UL><LI><a href="#[f1]">&gt;&gt;</a>&nbsp;&nbsp;&nbsp;Protocol_HandleFrame
</UL>

<P><STRONG><a name="[99]"></a>CMD_DATA_SET_CH0_RATIO_FUNCTION</STRONG> (Thumb, 82 bytes, Stack size 24 bytes, function.o(i.CMD_DATA_SET_CH0_RATIO_FUNCTION))
<BR><BR>[Stack]<UL><LI>Max Depth = 872<LI>Call Chain = CMD_DATA_SET_CH0_RATIO_FUNCTION &rArr; Protocol_SendFrame &rArr; BytesToHexStr
</UL>
<BR>[Calls]<UL><LI><a href="#[7e]">&gt;&gt;</a>&nbsp;&nbsp;&nbsp;Protocol_SendFrame
<LI><a href="#[87]">&gt;&gt;</a>&nbsp;&nbsp;&nbsp;param_set_float
</UL>
<BR>[Called By]<UL><LI><a href="#[f1]">&gt;&gt;</a>&nbsp;&nbsp;&nbsp;Protocol_HandleFrame
</UL>

<P><STRONG><a name="[9a]"></a>CMD_DATA_SET_CH1_RATIO_FUNCTION</STRONG> (Thumb, 82 bytes, Stack size 24 bytes, function.o(i.CMD_DATA_SET_CH1_RATIO_FUNCTION))
<BR><BR>[Stack]<UL><LI>Max Depth = 872<LI>Call Chain = CMD_DATA_SET_CH1_RATIO_FUNCTION &rArr; Protocol_SendFrame &rArr; BytesToHexStr
</UL>
<BR>[Calls]<UL><LI><a href="#[7e]">&gt;&gt;</a>&nbsp;&nbsp;&nbsp;Protocol_SendFrame
<LI><a href="#[87]">&gt;&gt;</a>&nbsp;&nbsp;&nbsp;param_set_float
</UL>
<BR>[Called By]<UL><LI><a href="#[f1]">&gt;&gt;</a>&nbsp;&nbsp;&nbsp;Protocol_HandleFrame
</UL>

<P><STRONG><a name="[9b]"></a>CMD_DATA_SET_REPORT_INTVL_FUNCTION</STRONG> (Thumb, 88 bytes, Stack size 16 bytes, function.o(i.CMD_DATA_SET_REPORT_INTVL_FUNCTION))
<BR><BR>[Stack]<UL><LI>Max Depth = 864<LI>Call Chain = CMD_DATA_SET_REPORT_INTVL_FUNCTION &rArr; Protocol_SendFrame &rArr; BytesToHexStr
</UL>
<BR>[Calls]<UL><LI><a href="#[9c]">&gt;&gt;</a>&nbsp;&nbsp;&nbsp;bsp_tim7_set_timeout
<LI><a href="#[7e]">&gt;&gt;</a>&nbsp;&nbsp;&nbsp;Protocol_SendFrame
</UL>
<BR>[Called By]<UL><LI><a href="#[f1]">&gt;&gt;</a>&nbsp;&nbsp;&nbsp;Protocol_HandleFrame
</UL>

<P><STRONG><a name="[f4]"></a>CMD_OTA_EXECUTE_FUNCTION</STRONG> (Thumb, 2 bytes, Stack size 0 bytes, function.o(i.CMD_OTA_EXECUTE_FUNCTION))
<BR><BR>[Called By]<UL><LI><a href="#[f1]">&gt;&gt;</a>&nbsp;&nbsp;&nbsp;Protocol_HandleFrame
</UL>

<P><STRONG><a name="[9d]"></a>CMD_OTA_READY_DATA_FUNCTION</STRONG> (Thumb, 28 bytes, Stack size 16 bytes, function.o(i.CMD_OTA_READY_DATA_FUNCTION))
<BR><BR>[Stack]<UL><LI>Max Depth = 864<LI>Call Chain = CMD_OTA_READY_DATA_FUNCTION &rArr; Protocol_SendFrame &rArr; BytesToHexStr
</UL>
<BR>[Calls]<UL><LI><a href="#[7e]">&gt;&gt;</a>&nbsp;&nbsp;&nbsp;Protocol_SendFrame
</UL>
<BR>[Called By]<UL><LI><a href="#[f1]">&gt;&gt;</a>&nbsp;&nbsp;&nbsp;Protocol_HandleFrame
</UL>

<P><STRONG><a name="[9e]"></a>CMD_OTA_REQUEST_FUNCTION</STRONG> (Thumb, 70 bytes, Stack size 16 bytes, function.o(i.CMD_OTA_REQUEST_FUNCTION))
<BR><BR>[Stack]<UL><LI>Max Depth = 864<LI>Call Chain = CMD_OTA_REQUEST_FUNCTION &rArr; Protocol_SendFrame &rArr; BytesToHexStr
</UL>
<BR>[Calls]<UL><LI><a href="#[a1]">&gt;&gt;</a>&nbsp;&nbsp;&nbsp;usart_flag_get
<LI><a href="#[7e]">&gt;&gt;</a>&nbsp;&nbsp;&nbsp;Protocol_SendFrame
<LI><a href="#[a0]">&gt;&gt;</a>&nbsp;&nbsp;&nbsp;set_app_updateFlag
<LI><a href="#[9f]">&gt;&gt;</a>&nbsp;&nbsp;&nbsp;set_app_id_version
<LI><a href="#[a2]">&gt;&gt;</a>&nbsp;&nbsp;&nbsp;mcu_restart
</UL>
<BR>[Called By]<UL><LI><a href="#[f1]">&gt;&gt;</a>&nbsp;&nbsp;&nbsp;Protocol_HandleFrame
</UL>

<P><STRONG><a name="[a3]"></a>CMD_SPEC_DISCOVER_FUNCTION</STRONG> (Thumb, 42 bytes, Stack size 16 bytes, function.o(i.CMD_SPEC_DISCOVER_FUNCTION))
<BR><BR>[Stack]<UL><LI>Max Depth = 864<LI>Call Chain = CMD_SPEC_DISCOVER_FUNCTION &rArr; Protocol_SendFrame &rArr; BytesToHexStr
</UL>
<BR>[Calls]<UL><LI><a href="#[7e]">&gt;&gt;</a>&nbsp;&nbsp;&nbsp;Protocol_SendFrame
</UL>
<BR>[Called By]<UL><LI><a href="#[f1]">&gt;&gt;</a>&nbsp;&nbsp;&nbsp;Protocol_HandleFrame
</UL>

<P><STRONG><a name="[a4]"></a>CMD_SYS_FACTORY_RESET_FUNCTION</STRONG> (Thumb, 76 bytes, Stack size 16 bytes, function.o(i.CMD_SYS_FACTORY_RESET_FUNCTION))
<BR><BR>[Stack]<UL><LI>Max Depth = 864<LI>Call Chain = CMD_SYS_FACTORY_RESET_FUNCTION &rArr; Protocol_SendFrame &rArr; BytesToHexStr
</UL>
<BR>[Calls]<UL><LI><a href="#[a1]">&gt;&gt;</a>&nbsp;&nbsp;&nbsp;usart_flag_get
<LI><a href="#[7e]">&gt;&gt;</a>&nbsp;&nbsp;&nbsp;Protocol_SendFrame
<LI><a href="#[a5]">&gt;&gt;</a>&nbsp;&nbsp;&nbsp;param_restore_defaults
<LI><a href="#[7d]">&gt;&gt;</a>&nbsp;&nbsp;&nbsp;bsp_log_clear_all
<LI><a href="#[a2]">&gt;&gt;</a>&nbsp;&nbsp;&nbsp;mcu_restart
</UL>
<BR>[Called By]<UL><LI><a href="#[f1]">&gt;&gt;</a>&nbsp;&nbsp;&nbsp;Protocol_HandleFrame
</UL>

<P><STRONG><a name="[a6]"></a>CMD_SYS_READ_BAUDRATE_FUNCTION</STRONG> (Thumb, 82 bytes, Stack size 16 bytes, function.o(i.CMD_SYS_READ_BAUDRATE_FUNCTION))
<BR><BR>[Stack]<UL><LI>Max Depth = 864<LI>Call Chain = CMD_SYS_READ_BAUDRATE_FUNCTION &rArr; Protocol_SendFrame &rArr; BytesToHexStr
</UL>
<BR>[Calls]<UL><LI><a href="#[7e]">&gt;&gt;</a>&nbsp;&nbsp;&nbsp;Protocol_SendFrame
</UL>
<BR>[Called By]<UL><LI><a href="#[f1]">&gt;&gt;</a>&nbsp;&nbsp;&nbsp;Protocol_HandleFrame
</UL>

<P><STRONG><a name="[a7]"></a>CMD_SYS_READ_ID_FUNCTION</STRONG> (Thumb, 42 bytes, Stack size 16 bytes, function.o(i.CMD_SYS_READ_ID_FUNCTION))
<BR><BR>[Stack]<UL><LI>Max Depth = 864<LI>Call Chain = CMD_SYS_READ_ID_FUNCTION &rArr; Protocol_SendFrame &rArr; BytesToHexStr
</UL>
<BR>[Calls]<UL><LI><a href="#[7e]">&gt;&gt;</a>&nbsp;&nbsp;&nbsp;Protocol_SendFrame
</UL>
<BR>[Called By]<UL><LI><a href="#[f1]">&gt;&gt;</a>&nbsp;&nbsp;&nbsp;Protocol_HandleFrame
</UL>

<P><STRONG><a name="[a8]"></a>CMD_SYS_READ_INFO_FUNCTION</STRONG> (Thumb, 208 bytes, Stack size 96 bytes, function.o(i.CMD_SYS_READ_INFO_FUNCTION))
<BR><BR>[Stack]<UL><LI>Max Depth = 944<LI>Call Chain = CMD_SYS_READ_INFO_FUNCTION &rArr; Protocol_SendFrame &rArr; BytesToHexStr
</UL>
<BR>[Calls]<UL><LI><a href="#[7e]">&gt;&gt;</a>&nbsp;&nbsp;&nbsp;Protocol_SendFrame
<LI><a href="#[a9]">&gt;&gt;</a>&nbsp;&nbsp;&nbsp;get_app_version
<LI><a href="#[aa]">&gt;&gt;</a>&nbsp;&nbsp;&nbsp;__aeabi_memclr4
</UL>
<BR>[Called By]<UL><LI><a href="#[f1]">&gt;&gt;</a>&nbsp;&nbsp;&nbsp;Protocol_HandleFrame
</UL>

<P><STRONG><a name="[ab]"></a>CMD_SYS_READ_TIME_FUNCTION</STRONG> (Thumb, 54 bytes, Stack size 16 bytes, function.o(i.CMD_SYS_READ_TIME_FUNCTION))
<BR><BR>[Stack]<UL><LI>Max Depth = 864<LI>Call Chain = CMD_SYS_READ_TIME_FUNCTION &rArr; Protocol_SendFrame &rArr; BytesToHexStr
</UL>
<BR>[Calls]<UL><LI><a href="#[8c]">&gt;&gt;</a>&nbsp;&nbsp;&nbsp;bsp_rtc_get_unix_timestamp
<LI><a href="#[7e]">&gt;&gt;</a>&nbsp;&nbsp;&nbsp;Protocol_SendFrame
</UL>
<BR>[Called By]<UL><LI><a href="#[f1]">&gt;&gt;</a>&nbsp;&nbsp;&nbsp;Protocol_HandleFrame
</UL>

<P><STRONG><a name="[ac]"></a>CMD_SYS_READ_VER_FUNCTION</STRONG> (Thumb, 54 bytes, Stack size 16 bytes, function.o(i.CMD_SYS_READ_VER_FUNCTION))
<BR><BR>[Stack]<UL><LI>Max Depth = 864<LI>Call Chain = CMD_SYS_READ_VER_FUNCTION &rArr; Protocol_SendFrame &rArr; BytesToHexStr
</UL>
<BR>[Calls]<UL><LI><a href="#[7e]">&gt;&gt;</a>&nbsp;&nbsp;&nbsp;Protocol_SendFrame
<LI><a href="#[a9]">&gt;&gt;</a>&nbsp;&nbsp;&nbsp;get_app_version
</UL>
<BR>[Called By]<UL><LI><a href="#[f1]">&gt;&gt;</a>&nbsp;&nbsp;&nbsp;Protocol_HandleFrame
</UL>

<P><STRONG><a name="[ad]"></a>CMD_SYS_REBOOT_FUNCTION</STRONG> (Thumb, 56 bytes, Stack size 16 bytes, function.o(i.CMD_SYS_REBOOT_FUNCTION))
<BR><BR>[Stack]<UL><LI>Max Depth = 864<LI>Call Chain = CMD_SYS_REBOOT_FUNCTION &rArr; Protocol_SendFrame &rArr; BytesToHexStr
</UL>
<BR>[Calls]<UL><LI><a href="#[a1]">&gt;&gt;</a>&nbsp;&nbsp;&nbsp;usart_flag_get
<LI><a href="#[7e]">&gt;&gt;</a>&nbsp;&nbsp;&nbsp;Protocol_SendFrame
<LI><a href="#[a2]">&gt;&gt;</a>&nbsp;&nbsp;&nbsp;mcu_restart
</UL>
<BR>[Called By]<UL><LI><a href="#[f1]">&gt;&gt;</a>&nbsp;&nbsp;&nbsp;Protocol_HandleFrame
</UL>

<P><STRONG><a name="[ae]"></a>CMD_SYS_SET_BAUDRATE_FUNCTION</STRONG> (Thumb, 118 bytes, Stack size 16 bytes, function.o(i.CMD_SYS_SET_BAUDRATE_FUNCTION))
<BR><BR>[Stack]<UL><LI>Max Depth = 864<LI>Call Chain = CMD_SYS_SET_BAUDRATE_FUNCTION &rArr; Protocol_SendFrame &rArr; BytesToHexStr
</UL>
<BR>[Calls]<UL><LI><a href="#[b0]">&gt;&gt;</a>&nbsp;&nbsp;&nbsp;bsp_rs485_set_baudrate
<LI><a href="#[7e]">&gt;&gt;</a>&nbsp;&nbsp;&nbsp;Protocol_SendFrame
<LI><a href="#[af]">&gt;&gt;</a>&nbsp;&nbsp;&nbsp;param_set_baud
</UL>
<BR>[Called By]<UL><LI><a href="#[f1]">&gt;&gt;</a>&nbsp;&nbsp;&nbsp;Protocol_HandleFrame
</UL>

<P><STRONG><a name="[b1]"></a>CMD_SYS_SET_ID_FUNCTION</STRONG> (Thumb, 60 bytes, Stack size 24 bytes, function.o(i.CMD_SYS_SET_ID_FUNCTION))
<BR><BR>[Stack]<UL><LI>Max Depth = 872<LI>Call Chain = CMD_SYS_SET_ID_FUNCTION &rArr; Protocol_SendFrame &rArr; BytesToHexStr
</UL>
<BR>[Calls]<UL><LI><a href="#[7e]">&gt;&gt;</a>&nbsp;&nbsp;&nbsp;Protocol_SendFrame
<LI><a href="#[b2]">&gt;&gt;</a>&nbsp;&nbsp;&nbsp;param_set_id
</UL>
<BR>[Called By]<UL><LI><a href="#[f1]">&gt;&gt;</a>&nbsp;&nbsp;&nbsp;Protocol_HandleFrame
</UL>

<P><STRONG><a name="[b3]"></a>CMD_SYS_SET_TIME_FUNCTION</STRONG> (Thumb, 66 bytes, Stack size 24 bytes, function.o(i.CMD_SYS_SET_TIME_FUNCTION))
<BR><BR>[Stack]<UL><LI>Max Depth = 872<LI>Call Chain = CMD_SYS_SET_TIME_FUNCTION &rArr; Protocol_SendFrame &rArr; BytesToHexStr
</UL>
<BR>[Calls]<UL><LI><a href="#[b4]">&gt;&gt;</a>&nbsp;&nbsp;&nbsp;bsp_rtc_set_unix_timestamp
<LI><a href="#[7e]">&gt;&gt;</a>&nbsp;&nbsp;&nbsp;Protocol_SendFrame
</UL>
<BR>[Called By]<UL><LI><a href="#[f1]">&gt;&gt;</a>&nbsp;&nbsp;&nbsp;Protocol_HandleFrame
</UL>

<P><STRONG><a name="[7]"></a>DebugMon_Handler</STRONG> (Thumb, 2 bytes, Stack size 0 bytes, gd32f4xx_it.o(i.DebugMon_Handler))
<BR>[Address Reference Count : 1]<UL><LI> startup_gd32f450_470.o(RESET)
</UL>
<P><STRONG><a name="[10]"></a>EXTI0_IRQHandler</STRONG> (Thumb, 28 bytes, Stack size 8 bytes, bsp_key.o(i.EXTI0_IRQHandler))
<BR><BR>[Stack]<UL><LI>Max Depth = 8<LI>Call Chain = EXTI0_IRQHandler
</UL>
<BR>[Calls]<UL><LI><a href="#[b7]">&gt;&gt;</a>&nbsp;&nbsp;&nbsp;exti_interrupt_flag_get
<LI><a href="#[b8]">&gt;&gt;</a>&nbsp;&nbsp;&nbsp;exti_interrupt_flag_clear
</UL>
<BR>[Address Reference Count : 1]<UL><LI> startup_gd32f450_470.o(RESET)
</UL>
<P><STRONG><a name="[11]"></a>EXTI1_IRQHandler</STRONG> (Thumb, 28 bytes, Stack size 8 bytes, bsp_key.o(i.EXTI1_IRQHandler))
<BR><BR>[Stack]<UL><LI>Max Depth = 8<LI>Call Chain = EXTI1_IRQHandler
</UL>
<BR>[Calls]<UL><LI><a href="#[b7]">&gt;&gt;</a>&nbsp;&nbsp;&nbsp;exti_interrupt_flag_get
<LI><a href="#[b8]">&gt;&gt;</a>&nbsp;&nbsp;&nbsp;exti_interrupt_flag_clear
</UL>
<BR>[Address Reference Count : 1]<UL><LI> startup_gd32f450_470.o(RESET)
</UL>
<P><STRONG><a name="[13]"></a>EXTI3_IRQHandler</STRONG> (Thumb, 28 bytes, Stack size 8 bytes, bsp_key.o(i.EXTI3_IRQHandler))
<BR><BR>[Stack]<UL><LI>Max Depth = 8<LI>Call Chain = EXTI3_IRQHandler
</UL>
<BR>[Calls]<UL><LI><a href="#[b7]">&gt;&gt;</a>&nbsp;&nbsp;&nbsp;exti_interrupt_flag_get
<LI><a href="#[b8]">&gt;&gt;</a>&nbsp;&nbsp;&nbsp;exti_interrupt_flag_clear
</UL>
<BR>[Address Reference Count : 1]<UL><LI> startup_gd32f450_470.o(RESET)
</UL>
<P><STRONG><a name="[14]"></a>EXTI4_IRQHandler</STRONG> (Thumb, 28 bytes, Stack size 8 bytes, bsp_key.o(i.EXTI4_IRQHandler))
<BR><BR>[Stack]<UL><LI>Max Depth = 8<LI>Call Chain = EXTI4_IRQHandler
</UL>
<BR>[Calls]<UL><LI><a href="#[b7]">&gt;&gt;</a>&nbsp;&nbsp;&nbsp;exti_interrupt_flag_get
<LI><a href="#[b8]">&gt;&gt;</a>&nbsp;&nbsp;&nbsp;exti_interrupt_flag_clear
</UL>
<BR>[Address Reference Count : 1]<UL><LI> startup_gd32f450_470.o(RESET)
</UL>
<P><STRONG><a name="[21]"></a>EXTI5_9_IRQHandler</STRONG> (Thumb, 52 bytes, Stack size 8 bytes, bsp_key.o(i.EXTI5_9_IRQHandler))
<BR><BR>[Stack]<UL><LI>Max Depth = 8<LI>Call Chain = EXTI5_9_IRQHandler
</UL>
<BR>[Calls]<UL><LI><a href="#[b7]">&gt;&gt;</a>&nbsp;&nbsp;&nbsp;exti_interrupt_flag_get
<LI><a href="#[b8]">&gt;&gt;</a>&nbsp;&nbsp;&nbsp;exti_interrupt_flag_clear
</UL>
<BR>[Address Reference Count : 1]<UL><LI> startup_gd32f450_470.o(RESET)
</UL>
<P><STRONG><a name="[2]"></a>HardFault_Handler</STRONG> (Thumb, 4 bytes, Stack size 0 bytes, gd32f4xx_it.o(i.HardFault_Handler))
<BR>[Address Reference Count : 1]<UL><LI> startup_gd32f450_470.o(RESET)
</UL>
<P><STRONG><a name="[bb]"></a>I2C_SoftWrite_Byte</STRONG> (Thumb, 46 bytes, Stack size 16 bytes, bsp_oled.o(i.I2C_SoftWrite_Byte))
<BR><BR>[Stack]<UL><LI>Max Depth = 32<LI>Call Chain = I2C_SoftWrite_Byte &rArr; i2c_write_byte
</UL>
<BR>[Calls]<UL><LI><a href="#[bd]">&gt;&gt;</a>&nbsp;&nbsp;&nbsp;i2c_write_byte
<LI><a href="#[be]">&gt;&gt;</a>&nbsp;&nbsp;&nbsp;i2c_wait_ack
<LI><a href="#[bf]">&gt;&gt;</a>&nbsp;&nbsp;&nbsp;i2c_stop
<LI><a href="#[bc]">&gt;&gt;</a>&nbsp;&nbsp;&nbsp;i2c_start
</UL>
<BR>[Called By]<UL><LI><a href="#[eb]">&gt;&gt;</a>&nbsp;&nbsp;&nbsp;OLED_Write_data
<LI><a href="#[ea]">&gt;&gt;</a>&nbsp;&nbsp;&nbsp;OLED_Write_cmd
</UL>

<P><STRONG><a name="[3]"></a>MemManage_Handler</STRONG> (Thumb, 4 bytes, Stack size 0 bytes, gd32f4xx_it.o(i.MemManage_Handler))
<BR>[Address Reference Count : 1]<UL><LI> startup_gd32f450_470.o(RESET)
</UL>
<P><STRONG><a name="[c0]"></a>Modbus_ApplyCoils</STRONG> (Thumb, 230 bytes, Stack size 160 bytes, modbus_data_map.o(i.Modbus_ApplyCoils))
<BR><BR>[Stack]<UL><LI>Max Depth = 1224<LI>Call Chain = Modbus_ApplyCoils &rArr; bsp_sdio_file_append_text &rArr; sd_make_parent_dirs &rArr; f_mkdir &rArr; follow_path &rArr; dir_find &rArr; dir_next &rArr; create_chain &rArr; put_fat &rArr; move_window &rArr; disk_write &rArr; sd_multiblocks_write &rArr; dma_transfer_config &rArr; dma_multi_data_mode_init
</UL>
<BR>[Calls]<UL><LI><a href="#[8b]">&gt;&gt;</a>&nbsp;&nbsp;&nbsp;timer_enable
<LI><a href="#[8e]">&gt;&gt;</a>&nbsp;&nbsp;&nbsp;timer_disable
<LI><a href="#[8a]">&gt;&gt;</a>&nbsp;&nbsp;&nbsp;timer_counter_value_config
<LI><a href="#[97]">&gt;&gt;</a>&nbsp;&nbsp;&nbsp;__aeabi_f2d
<LI><a href="#[c2]">&gt;&gt;</a>&nbsp;&nbsp;&nbsp;bsp_sdio_file_append_text
<LI><a href="#[8c]">&gt;&gt;</a>&nbsp;&nbsp;&nbsp;bsp_rtc_get_unix_timestamp
<LI><a href="#[7d]">&gt;&gt;</a>&nbsp;&nbsp;&nbsp;bsp_log_clear_all
<LI><a href="#[c1]">&gt;&gt;</a>&nbsp;&nbsp;&nbsp;__2snprintf
</UL>
<BR>[Called By]<UL><LI><a href="#[cb]">&gt;&gt;</a>&nbsp;&nbsp;&nbsp;Modbus_DispatchPDU
</UL>

<P><STRONG><a name="[c3]"></a>Modbus_ApplyHoldingRegs</STRONG> (Thumb, 478 bytes, Stack size 48 bytes, modbus_data_map.o(i.Modbus_ApplyHoldingRegs))
<BR><BR>[Stack]<UL><LI>Max Depth = 152<LI>Call Chain = Modbus_ApplyHoldingRegs &rArr; param_set_float &rArr; param_save &rArr; bsp_flash_buffer_write &rArr; bsp_flash_page_write &rArr; bsp_flash_spi_write_enable &rArr; bsp_flash_spi_send_byte
</UL>
<BR>[Calls]<UL><LI><a href="#[c6]">&gt;&gt;</a>&nbsp;&nbsp;&nbsp;dac_output_value_get
<LI><a href="#[93]">&gt;&gt;</a>&nbsp;&nbsp;&nbsp;bsp_dac_set_raw
<LI><a href="#[9c]">&gt;&gt;</a>&nbsp;&nbsp;&nbsp;bsp_tim7_set_timeout
<LI><a href="#[b4]">&gt;&gt;</a>&nbsp;&nbsp;&nbsp;bsp_rtc_set_unix_timestamp
<LI><a href="#[ca]">&gt;&gt;</a>&nbsp;&nbsp;&nbsp;reg_write_u32
<LI><a href="#[c9]">&gt;&gt;</a>&nbsp;&nbsp;&nbsp;reg_read_u32
<LI><a href="#[c4]">&gt;&gt;</a>&nbsp;&nbsp;&nbsp;reg_read_float
<LI><a href="#[c5]">&gt;&gt;</a>&nbsp;&nbsp;&nbsp;float_changed
<LI><a href="#[c8]">&gt;&gt;</a>&nbsp;&nbsp;&nbsp;code_to_baud
<LI><a href="#[c7]">&gt;&gt;</a>&nbsp;&nbsp;&nbsp;param_set_mb_addr
<LI><a href="#[b2]">&gt;&gt;</a>&nbsp;&nbsp;&nbsp;param_set_id
<LI><a href="#[87]">&gt;&gt;</a>&nbsp;&nbsp;&nbsp;param_set_float
</UL>
<BR>[Called By]<UL><LI><a href="#[cb]">&gt;&gt;</a>&nbsp;&nbsp;&nbsp;Modbus_DispatchPDU
</UL>

<P><STRONG><a name="[da]"></a>Modbus_ExecPendingActions</STRONG> (Thumb, 136 bytes, Stack size 16 bytes, modbus_data_map.o(i.Modbus_ExecPendingActions))
<BR><BR>[Stack]<UL><LI>Max Depth = 148<LI>Call Chain = Modbus_ExecPendingActions &rArr; bsp_rs485_set_baudrate &rArr; usart_baudrate_set &rArr; rcu_clock_freq_get
</UL>
<BR>[Calls]<UL><LI><a href="#[90]">&gt;&gt;</a>&nbsp;&nbsp;&nbsp;bsp_deepsleep_config
<LI><a href="#[b0]">&gt;&gt;</a>&nbsp;&nbsp;&nbsp;bsp_rs485_set_baudrate
<LI><a href="#[91]">&gt;&gt;</a>&nbsp;&nbsp;&nbsp;bsp_rs485_send_data
<LI><a href="#[a0]">&gt;&gt;</a>&nbsp;&nbsp;&nbsp;set_app_updateFlag
<LI><a href="#[9f]">&gt;&gt;</a>&nbsp;&nbsp;&nbsp;set_app_id_version
<LI><a href="#[af]">&gt;&gt;</a>&nbsp;&nbsp;&nbsp;param_set_baud
<LI><a href="#[a2]">&gt;&gt;</a>&nbsp;&nbsp;&nbsp;mcu_restart
</UL>
<BR>[Called By]<UL><LI><a href="#[e0]">&gt;&gt;</a>&nbsp;&nbsp;&nbsp;Modbus_ProcessRTUFrame
<LI><a href="#[dc]">&gt;&gt;</a>&nbsp;&nbsp;&nbsp;Modbus_ProcessASCIIFrame
</UL>

<P><STRONG><a name="[db]"></a>Modbus_GetExceptionStatus</STRONG> (Thumb, 64 bytes, Stack size 0 bytes, modbus_data_map.o(i.Modbus_GetExceptionStatus))
<BR><BR>[Called By]<UL><LI><a href="#[d6]">&gt;&gt;</a>&nbsp;&nbsp;&nbsp;Modbus_FuncReadExceptionStatus
</UL>

<P><STRONG><a name="[cc]"></a>Modbus_SyncRegsFromDevice</STRONG> (Thumb, 776 bytes, Stack size 96 bytes, modbus_data_map.o(i.Modbus_SyncRegsFromDevice))
<BR><BR>[Stack]<UL><LI>Max Depth = 148<LI>Call Chain = Modbus_SyncRegsFromDevice &rArr; bsp_rtc_get_unix_timestamp &rArr; rtc_current_time_get
</UL>
<BR>[Calls]<UL><LI><a href="#[c6]">&gt;&gt;</a>&nbsp;&nbsp;&nbsp;dac_output_value_get
<LI><a href="#[e7]">&gt;&gt;</a>&nbsp;&nbsp;&nbsp;bsp_flash_buffer_read
<LI><a href="#[8c]">&gt;&gt;</a>&nbsp;&nbsp;&nbsp;bsp_rtc_get_unix_timestamp
<LI><a href="#[ca]">&gt;&gt;</a>&nbsp;&nbsp;&nbsp;reg_write_u32
<LI><a href="#[e8]">&gt;&gt;</a>&nbsp;&nbsp;&nbsp;reg_write_text
<LI><a href="#[e4]">&gt;&gt;</a>&nbsp;&nbsp;&nbsp;reg_write_scaled
<LI><a href="#[e3]">&gt;&gt;</a>&nbsp;&nbsp;&nbsp;reg_write_float
<LI><a href="#[e6]">&gt;&gt;</a>&nbsp;&nbsp;&nbsp;baud_to_code
<LI><a href="#[e5]">&gt;&gt;</a>&nbsp;&nbsp;&nbsp;bsp_log_get_count
<LI><a href="#[a9]">&gt;&gt;</a>&nbsp;&nbsp;&nbsp;get_app_version
</UL>
<BR>[Called By]<UL><LI><a href="#[cb]">&gt;&gt;</a>&nbsp;&nbsp;&nbsp;Modbus_DispatchPDU
</UL>

<P><STRONG><a name="[1]"></a>NMI_Handler</STRONG> (Thumb, 2 bytes, Stack size 0 bytes, gd32f4xx_it.o(i.NMI_Handler))
<BR>[Address Reference Count : 1]<UL><LI> startup_gd32f450_470.o(RESET)
</UL>
<P><STRONG><a name="[e9]"></a>OLED_Clear</STRONG> (Thumb, 56 bytes, Stack size 16 bytes, bsp_oled.o(i.OLED_Clear))
<BR><BR>[Stack]<UL><LI>Max Depth = 56<LI>Call Chain = OLED_Clear &rArr; OLED_Write_data &rArr; I2C_SoftWrite_Byte &rArr; i2c_write_byte
</UL>
<BR>[Calls]<UL><LI><a href="#[eb]">&gt;&gt;</a>&nbsp;&nbsp;&nbsp;OLED_Write_data
<LI><a href="#[ea]">&gt;&gt;</a>&nbsp;&nbsp;&nbsp;OLED_Write_cmd
</UL>
<BR>[Called By]<UL><LI><a href="#[18a]">&gt;&gt;</a>&nbsp;&nbsp;&nbsp;bsp_oledSoftware_Init
</UL>

<P><STRONG><a name="[ec]"></a>OLED_Printf</STRONG> (Thumb, 52 bytes, Stack size 104 bytes, bsp_oled.o(i.OLED_Printf))
<BR><BR>[Stack]<UL><LI>Max Depth = 224<LI>Call Chain = OLED_Printf &rArr; OLED_ShowStr &rArr; OLED_ShowChar &rArr; OLED_Set_Position &rArr; OLED_Write_cmd &rArr; I2C_SoftWrite_Byte &rArr; i2c_write_byte
</UL>
<BR>[Calls]<UL><LI><a href="#[ee]">&gt;&gt;</a>&nbsp;&nbsp;&nbsp;OLED_ShowStr
<LI><a href="#[ed]">&gt;&gt;</a>&nbsp;&nbsp;&nbsp;vsnprintf
</UL>
<BR>[Called By]<UL><LI><a href="#[63]">&gt;&gt;</a>&nbsp;&nbsp;&nbsp;main
</UL>

<P><STRONG><a name="[ef]"></a>OLED_Set_Position</STRONG> (Thumb, 36 bytes, Stack size 16 bytes, bsp_oled.o(i.OLED_Set_Position))
<BR><BR>[Stack]<UL><LI>Max Depth = 56<LI>Call Chain = OLED_Set_Position &rArr; OLED_Write_cmd &rArr; I2C_SoftWrite_Byte &rArr; i2c_write_byte
</UL>
<BR>[Calls]<UL><LI><a href="#[ea]">&gt;&gt;</a>&nbsp;&nbsp;&nbsp;OLED_Write_cmd
</UL>
<BR>[Called By]<UL><LI><a href="#[18a]">&gt;&gt;</a>&nbsp;&nbsp;&nbsp;bsp_oledSoftware_Init
<LI><a href="#[f0]">&gt;&gt;</a>&nbsp;&nbsp;&nbsp;OLED_ShowChar
</UL>

<P><STRONG><a name="[f0]"></a>OLED_ShowChar</STRONG> (Thumb, 148 bytes, Stack size 32 bytes, bsp_oled.o(i.OLED_ShowChar))
<BR><BR>[Stack]<UL><LI>Max Depth = 88<LI>Call Chain = OLED_ShowChar &rArr; OLED_Set_Position &rArr; OLED_Write_cmd &rArr; I2C_SoftWrite_Byte &rArr; i2c_write_byte
</UL>
<BR>[Calls]<UL><LI><a href="#[eb]">&gt;&gt;</a>&nbsp;&nbsp;&nbsp;OLED_Write_data
<LI><a href="#[ef]">&gt;&gt;</a>&nbsp;&nbsp;&nbsp;OLED_Set_Position
</UL>
<BR>[Called By]<UL><LI><a href="#[ee]">&gt;&gt;</a>&nbsp;&nbsp;&nbsp;OLED_ShowStr
</UL>

<P><STRONG><a name="[ee]"></a>OLED_ShowStr</STRONG> (Thumb, 82 bytes, Stack size 32 bytes, bsp_oled.o(i.OLED_ShowStr))
<BR><BR>[Stack]<UL><LI>Max Depth = 120<LI>Call Chain = OLED_ShowStr &rArr; OLED_ShowChar &rArr; OLED_Set_Position &rArr; OLED_Write_cmd &rArr; I2C_SoftWrite_Byte &rArr; i2c_write_byte
</UL>
<BR>[Calls]<UL><LI><a href="#[f0]">&gt;&gt;</a>&nbsp;&nbsp;&nbsp;OLED_ShowChar
</UL>
<BR>[Called By]<UL><LI><a href="#[ec]">&gt;&gt;</a>&nbsp;&nbsp;&nbsp;OLED_Printf
</UL>

<P><STRONG><a name="[ea]"></a>OLED_Write_cmd</STRONG> (Thumb, 14 bytes, Stack size 8 bytes, bsp_oled.o(i.OLED_Write_cmd))
<BR><BR>[Stack]<UL><LI>Max Depth = 40<LI>Call Chain = OLED_Write_cmd &rArr; I2C_SoftWrite_Byte &rArr; i2c_write_byte
</UL>
<BR>[Calls]<UL><LI><a href="#[bb]">&gt;&gt;</a>&nbsp;&nbsp;&nbsp;I2C_SoftWrite_Byte
</UL>
<BR>[Called By]<UL><LI><a href="#[18a]">&gt;&gt;</a>&nbsp;&nbsp;&nbsp;bsp_oledSoftware_Init
<LI><a href="#[ef]">&gt;&gt;</a>&nbsp;&nbsp;&nbsp;OLED_Set_Position
<LI><a href="#[e9]">&gt;&gt;</a>&nbsp;&nbsp;&nbsp;OLED_Clear
</UL>

<P><STRONG><a name="[eb]"></a>OLED_Write_data</STRONG> (Thumb, 14 bytes, Stack size 8 bytes, bsp_oled.o(i.OLED_Write_data))
<BR><BR>[Stack]<UL><LI>Max Depth = 40<LI>Call Chain = OLED_Write_data &rArr; I2C_SoftWrite_Byte &rArr; i2c_write_byte
</UL>
<BR>[Calls]<UL><LI><a href="#[bb]">&gt;&gt;</a>&nbsp;&nbsp;&nbsp;I2C_SoftWrite_Byte
</UL>
<BR>[Called By]<UL><LI><a href="#[f0]">&gt;&gt;</a>&nbsp;&nbsp;&nbsp;OLED_ShowChar
<LI><a href="#[e9]">&gt;&gt;</a>&nbsp;&nbsp;&nbsp;OLED_Clear
</UL>

<P><STRONG><a name="[8]"></a>PendSV_Handler</STRONG> (Thumb, 2 bytes, Stack size 0 bytes, gd32f4xx_it.o(i.PendSV_Handler))
<BR>[Address Reference Count : 1]<UL><LI> startup_gd32f450_470.o(RESET)
</UL>
<P><STRONG><a name="[f1]"></a>Protocol_HandleFrame</STRONG> (Thumb, 922 bytes, Stack size 40 bytes, general_protocol.o(i.Protocol_HandleFrame))
<BR><BR>[Stack]<UL><LI>Max Depth = 984<LI>Call Chain = Protocol_HandleFrame &rArr; CMD_SYS_READ_INFO_FUNCTION &rArr; Protocol_SendFrame &rArr; BytesToHexStr
</UL>
<BR>[Calls]<UL><LI><a href="#[7e]">&gt;&gt;</a>&nbsp;&nbsp;&nbsp;Protocol_SendFrame
<LI><a href="#[b3]">&gt;&gt;</a>&nbsp;&nbsp;&nbsp;CMD_SYS_SET_TIME_FUNCTION
<LI><a href="#[b1]">&gt;&gt;</a>&nbsp;&nbsp;&nbsp;CMD_SYS_SET_ID_FUNCTION
<LI><a href="#[ae]">&gt;&gt;</a>&nbsp;&nbsp;&nbsp;CMD_SYS_SET_BAUDRATE_FUNCTION
<LI><a href="#[ad]">&gt;&gt;</a>&nbsp;&nbsp;&nbsp;CMD_SYS_REBOOT_FUNCTION
<LI><a href="#[ac]">&gt;&gt;</a>&nbsp;&nbsp;&nbsp;CMD_SYS_READ_VER_FUNCTION
<LI><a href="#[ab]">&gt;&gt;</a>&nbsp;&nbsp;&nbsp;CMD_SYS_READ_TIME_FUNCTION
<LI><a href="#[a8]">&gt;&gt;</a>&nbsp;&nbsp;&nbsp;CMD_SYS_READ_INFO_FUNCTION
<LI><a href="#[a7]">&gt;&gt;</a>&nbsp;&nbsp;&nbsp;CMD_SYS_READ_ID_FUNCTION
<LI><a href="#[a6]">&gt;&gt;</a>&nbsp;&nbsp;&nbsp;CMD_SYS_READ_BAUDRATE_FUNCTION
<LI><a href="#[a4]">&gt;&gt;</a>&nbsp;&nbsp;&nbsp;CMD_SYS_FACTORY_RESET_FUNCTION
<LI><a href="#[a3]">&gt;&gt;</a>&nbsp;&nbsp;&nbsp;CMD_SPEC_DISCOVER_FUNCTION
<LI><a href="#[9e]">&gt;&gt;</a>&nbsp;&nbsp;&nbsp;CMD_OTA_REQUEST_FUNCTION
<LI><a href="#[9d]">&gt;&gt;</a>&nbsp;&nbsp;&nbsp;CMD_OTA_READY_DATA_FUNCTION
<LI><a href="#[f4]">&gt;&gt;</a>&nbsp;&nbsp;&nbsp;CMD_OTA_EXECUTE_FUNCTION
<LI><a href="#[9b]">&gt;&gt;</a>&nbsp;&nbsp;&nbsp;CMD_DATA_SET_REPORT_INTVL_FUNCTION
<LI><a href="#[9a]">&gt;&gt;</a>&nbsp;&nbsp;&nbsp;CMD_DATA_SET_CH1_RATIO_FUNCTION
<LI><a href="#[99]">&gt;&gt;</a>&nbsp;&nbsp;&nbsp;CMD_DATA_SET_CH0_RATIO_FUNCTION
<LI><a href="#[96]">&gt;&gt;</a>&nbsp;&nbsp;&nbsp;CMD_DATA_READ_PT100_FUNCTION
<LI><a href="#[95]">&gt;&gt;</a>&nbsp;&nbsp;&nbsp;CMD_DATA_READ_CH1_FUNCTION
<LI><a href="#[94]">&gt;&gt;</a>&nbsp;&nbsp;&nbsp;CMD_DATA_READ_CH0_FUNCTION
<LI><a href="#[92]">&gt;&gt;</a>&nbsp;&nbsp;&nbsp;CMD_CTRL_SET_DAC_VOLT_FUNCTION
<LI><a href="#[8f]">&gt;&gt;</a>&nbsp;&nbsp;&nbsp;CMD_CTRL_ENTER_SLEEP_FUNCTION
<LI><a href="#[8d]">&gt;&gt;</a>&nbsp;&nbsp;&nbsp;CMD_CTRL_AUTO_REPORT_STOP_FUNCTION
<LI><a href="#[89]">&gt;&gt;</a>&nbsp;&nbsp;&nbsp;CMD_CTRL_AUTO_REPORT_START_FUNCTION
<LI><a href="#[f3]">&gt;&gt;</a>&nbsp;&nbsp;&nbsp;CMD_CFG_WRITE_THRES_CH2_FUNCTION
<LI><a href="#[88]">&gt;&gt;</a>&nbsp;&nbsp;&nbsp;CMD_CFG_WRITE_THRES_CH1_FUNCTION
<LI><a href="#[86]">&gt;&gt;</a>&nbsp;&nbsp;&nbsp;CMD_CFG_WRITE_THRES_CH0_FUNCTION
<LI><a href="#[f2]">&gt;&gt;</a>&nbsp;&nbsp;&nbsp;CMD_CFG_READ_THRES_CH2_FUNCTION
<LI><a href="#[85]">&gt;&gt;</a>&nbsp;&nbsp;&nbsp;CMD_CFG_READ_THRES_CH1_FUNCTION
<LI><a href="#[84]">&gt;&gt;</a>&nbsp;&nbsp;&nbsp;CMD_CFG_READ_THRES_CH0_FUNCTION
<LI><a href="#[82]">&gt;&gt;</a>&nbsp;&nbsp;&nbsp;CMD_CFG_READ_THRES_ALL_FUNCTION
<LI><a href="#[81]">&gt;&gt;</a>&nbsp;&nbsp;&nbsp;CMD_ALARM_SET_AUTO_REPORT_FUNCTION
<LI><a href="#[7f]">&gt;&gt;</a>&nbsp;&nbsp;&nbsp;CMD_ALARM_READ_RECORD_FUNCTION
<LI><a href="#[7c]">&gt;&gt;</a>&nbsp;&nbsp;&nbsp;CMD_ALARM_CLEAR_FUNCTION
</UL>
<BR>[Called By]<UL><LI><a href="#[b6]">&gt;&gt;</a>&nbsp;&nbsp;&nbsp;Protocol_ParseChar
</UL>

<P><STRONG><a name="[1ef]"></a>Protocol_ModbusMasterActive</STRONG> (Thumb, 36 bytes, Stack size 0 bytes, protocol_router.o(i.Protocol_ModbusMasterActive))
<BR><BR>[Called By]<UL><LI><a href="#[63]">&gt;&gt;</a>&nbsp;&nbsp;&nbsp;main
</UL>

<P><STRONG><a name="[b6]"></a>Protocol_ParseChar</STRONG> (Thumb, 326 bytes, Stack size 288 bytes, general_protocol.o(i.Protocol_ParseChar))
<BR><BR>[Stack]<UL><LI>Max Depth = 1272<LI>Call Chain = Protocol_ParseChar &rArr; Protocol_HandleFrame &rArr; CMD_SYS_READ_INFO_FUNCTION &rArr; Protocol_SendFrame &rArr; BytesToHexStr
</UL>
<BR>[Calls]<UL><LI><a href="#[7e]">&gt;&gt;</a>&nbsp;&nbsp;&nbsp;Protocol_SendFrame
<LI><a href="#[f5]">&gt;&gt;</a>&nbsp;&nbsp;&nbsp;crc16_modbus
<LI><a href="#[f1]">&gt;&gt;</a>&nbsp;&nbsp;&nbsp;Protocol_HandleFrame
<LI><a href="#[b9]">&gt;&gt;</a>&nbsp;&nbsp;&nbsp;HexStrToBytes
</UL>
<BR>[Called By]<UL><LI><a href="#[b5]">&gt;&gt;</a>&nbsp;&nbsp;&nbsp;CustomProtocol_Process
</UL>

<P><STRONG><a name="[f6]"></a>Protocol_Route</STRONG> (Thumb, 112 bytes, Stack size 16 bytes, protocol_router.o(i.Protocol_Route))
<BR><BR>[Stack]<UL><LI>Max Depth = 1360<LI>Call Chain = Protocol_Route &rArr; Modbus_ProcessFrame &rArr; Modbus_ProcessASCIIFrame &rArr; Modbus_DispatchPDU &rArr; Modbus_ApplyCoils &rArr; bsp_sdio_file_append_text &rArr; sd_make_parent_dirs &rArr; f_mkdir &rArr; follow_path &rArr; dir_find &rArr; dir_next &rArr; create_chain &rArr; put_fat &rArr; move_window &rArr; disk_write &rArr; sd_multiblocks_write &rArr; dma_transfer_config &rArr; dma_multi_data_mode_init
</UL>
<BR>[Calls]<UL><LI><a href="#[e0]">&gt;&gt;</a>&nbsp;&nbsp;&nbsp;Modbus_ProcessRTUFrame
<LI><a href="#[df]">&gt;&gt;</a>&nbsp;&nbsp;&nbsp;Modbus_ProcessFrame
<LI><a href="#[dc]">&gt;&gt;</a>&nbsp;&nbsp;&nbsp;Modbus_ProcessASCIIFrame
<LI><a href="#[b5]">&gt;&gt;</a>&nbsp;&nbsp;&nbsp;CustomProtocol_Process
</UL>
<BR>[Called By]<UL><LI><a href="#[63]">&gt;&gt;</a>&nbsp;&nbsp;&nbsp;main
</UL>

<P><STRONG><a name="[7e]"></a>Protocol_SendFrame</STRONG> (Thumb, 208 bytes, Stack size 808 bytes, general_protocol.o(i.Protocol_SendFrame))
<BR><BR>[Stack]<UL><LI>Max Depth = 848<LI>Call Chain = Protocol_SendFrame &rArr; BytesToHexStr
</UL>
<BR>[Calls]<UL><LI><a href="#[91]">&gt;&gt;</a>&nbsp;&nbsp;&nbsp;bsp_rs485_send_data
<LI><a href="#[f5]">&gt;&gt;</a>&nbsp;&nbsp;&nbsp;crc16_modbus
<LI><a href="#[7a]">&gt;&gt;</a>&nbsp;&nbsp;&nbsp;BytesToHexStr
<LI><a href="#[e2]">&gt;&gt;</a>&nbsp;&nbsp;&nbsp;__aeabi_memcpy
</UL>
<BR>[Called By]<UL><LI><a href="#[1f0]">&gt;&gt;</a>&nbsp;&nbsp;&nbsp;report_auto_data_task
<LI><a href="#[63]">&gt;&gt;</a>&nbsp;&nbsp;&nbsp;main
<LI><a href="#[b6]">&gt;&gt;</a>&nbsp;&nbsp;&nbsp;Protocol_ParseChar
<LI><a href="#[f1]">&gt;&gt;</a>&nbsp;&nbsp;&nbsp;Protocol_HandleFrame
<LI><a href="#[b3]">&gt;&gt;</a>&nbsp;&nbsp;&nbsp;CMD_SYS_SET_TIME_FUNCTION
<LI><a href="#[b1]">&gt;&gt;</a>&nbsp;&nbsp;&nbsp;CMD_SYS_SET_ID_FUNCTION
<LI><a href="#[ae]">&gt;&gt;</a>&nbsp;&nbsp;&nbsp;CMD_SYS_SET_BAUDRATE_FUNCTION
<LI><a href="#[ad]">&gt;&gt;</a>&nbsp;&nbsp;&nbsp;CMD_SYS_REBOOT_FUNCTION
[...]
</UL>
<BR>[Calls]<UL><LI><a href="#[20a]">&gt;&gt;</a>&nbsp;&nbsp;&nbsp;sdio_wait_type_set
<LI><a href="#[1fa]">&gt;&gt;</a>&nbsp;&nbsp;&nbsp;sdio_response_get
<LI><a href="#[20b]">&gt;&gt;</a>&nbsp;&nbsp;&nbsp;sdio_csm_enable
<LI><a href="#[209]">&gt;&gt;</a>&nbsp;&nbsp;&nbsp;sdio_command_response_config
<LI><a href="#[217]">&gt;&gt;</a>&nbsp;&nbsp;&nbsp;sd_scr_get
<LI><a href="#[1f8]">&gt;&gt;</a>&nbsp;&nbsp;&nbsp;r1_error_check
</UL>
<BR>[Called By]<UL><LI><a href="#[1c3]">&gt;&gt;</a>&nbsp;&nbsp;&nbsp;sd_bus_mode_config
</UL>

<P><STRONG><a name="[212]"></a>sd_card_state_get</STRONG> (Thumb, 166 bytes, Stack size 24 bytes, sdcard.o(i.sd_card_state_get))
<BR><BR>[Stack]<UL><LI>Max Depth = 36<LI>Call Chain = sd_card_state_get &rArr; sdio_command_response_config
</UL>
<BR>[Calls]<UL><LI><a href="#[20a]">&gt;&gt;</a>&nbsp;&nbsp;&nbsp;sdio_wait_type_set
<LI><a href="#[1fa]">&gt;&gt;</a>&nbsp;&nbsp;&nbsp;sdio_response_get
<LI><a href="#[1b0]">&gt;&gt;</a>&nbsp;&nbsp;&nbsp;sdio_flag_clear
<LI><a href="#[20b]">&gt;&gt;</a>&nbsp;&nbsp;&nbsp;sdio_csm_enable
<LI><a href="#[209]">&gt;&gt;</a>&nbsp;&nbsp;&nbsp;sdio_command_response_config
<LI><a href="#[1f9]">&gt;&gt;</a>&nbsp;&nbsp;&nbsp;sdio_command_index_get
<LI><a href="#[1fb]">&gt;&gt;</a>&nbsp;&nbsp;&nbsp;r1_error_type_check
</UL>
<BR>[Called By]<UL><LI><a href="#[1cb]">&gt;&gt;</a>&nbsp;&nbsp;&nbsp;sd_multiblocks_write
<LI><a href="#[1ca]">&gt;&gt;</a>&nbsp;&nbsp;&nbsp;sd_block_write
</UL>

<P><STRONG><a name="[208]"></a>sd_datablocksize_get</STRONG> (Thumb, 24 bytes, Stack size 0 bytes, sdcard.o(i.sd_datablocksize_get))
<BR><BR>[Called By]<UL><LI><a href="#[1cb]">&gt;&gt;</a>&nbsp;&nbsp;&nbsp;sd_multiblocks_write
<LI><a href="#[1c8]">&gt;&gt;</a>&nbsp;&nbsp;&nbsp;sd_multiblocks_read
<LI><a href="#[1ca]">&gt;&gt;</a>&nbsp;&nbsp;&nbsp;sd_block_write
<LI><a href="#[1c7]">&gt;&gt;</a>&nbsp;&nbsp;&nbsp;sd_block_read
</UL>

<P><STRONG><a name="[217]"></a>sd_scr_get</STRONG> (Thumb, 344 bytes, Stack size 32 bytes, sdcard.o(i.sd_scr_get))
<BR><BR>[Stack]<UL><LI>Max Depth = 56<LI>Call Chain = sd_scr_get &rArr; r1_error_check
</UL>
<BR>[Calls]<UL><LI><a href="#[20a]">&gt;&gt;</a>&nbsp;&nbsp;&nbsp;sdio_wait_type_set
<LI><a href="#[1af]">&gt;&gt;</a>&nbsp;&nbsp;&nbsp;sdio_flag_get
<LI><a href="#[1b0]">&gt;&gt;</a>&nbsp;&nbsp;&nbsp;sdio_flag_clear
<LI><a href="#[20c]">&gt;&gt;</a>&nbsp;&nbsp;&nbsp;sdio_dsm_enable
<LI><a href="#[205]">&gt;&gt;</a>&nbsp;&nbsp;&nbsp;sdio_data_transfer_config
<LI><a href="#[20d]">&gt;&gt;</a>&nbsp;&nbsp;&nbsp;sdio_data_read
<LI><a href="#[204]">&gt;&gt;</a>&nbsp;&nbsp;&nbsp;sdio_data_config
<LI><a href="#[20b]">&gt;&gt;</a>&nbsp;&nbsp;&nbsp;sdio_csm_enable
<LI><a href="#[209]">&gt;&gt;</a>&nbsp;&nbsp;&nbsp;sdio_command_response_config
<LI><a href="#[1f8]">&gt;&gt;</a>&nbsp;&nbsp;&nbsp;r1_error_check
</UL>
<BR>[Called By]<UL><LI><a href="#[213]">&gt;&gt;</a>&nbsp;&nbsp;&nbsp;sd_bus_width_config
</UL>

<P><STRONG><a name="[186]"></a>bsp_log_read_base</STRONG> (Thumb, 50 bytes, Stack size 24 bytes, log_recording_function.o(i.bsp_log_read_base))
<BR><BR>[Stack]<UL><LI>Max Depth = 64<LI>Call Chain = bsp_log_read_base &rArr; bsp_flash_buffer_read &rArr; bsp_flash_spi_start_read_in_sequence &rArr; bsp_flash_spi_send_byte
</UL>
<BR>[Calls]<UL><LI><a href="#[e7]">&gt;&gt;</a>&nbsp;&nbsp;&nbsp;bsp_flash_buffer_read
<LI><a href="#[e5]">&gt;&gt;</a>&nbsp;&nbsp;&nbsp;bsp_log_get_count
</UL>
<BR>[Called By]<UL><LI><a href="#[80]">&gt;&gt;</a>&nbsp;&nbsp;&nbsp;bsp_log_query_handler
</UL>

<P><STRONG><a name="[187]"></a>bsp_log_write_base</STRONG> (Thumb, 86 bytes, Stack size 80 bytes, log_recording_function.o(i.bsp_log_write_base))
<BR><BR>[Stack]<UL><LI>Max Depth = 160<LI>Call Chain = bsp_log_write_base &rArr; bsp_flash_buffer_write &rArr; bsp_flash_page_write &rArr; bsp_flash_spi_write_enable &rArr; bsp_flash_spi_send_byte
</UL>
<BR>[Calls]<UL><LI><a href="#[173]">&gt;&gt;</a>&nbsp;&nbsp;&nbsp;bsp_flash_buffer_write
<LI><a href="#[8c]">&gt;&gt;</a>&nbsp;&nbsp;&nbsp;bsp_rtc_get_unix_timestamp
<LI><a href="#[7d]">&gt;&gt;</a>&nbsp;&nbsp;&nbsp;bsp_log_clear_all
<LI><a href="#[189]">&gt;&gt;</a>&nbsp;&nbsp;&nbsp;strncpy
<LI><a href="#[6b]">&gt;&gt;</a>&nbsp;&nbsp;&nbsp;__aeabi_memset
</UL>
<BR>[Called By]<UL><LI><a href="#[183]">&gt;&gt;</a>&nbsp;&nbsp;&nbsp;bsp_log_record_alarm
<LI><a href="#[188]">&gt;&gt;</a>&nbsp;&nbsp;&nbsp;bsp_log_record_only
</UL>

<P><STRONG><a name="[1f6]"></a>param_baud_is_valid</STRONG> (Thumb, 34 bytes, Stack size 0 bytes, param_handle.o(i.param_baud_is_valid))
<BR><BR>[Called By]<UL><LI><a href="#[1eb]">&gt;&gt;</a>&nbsp;&nbsp;&nbsp;param_load
<LI><a href="#[af]">&gt;&gt;</a>&nbsp;&nbsp;&nbsp;param_set_baud
</UL>

<P><STRONG><a name="[1f5]"></a>param_float_is_finite</STRONG> (Thumb, 24 bytes, Stack size 8 bytes, param_handle.o(i.param_float_is_finite))
<BR><BR>[Stack]<UL><LI>Max Depth = 8<LI>Call Chain = param_float_is_finite
</UL>
<BR>[Called By]<UL><LI><a href="#[1eb]">&gt;&gt;</a>&nbsp;&nbsp;&nbsp;param_load
</UL>

<P><STRONG><a name="[1f4]"></a>param_index_map</STRONG> (Thumb, 38 bytes, Stack size 0 bytes, param_handle.o(i.param_index_map))
<BR><BR>[Called By]<UL><LI><a href="#[1ed]">&gt;&gt;</a>&nbsp;&nbsp;&nbsp;param_get_float
<LI><a href="#[87]">&gt;&gt;</a>&nbsp;&nbsp;&nbsp;param_set_float
</UL>

<P><STRONG><a name="[1f7]"></a>param_save</STRONG> (Thumb, 26 bytes, Stack size 8 bytes, param_handle.o(i.param_save))
<BR><BR>[Stack]<UL><LI>Max Depth = 88<LI>Call Chain = param_save &rArr; bsp_flash_buffer_write &rArr; bsp_flash_page_write &rArr; bsp_flash_spi_write_enable &rArr; bsp_flash_spi_send_byte
</UL>
<BR>[Calls]<UL><LI><a href="#[178]">&gt;&gt;</a>&nbsp;&nbsp;&nbsp;bsp_flash_sector_erase
<LI><a href="#[173]">&gt;&gt;</a>&nbsp;&nbsp;&nbsp;bsp_flash_buffer_write
</UL>
<BR>[Called By]<UL><LI><a href="#[1eb]">&gt;&gt;</a>&nbsp;&nbsp;&nbsp;param_load
<LI><a href="#[c7]">&gt;&gt;</a>&nbsp;&nbsp;&nbsp;param_set_mb_addr
<LI><a href="#[b2]">&gt;&gt;</a>&nbsp;&nbsp;&nbsp;param_set_id
<LI><a href="#[87]">&gt;&gt;</a>&nbsp;&nbsp;&nbsp;param_set_float
<LI><a href="#[af]">&gt;&gt;</a>&nbsp;&nbsp;&nbsp;param_set_baud
<LI><a href="#[a5]">&gt;&gt;</a>&nbsp;&nbsp;&nbsp;param_restore_defaults
</UL>

<P><STRONG><a name="[e6]"></a>baud_to_code</STRONG> (Thumb, 48 bytes, Stack size 0 bytes, modbus_data_map.o(i.baud_to_code))
<BR><BR>[Called By]<UL><LI><a href="#[cc]">&gt;&gt;</a>&nbsp;&nbsp;&nbsp;Modbus_SyncRegsFromDevice
</UL>

<P><STRONG><a name="[c8]"></a>code_to_baud</STRONG> (Thumb, 48 bytes, Stack size 0 bytes, modbus_data_map.o(i.code_to_baud))
<BR><BR>[Called By]<UL><LI><a href="#[c3]">&gt;&gt;</a>&nbsp;&nbsp;&nbsp;Modbus_ApplyHoldingRegs
</UL>

<P><STRONG><a name="[c5]"></a>float_changed</STRONG> (Thumb, 26 bytes, Stack size 12 bytes, modbus_data_map.o(i.float_changed))
<BR><BR>[Stack]<UL><LI>Max Depth = 12<LI>Call Chain = float_changed
</UL>
<BR>[Called By]<UL><LI><a href="#[c3]">&gt;&gt;</a>&nbsp;&nbsp;&nbsp;Modbus_ApplyHoldingRegs
</UL>

<P><STRONG><a name="[c4]"></a>reg_read_float</STRONG> (Thumb, 22 bytes, Stack size 16 bytes, modbus_data_map.o(i.reg_read_float))
<BR><BR>[Stack]<UL><LI>Max Depth = 24<LI>Call Chain = reg_read_float &rArr; reg_read_u32
</UL>
<BR>[Calls]<UL><LI><a href="#[c9]">&gt;&gt;</a>&nbsp;&nbsp;&nbsp;reg_read_u32
</UL>
<BR>[Called By]<UL><LI><a href="#[c3]">&gt;&gt;</a>&nbsp;&nbsp;&nbsp;Modbus_ApplyHoldingRegs
</UL>

<P><STRONG><a name="[c9]"></a>reg_read_u32</STRONG> (Thumb, 20 bytes, Stack size 8 bytes, modbus_data_map.o(i.reg_read_u32))
<BR><BR>[Stack]<UL><LI>Max Depth = 8<LI>Call Chain = reg_read_u32
</UL>
<BR>[Called By]<UL><LI><a href="#[c3]">&gt;&gt;</a>&nbsp;&nbsp;&nbsp;Modbus_ApplyHoldingRegs
<LI><a href="#[c4]">&gt;&gt;</a>&nbsp;&nbsp;&nbsp;reg_read_float
</UL>

<P><STRONG><a name="[e3]"></a>reg_write_float</STRONG> (Thumb, 38 bytes, Stack size 24 bytes, modbus_data_map.o(i.reg_write_float))
<BR><BR>[Stack]<UL><LI>Max Depth = 36<LI>Call Chain = reg_write_float &rArr; reg_write_u32
</UL>
<BR>[Calls]<UL><LI><a href="#[ca]">&gt;&gt;</a>&nbsp;&nbsp;&nbsp;reg_write_u32
</UL>
<BR>[Called By]<UL><LI><a href="#[cc]">&gt;&gt;</a>&nbsp;&nbsp;&nbsp;Modbus_SyncRegsFromDevice
</UL>

<P><STRONG><a name="[e4]"></a>reg_write_scaled</STRONG> (Thumb, 70 bytes, Stack size 0 bytes, modbus_data_map.o(i.reg_write_scaled))
<BR><BR>[Called By]<UL><LI><a href="#[cc]">&gt;&gt;</a>&nbsp;&nbsp;&nbsp;Modbus_SyncRegsFromDevice
</UL>

<P><STRONG><a name="[e8]"></a>reg_write_text</STRONG> (Thumb, 88 bytes, Stack size 32 bytes, modbus_data_map.o(i.reg_write_text))
<BR><BR>[Stack]<UL><LI>Max Depth = 32<LI>Call Chain = reg_write_text
</UL>
<BR>[Calls]<UL><LI><a href="#[184]">&gt;&gt;</a>&nbsp;&nbsp;&nbsp;strlen
</UL>
<BR>[Called By]<UL><LI><a href="#[cc]">&gt;&gt;</a>&nbsp;&nbsp;&nbsp;Modbus_SyncRegsFromDevice
</UL>

<P><STRONG><a name="[ca]"></a>reg_write_u32</STRONG> (Thumb, 18 bytes, Stack size 12 bytes, modbus_data_map.o(i.reg_write_u32))
<BR><BR>[Stack]<UL><LI>Max Depth = 12<LI>Call Chain = reg_write_u32
</UL>
<BR>[Called By]<UL><LI><a href="#[cc]">&gt;&gt;</a>&nbsp;&nbsp;&nbsp;Modbus_SyncRegsFromDevice
<LI><a href="#[c3]">&gt;&gt;</a>&nbsp;&nbsp;&nbsp;Modbus_ApplyHoldingRegs
<LI><a href="#[e3]">&gt;&gt;</a>&nbsp;&nbsp;&nbsp;reg_write_float
</UL>

<P><STRONG><a name="[7a]"></a>BytesToHexStr</STRONG> (Thumb, 66 bytes, Stack size 40 bytes, general_protocol.o(i.BytesToHexStr))
<BR><BR>[Stack]<UL><LI>Max Depth = 40<LI>Call Chain = BytesToHexStr
</UL>
<BR>[Calls]<UL><LI><a href="#[7b]">&gt;&gt;</a>&nbsp;&nbsp;&nbsp;__aeabi_memcpy4
</UL>
<BR>[Called By]<UL><LI><a href="#[7e]">&gt;&gt;</a>&nbsp;&nbsp;&nbsp;Protocol_SendFrame
</UL>

<P><STRONG><a name="[ba]"></a>CharToHex</STRONG> (Thumb, 54 bytes, Stack size 0 bytes, general_protocol.o(i.CharToHex))
<BR><BR>[Called By]<UL><LI><a href="#[b9]">&gt;&gt;</a>&nbsp;&nbsp;&nbsp;HexStrToBytes
</UL>

<P><STRONG><a name="[b9]"></a>HexStrToBytes</STRONG> (Thumb, 108 bytes, Stack size 32 bytes, general_protocol.o(i.HexStrToBytes))
<BR><BR>[Stack]<UL><LI>Max Depth = 32<LI>Call Chain = HexStrToBytes
</UL>
<BR>[Calls]<UL><LI><a href="#[ba]">&gt;&gt;</a>&nbsp;&nbsp;&nbsp;CharToHex
</UL>
<BR>[Called By]<UL><LI><a href="#[b6]">&gt;&gt;</a>&nbsp;&nbsp;&nbsp;Protocol_ParseChar
</UL>

<P><STRONG><a name="[dd]"></a>AsciiHexCharToVal</STRONG> (Thumb, 54 bytes, Stack size 0 bytes, protocol_router.o(i.AsciiHexCharToVal))
<BR><BR>[Called By]<UL><LI><a href="#[dc]">&gt;&gt;</a>&nbsp;&nbsp;&nbsp;Modbus_ProcessASCIIFrame
</UL>

<P><STRONG><a name="[b5]"></a>CustomProtocol_Process</STRONG> (Thumb, 32 bytes, Stack size 16 bytes, protocol_router.o(i.CustomProtocol_Process))
<BR><BR>[Stack]<UL><LI>Max Depth = 1288<LI>Call Chain = CustomProtocol_Process &rArr; Protocol_ParseChar &rArr; Protocol_HandleFrame &rArr; CMD_SYS_READ_INFO_FUNCTION &rArr; Protocol_SendFrame &rArr; BytesToHexStr
</UL>
<BR>[Calls]<UL><LI><a href="#[b6]">&gt;&gt;</a>&nbsp;&nbsp;&nbsp;Protocol_ParseChar
</UL>
<BR>[Called By]<UL><LI><a href="#[f6]">&gt;&gt;</a>&nbsp;&nbsp;&nbsp;Protocol_Route
</UL>

<P><STRONG><a name="[de]"></a>Modbus_CalcLRC</STRONG> (Thumb, 32 bytes, Stack size 8 bytes, protocol_router.o(i.Modbus_CalcLRC))
<BR><BR>[Stack]<UL><LI>Max Depth = 8<LI>Call Chain = Modbus_CalcLRC
</UL>
<BR>[Called By]<UL><LI><a href="#[dc]">&gt;&gt;</a>&nbsp;&nbsp;&nbsp;Modbus_ProcessASCIIFrame
</UL>

<P><STRONG><a name="[cb]"></a>Modbus_DispatchPDU</STRONG> (Thumb, 354 bytes, Stack size 32 bytes, protocol_router.o(i.Modbus_DispatchPDU))
<BR><BR>[Stack]<UL><LI>Max Depth = 1256<LI>Call Chain = Modbus_DispatchPDU &rArr; Modbus_ApplyCoils &rArr; bsp_sdio_file_append_text &rArr; sd_make_parent_dirs &rArr; f_mkdir &rArr; follow_path &rArr; dir_find &rArr; dir_next &rArr; create_chain &rArr; put_fat &rArr; move_window &rArr; disk_write &rArr; sd_multiblocks_write &rArr; dma_transfer_config &rArr; dma_multi_data_mode_init
</UL>
<BR>[Calls]<UL><LI><a href="#[d8]">&gt;&gt;</a>&nbsp;&nbsp;&nbsp;eMBSetSlaveID
<LI><a href="#[d4]">&gt;&gt;</a>&nbsp;&nbsp;&nbsp;eMBFuncWriteMultipleHoldingRegister
<LI><a href="#[d3]">&gt;&gt;</a>&nbsp;&nbsp;&nbsp;eMBFuncWriteMultipleCoils
<LI><a href="#[d2]">&gt;&gt;</a>&nbsp;&nbsp;&nbsp;eMBFuncWriteHoldingRegister
<LI><a href="#[d1]">&gt;&gt;</a>&nbsp;&nbsp;&nbsp;eMBFuncWriteCoil
<LI><a href="#[d9]">&gt;&gt;</a>&nbsp;&nbsp;&nbsp;eMBFuncReportSlaveID
<LI><a href="#[d5]">&gt;&gt;</a>&nbsp;&nbsp;&nbsp;eMBFuncReadWriteMultipleHoldingRegister
<LI><a href="#[d0]">&gt;&gt;</a>&nbsp;&nbsp;&nbsp;eMBFuncReadInputRegister
<LI><a href="#[cf]">&gt;&gt;</a>&nbsp;&nbsp;&nbsp;eMBFuncReadHoldingRegister
<LI><a href="#[ce]">&gt;&gt;</a>&nbsp;&nbsp;&nbsp;eMBFuncReadDiscreteInputs
<LI><a href="#[cd]">&gt;&gt;</a>&nbsp;&nbsp;&nbsp;eMBFuncReadCoils
<LI><a href="#[d6]">&gt;&gt;</a>&nbsp;&nbsp;&nbsp;Modbus_FuncReadExceptionStatus
<LI><a href="#[d7]">&gt;&gt;</a>&nbsp;&nbsp;&nbsp;Modbus_FuncDiagnostic
<LI><a href="#[cc]">&gt;&gt;</a>&nbsp;&nbsp;&nbsp;Modbus_SyncRegsFromDevice
<LI><a href="#[c3]">&gt;&gt;</a>&nbsp;&nbsp;&nbsp;Modbus_ApplyHoldingRegs
<LI><a href="#[c0]">&gt;&gt;</a>&nbsp;&nbsp;&nbsp;Modbus_ApplyCoils
</UL>
<BR>[Called By]<UL><LI><a href="#[e0]">&gt;&gt;</a>&nbsp;&nbsp;&nbsp;Modbus_ProcessRTUFrame
<LI><a href="#[dc]">&gt;&gt;</a>&nbsp;&nbsp;&nbsp;Modbus_ProcessASCIIFrame
</UL>

<P><STRONG><a name="[d7]"></a>Modbus_FuncDiagnostic</STRONG> (Thumb, 38 bytes, Stack size 8 bytes, protocol_router.o(i.Modbus_FuncDiagnostic))
<BR><BR>[Stack]<UL><LI>Max Depth = 8<LI>Call Chain = Modbus_FuncDiagnostic
</UL>
<BR>[Called By]<UL><LI><a href="#[cb]">&gt;&gt;</a>&nbsp;&nbsp;&nbsp;Modbus_DispatchPDU
</UL>

<P><STRONG><a name="[d6]"></a>Modbus_FuncReadExceptionStatus</STRONG> (Thumb, 30 bytes, Stack size 16 bytes, protocol_router.o(i.Modbus_FuncReadExceptionStatus))
<BR><BR>[Stack]<UL><LI>Max Depth = 16<LI>Call Chain = Modbus_FuncReadExceptionStatus
</UL>
<BR>[Calls]<UL><LI><a href="#[db]">&gt;&gt;</a>&nbsp;&nbsp;&nbsp;Modbus_GetExceptionStatus
</UL>
<BR>[Called By]<UL><LI><a href="#[cb]">&gt;&gt;</a>&nbsp;&nbsp;&nbsp;Modbus_DispatchPDU
</UL>

<P><STRONG><a name="[dc]"></a>Modbus_ProcessASCIIFrame</STRONG> (Thumb, 360 bytes, Stack size 72 bytes, protocol_router.o(i.Modbus_ProcessASCIIFrame))
<BR><BR>[Stack]<UL><LI>Max Depth = 1328<LI>Call Chain = Modbus_ProcessASCIIFrame &rArr; Modbus_DispatchPDU &rArr; Modbus_ApplyCoils &rArr; bsp_sdio_file_append_text &rArr; sd_make_parent_dirs &rArr; f_mkdir &rArr; follow_path &rArr; dir_find &rArr; dir_next &rArr; create_chain &rArr; put_fat &rArr; move_window &rArr; disk_write &rArr; sd_multiblocks_write &rArr; dma_transfer_config &rArr; dma_multi_data_mode_init
</UL>
<BR>[Calls]<UL><LI><a href="#[91]">&gt;&gt;</a>&nbsp;&nbsp;&nbsp;bsp_rs485_send_data
<LI><a href="#[cb]">&gt;&gt;</a>&nbsp;&nbsp;&nbsp;Modbus_DispatchPDU
<LI><a href="#[de]">&gt;&gt;</a>&nbsp;&nbsp;&nbsp;Modbus_CalcLRC
<LI><a href="#[dd]">&gt;&gt;</a>&nbsp;&nbsp;&nbsp;AsciiHexCharToVal
<LI><a href="#[da]">&gt;&gt;</a>&nbsp;&nbsp;&nbsp;Modbus_ExecPendingActions
<LI><a href="#[7b]">&gt;&gt;</a>&nbsp;&nbsp;&nbsp;__aeabi_memcpy4
</UL>
<BR>[Called By]<UL><LI><a href="#[f6]">&gt;&gt;</a>&nbsp;&nbsp;&nbsp;Protocol_Route
<LI><a href="#[df]">&gt;&gt;</a>&nbsp;&nbsp;&nbsp;Modbus_ProcessFrame
</UL>

<P><STRONG><a name="[df]"></a>Modbus_ProcessFrame</STRONG> (Thumb, 52 bytes, Stack size 16 bytes, protocol_router.o(i.Modbus_ProcessFrame))
<BR><BR>[Stack]<UL><LI>Max Depth = 1344<LI>Call Chain = Modbus_ProcessFrame &rArr; Modbus_ProcessASCIIFrame &rArr; Modbus_DispatchPDU &rArr; Modbus_ApplyCoils &rArr; bsp_sdio_file_append_text &rArr; sd_make_parent_dirs &rArr; f_mkdir &rArr; follow_path &rArr; dir_find &rArr; dir_next &rArr; create_chain &rArr; put_fat &rArr; move_window &rArr; disk_write &rArr; sd_multiblocks_write &rArr; dma_transfer_config &rArr; dma_multi_data_mode_init
</UL>
<BR>[Calls]<UL><LI><a href="#[e0]">&gt;&gt;</a>&nbsp;&nbsp;&nbsp;Modbus_ProcessRTUFrame
<LI><a href="#[dc]">&gt;&gt;</a>&nbsp;&nbsp;&nbsp;Modbus_ProcessASCIIFrame
</UL>
<BR>[Called By]<UL><LI><a href="#[f6]">&gt;&gt;</a>&nbsp;&nbsp;&nbsp;Protocol_Route
</UL>

<P><STRONG><a name="[e0]"></a>Modbus_ProcessRTUFrame</STRONG> (Thumb, 156 bytes, Stack size 32 bytes, protocol_router.o(i.Modbus_ProcessRTUFrame))
<BR><BR>[Stack]<UL><LI>Max Depth = 1288<LI>Call Chain = Modbus_ProcessRTUFrame &rArr; Modbus_DispatchPDU &rArr; Modbus_ApplyCoils &rArr; bsp_sdio_file_append_text &rArr; sd_make_parent_dirs &rArr; f_mkdir &rArr; follow_path &rArr; dir_find &rArr; dir_next &rArr; create_chain &rArr; put_fat &rArr; move_window &rArr; disk_write &rArr; sd_multiblocks_write &rArr; dma_transfer_config &rArr; dma_multi_data_mode_init
</UL>
<BR>[Calls]<UL><LI><a href="#[91]">&gt;&gt;</a>&nbsp;&nbsp;&nbsp;bsp_rs485_send_data
<LI><a href="#[e1]">&gt;&gt;</a>&nbsp;&nbsp;&nbsp;usMBCRC16
<LI><a href="#[cb]">&gt;&gt;</a>&nbsp;&nbsp;&nbsp;Modbus_DispatchPDU
<LI><a href="#[da]">&gt;&gt;</a>&nbsp;&nbsp;&nbsp;Modbus_ExecPendingActions
<LI><a href="#[e2]">&gt;&gt;</a>&nbsp;&nbsp;&nbsp;__aeabi_memcpy
</UL>
<BR>[Called By]<UL><LI><a href="#[f6]">&gt;&gt;</a>&nbsp;&nbsp;&nbsp;Protocol_Route
<LI><a href="#[df]">&gt;&gt;</a>&nbsp;&nbsp;&nbsp;Modbus_ProcessFrame
</UL>

<P><STRONG><a name="[1d6]"></a>mb_reg_index</STRONG> (Thumb, 36 bytes, Stack size 12 bytes, port.o(i.mb_reg_index))
<BR><BR>[Stack]<UL><LI>Max Depth = 12<LI>Call Chain = mb_reg_index
</UL>
<BR>[Called By]<UL><LI><a href="#[1d5]">&gt;&gt;</a>&nbsp;&nbsp;&nbsp;eMBRegInputCB
<LI><a href="#[1d4]">&gt;&gt;</a>&nbsp;&nbsp;&nbsp;eMBRegHoldingCB
<LI><a href="#[1d3]">&gt;&gt;</a>&nbsp;&nbsp;&nbsp;eMBRegDiscreteCB
<LI><a href="#[1d1]">&gt;&gt;</a>&nbsp;&nbsp;&nbsp;eMBRegCoilsCB
</UL>

<P><STRONG><a name="[118]"></a>_fp_digits</STRONG> (Thumb, 366 bytes, Stack size 64 bytes, printfa.o(i._fp_digits), UNUSED)
<BR><BR>[Calls]<UL><LI><a href="#[6d]">&gt;&gt;</a>&nbsp;&nbsp;&nbsp;__aeabi_uldivmod
<LI><a href="#[76]">&gt;&gt;</a>&nbsp;&nbsp;&nbsp;__aeabi_dmul
<LI><a href="#[77]">&gt;&gt;</a>&nbsp;&nbsp;&nbsp;__aeabi_ddiv
<LI><a href="#[70]">&gt;&gt;</a>&nbsp;&nbsp;&nbsp;__aeabi_dadd
<LI><a href="#[78]">&gt;&gt;</a>&nbsp;&nbsp;&nbsp;__aeabi_d2ulz
<LI><a href="#[119]">&gt;&gt;</a>&nbsp;&nbsp;&nbsp;__aeabi_cdrcmple
</UL>
<BR>[Called By]<UL><LI><a href="#[115]">&gt;&gt;</a>&nbsp;&nbsp;&nbsp;_printf_core
</UL>

<P><STRONG><a name="[115]"></a>_printf_core</STRONG> (Thumb, 1704 bytes, Stack size 136 bytes, printfa.o(i._printf_core), UNUSED)
<BR><BR>[Calls]<UL><LI><a href="#[6d]">&gt;&gt;</a>&nbsp;&nbsp;&nbsp;__aeabi_uldivmod
<LI><a href="#[11c]">&gt;&gt;</a>&nbsp;&nbsp;&nbsp;__aeabi_uidivmod
<LI><a href="#[11a]">&gt;&gt;</a>&nbsp;&nbsp;&nbsp;_printf_pre_padding
<LI><a href="#[11b]">&gt;&gt;</a>&nbsp;&nbsp;&nbsp;_printf_post_padding
<LI><a href="#[118]">&gt;&gt;</a>&nbsp;&nbsp;&nbsp;_fp_digits
</UL>
<BR>[Called By]<UL><LI><a href="#[117]">&gt;&gt;</a>&nbsp;&nbsp;&nbsp;__0vsnprintf
<LI><a href="#[116]">&gt;&gt;</a>&nbsp;&nbsp;&nbsp;__0snprintf
<LI><a href="#[114]">&gt;&gt;</a>&nbsp;&nbsp;&nbsp;__0printf
</UL>

<P><STRONG><a name="[11b]"></a>_printf_post_padding</STRONG> (Thumb, 36 bytes, Stack size 24 bytes, printfa.o(i._printf_post_padding), UNUSED)
<BR><BR>[Called By]<UL><LI><a href="#[115]">&gt;&gt;</a>&nbsp;&nbsp;&nbsp;_printf_core
</UL>

<P><STRONG><a name="[11a]"></a>_printf_pre_padding</STRONG> (Thumb, 46 bytes, Stack size 24 bytes, printfa.o(i._printf_pre_padding), UNUSED)
<BR><BR>[Called By]<UL><LI><a href="#[115]">&gt;&gt;</a>&nbsp;&nbsp;&nbsp;_printf_core
</UL>

<P><STRONG><a name="[67]"></a>_snputc</STRONG> (Thumb, 22 bytes, Stack size 0 bytes, printfa.o(i._snputc))
<BR>[Address Reference Count : 2]<UL><LI> printfa.o(i.__0snprintf)
<LI> printfa.o(i.__0vsnprintf)
</UL><P>
<H3>
Undefined Global Symbols
</H3><HR></body></html>
