<html>
<body>
<pre>
<h1>礦ision Build Log</h1>
<h2>Tool Versions:</h2>
IDE-Version: μVision V5.43.1.0
Copyright (C) 2025 ARM Ltd and ARM Germany GmbH. All rights reserved.
License Information: 1 ganzhen, 1, LIC=FYKYW-Q7XCW-EVX1R-KP36Q-BIKF6-515QV
 
Tool Versions:
Toolchain:       MDK-ARM Plus  Version: 5.43.0.0
Toolchain Path:  D:\apps\Keil\Local\Keil_v5\ARM\ARMCC\Bin
C Compiler:      Armcc.exe V5.06 update 7 (build 960)
Assembler:       Armasm.exe V5.06 update 7 (build 960)
Linker/Locator:  ArmLink.exe V5.06 update 7 (build 960)
Library Manager: ArmAr.exe V5.06 update 7 (build 960)
Hex Converter:   FromElf.exe V5.06 update 7 (build 960)
CPU DLL:         SARMCM3.DLL V5.43.0.0
Dialog DLL:      DCM.DLL V1.17.5.0
Target DLL:      CMSIS_AGDI.dll V1.33.24.0
Dialog DLL:      TCM.DLL V1.56.6.0
 
<h2>Project:</h2>
E:\Project\西门子嵌入式工程\比赛工程\APP(AI神力)\APP\Project\test.uvprojx
Project File Date:  08/07/2026

<h2>Output:</h2>
*** Using Compiler 'V5.06 update 7 (build 960)', folder: 'D:\apps\Keil\Local\Keil_v5\ARM\ARMCC\Bin'
Rebuild target 'Target_1'
assembling startup_gd32f450_470.s...
compiling system_gd32f4xx.c...
compiling gd32f4xx_fmc.c...
compiling gd32f4xx_ctc.c...
compiling gd32f4xx_fwdgt.c...
compiling gd32f4xx_crc.c...
compiling gd32f4xx_dac.c...
compiling gd32f4xx_enet.c...
compiling gd32f4xx_ipa.c...
compiling gd32f4xx_exmc.c...
compiling gd32f4xx_dci.c...
compiling gd32f4xx_exti.c...
compiling gd32f4xx_misc.c...
compiling gd32f4xx_i2c.c...
compiling gd32f4xx_gpio.c...
compiling gd32f4xx_dbg.c...
compiling gd32f4xx_iref.c...
compiling gd32f4xx_pmu.c...
compiling gd32f4xx_rcu.c...
compiling gd32f4xx_rtc.c...
compiling gd32f4xx_adc.c...
compiling gd32f4xx_can.c...
compiling gd32f4xx_dma.c...
compiling gd32f4xx_sdio.c...
compiling gd32f4xx_syscfg.c...
compiling gd32f4xx_spi.c...
compiling gd32f4xx_tli.c...
compiling gd32f4xx_trng.c...
compiling gd32f4xx_wwdgt.c...
compiling gd32f4xx_timer.c...
compiling gd32f4xx_usart.c...
compiling bsp_ADC.c...
compiling bsp_dac.c...
compiling bsp_debug.c...
compiling bsp_flash.c...
compiling bsp_led.c...
compiling bsp_GD30AD3344.c...
compiling bsp_rs485.c...
compiling bsp_oled.c...
compiling bsp_rtc.c...
compiling bsp_sys.c...
compiling bsp_general_timer.c...
compiling bsp_wkp.c...
compiling ff.c...
compiling appupgrade_usart.c...
compiling BootConfig.c...
compiling rom.c...
compiling systick.c...
compiling bsp_key.c...
compiling gd32f4xx_it.c...
compiling bsp_sdio.c...
compiling main.c...
compiling diskio.c...
compiling mbfunccoils.c...
compiling mbfuncdiag.c...
compiling mbfuncdisc.c...
compiling mbfuncholding.c...
compiling mbfuncinput.c...
compiling sdcard.c...
compiling mbfuncother.c...
compiling mbutils.c...
compiling mbcrc.c...
compiling param_handle.c...
compiling Function.c...
compiling Log_recording_function.c...
compiling bootloader.c...
compiling app_upgrade.c...
compiling modbus_data_map.c...
compiling General_Protocol.c...
compiling Protocol_Router.c...
compiling port.c...
linking...
Program Size: Code=48846 RO-data=4078 RW-data=520 ZI-data=60128  
FromELF: creating hex file...
".\Objects\test.axf" - 0 Error(s), 0 Warning(s).

<h2>Software Packages used:</h2>

Package Vendor: ARM
                https://www.keil.com/pack/ARM.CMSIS.6.3.0.pack
                ARM::CMSIS@6.3.0
                CMSIS (Common Microcontroller Software Interface Standard)
   * Component: CORE Version: 6.2.0

Package Vendor: GigaDevice
                https://gd32mcu.com/data/documents/pack/GigaDevice.GD32F4xx_DFP.3.0.3.pack
                GigaDevice::GD32F4xx_DFP@3.0.3
                GigaDevice GD32F4xx Series Device Support and Examples

<h2>Collection of Component include folders:</h2>
  ./RTE/_Target_1
  D:/apps/Keil/Local/Arm/Packs/ARM/CMSIS/6.3.0/CMSIS/Core/Include
  D:/apps/Keil/Local/Arm/Packs/GigaDevice/GD32F4xx_DFP/3.0.3/Device/F4XX/Include

<h2>Collection of Component Files used:</h2>

   * Component: ARM::CMSIS:CORE@6.2.0
Build Time Elapsed:  00:00:03
</pre>
</body>
</html>
